Archive member included to satisfy reference by file (symbol)

C:/ST/STM32CubeIDE_1.16.0/STM32CubeIDE/plugins/com.st.stm32cube.ide.mcu.externaltools.gnu-tools-for-stm32.12.3.rel1.win32_1.0.200.202406191623/tools/bin/../lib/gcc/arm-none-eabi/12.3.1/../../../../arm-none-eabi/lib/thumb/v8-m.main+fp/hard\libc_nano.a(libc_a-exit.o)
                              C:/ST/STM32CubeIDE_1.16.0/STM32CubeIDE/plugins/com.st.stm32cube.ide.mcu.externaltools.gnu-tools-for-stm32.12.3.rel1.win32_1.0.200.202406191623/tools/bin/../lib/gcc/arm-none-eabi/12.3.1/../../../../arm-none-eabi/lib/thumb/v8-m.main+fp/hard/crt0.o (exit)
C:/ST/STM32CubeIDE_1.16.0/STM32CubeIDE/plugins/com.st.stm32cube.ide.mcu.externaltools.gnu-tools-for-stm32.12.3.rel1.win32_1.0.200.202406191623/tools/bin/../lib/gcc/arm-none-eabi/12.3.1/../../../../arm-none-eabi/lib/thumb/v8-m.main+fp/hard\libc_nano.a(libc_a-findfp.o)
                              C:/ST/STM32CubeIDE_1.16.0/STM32CubeIDE/plugins/com.st.stm32cube.ide.mcu.externaltools.gnu-tools-for-stm32.12.3.rel1.win32_1.0.200.202406191623/tools/bin/../lib/gcc/arm-none-eabi/12.3.1/../../../../arm-none-eabi/lib/thumb/v8-m.main+fp/hard\libc_nano.a(libc_a-exit.o) (__stdio_exit_handler)
C:/ST/STM32CubeIDE_1.16.0/STM32CubeIDE/plugins/com.st.stm32cube.ide.mcu.externaltools.gnu-tools-for-stm32.12.3.rel1.win32_1.0.200.202406191623/tools/bin/../lib/gcc/arm-none-eabi/12.3.1/../../../../arm-none-eabi/lib/thumb/v8-m.main+fp/hard\libc_nano.a(libc_a-fwalk.o)
                              C:/ST/STM32CubeIDE_1.16.0/STM32CubeIDE/plugins/com.st.stm32cube.ide.mcu.externaltools.gnu-tools-for-stm32.12.3.rel1.win32_1.0.200.202406191623/tools/bin/../lib/gcc/arm-none-eabi/12.3.1/../../../../arm-none-eabi/lib/thumb/v8-m.main+fp/hard\libc_nano.a(libc_a-findfp.o) (_fwalk_sglue)
C:/ST/STM32CubeIDE_1.16.0/STM32CubeIDE/plugins/com.st.stm32cube.ide.mcu.externaltools.gnu-tools-for-stm32.12.3.rel1.win32_1.0.200.202406191623/tools/bin/../lib/gcc/arm-none-eabi/12.3.1/../../../../arm-none-eabi/lib/thumb/v8-m.main+fp/hard\libc_nano.a(libc_a-printf.o)
                              ./USB/Core/Src/usbd_core.o (printf)
C:/ST/STM32CubeIDE_1.16.0/STM32CubeIDE/plugins/com.st.stm32cube.ide.mcu.externaltools.gnu-tools-for-stm32.12.3.rel1.win32_1.0.200.202406191623/tools/bin/../lib/gcc/arm-none-eabi/12.3.1/../../../../arm-none-eabi/lib/thumb/v8-m.main+fp/hard\libc_nano.a(libc_a-putchar.o)
                              ./USB/Core/Src/usbd_core.o (putchar)
C:/ST/STM32CubeIDE_1.16.0/STM32CubeIDE/plugins/com.st.stm32cube.ide.mcu.externaltools.gnu-tools-for-stm32.12.3.rel1.win32_1.0.200.202406191623/tools/bin/../lib/gcc/arm-none-eabi/12.3.1/../../../../arm-none-eabi/lib/thumb/v8-m.main+fp/hard\libc_nano.a(libc_a-stdio.o)
                              C:/ST/STM32CubeIDE_1.16.0/STM32CubeIDE/plugins/com.st.stm32cube.ide.mcu.externaltools.gnu-tools-for-stm32.12.3.rel1.win32_1.0.200.202406191623/tools/bin/../lib/gcc/arm-none-eabi/12.3.1/../../../../arm-none-eabi/lib/thumb/v8-m.main+fp/hard\libc_nano.a(libc_a-findfp.o) (__sread)
C:/ST/STM32CubeIDE_1.16.0/STM32CubeIDE/plugins/com.st.stm32cube.ide.mcu.externaltools.gnu-tools-for-stm32.12.3.rel1.win32_1.0.200.202406191623/tools/bin/../lib/gcc/arm-none-eabi/12.3.1/../../../../arm-none-eabi/lib/thumb/v8-m.main+fp/hard\libc_nano.a(libc_a-memset.o)
                              C:/ST/STM32CubeIDE_1.16.0/STM32CubeIDE/plugins/com.st.stm32cube.ide.mcu.externaltools.gnu-tools-for-stm32.12.3.rel1.win32_1.0.200.202406191623/tools/bin/../lib/gcc/arm-none-eabi/12.3.1/../../../../arm-none-eabi/lib/thumb/v8-m.main+fp/hard/crt0.o (memset)
C:/ST/STM32CubeIDE_1.16.0/STM32CubeIDE/plugins/com.st.stm32cube.ide.mcu.externaltools.gnu-tools-for-stm32.12.3.rel1.win32_1.0.200.202406191623/tools/bin/../lib/gcc/arm-none-eabi/12.3.1/../../../../arm-none-eabi/lib/thumb/v8-m.main+fp/hard\libc_nano.a(libc_a-closer.o)
                              C:/ST/STM32CubeIDE_1.16.0/STM32CubeIDE/plugins/com.st.stm32cube.ide.mcu.externaltools.gnu-tools-for-stm32.12.3.rel1.win32_1.0.200.202406191623/tools/bin/../lib/gcc/arm-none-eabi/12.3.1/../../../../arm-none-eabi/lib/thumb/v8-m.main+fp/hard\libc_nano.a(libc_a-stdio.o) (_close_r)
C:/ST/STM32CubeIDE_1.16.0/STM32CubeIDE/plugins/com.st.stm32cube.ide.mcu.externaltools.gnu-tools-for-stm32.12.3.rel1.win32_1.0.200.202406191623/tools/bin/../lib/gcc/arm-none-eabi/12.3.1/../../../../arm-none-eabi/lib/thumb/v8-m.main+fp/hard\libc_nano.a(libc_a-reent.o)
                              C:/ST/STM32CubeIDE_1.16.0/STM32CubeIDE/plugins/com.st.stm32cube.ide.mcu.externaltools.gnu-tools-for-stm32.12.3.rel1.win32_1.0.200.202406191623/tools/bin/../lib/gcc/arm-none-eabi/12.3.1/../../../../arm-none-eabi/lib/thumb/v8-m.main+fp/hard\libc_nano.a(libc_a-closer.o) (errno)
C:/ST/STM32CubeIDE_1.16.0/STM32CubeIDE/plugins/com.st.stm32cube.ide.mcu.externaltools.gnu-tools-for-stm32.12.3.rel1.win32_1.0.200.202406191623/tools/bin/../lib/gcc/arm-none-eabi/12.3.1/../../../../arm-none-eabi/lib/thumb/v8-m.main+fp/hard\libc_nano.a(libc_a-impure.o)
[...]
Memory Configuration

Name             Origin             Length             Attributes
RAM              0x20000000         0x00044000         xrw
FLASH            0x08000000         0x00080000         xr
*default*        0x00000000         0xffffffff

Linker script and memory map

LOAD C:/ST/STM32CubeIDE_1.16.0/STM32CubeIDE/plugins/com.st.stm32cube.ide.mcu.externaltools.gnu-tools-for-stm32.12.3.rel1.win32_1.0.200.202406191623/tools/bin/../lib/gcc/arm-none-eabi/12.3.1/thumb/v8-m.main+fp/hard/crti.o
LOAD C:/ST/STM32CubeIDE_1.16.0/STM32CubeIDE/plugins/com.st.stm32cube.ide.mcu.externaltools.gnu-tools-for-stm32.12.3.rel1.win32_1.0.200.202406191623/tools/bin/../lib/gcc/arm-none-eabi/12.3.1/thumb/v8-m.main+fp/hard/crtbegin.o
LOAD C:/ST/STM32CubeIDE_1.16.0/STM32CubeIDE/plugins/com.st.stm32cube.ide.mcu.externaltools.gnu-tools-for-stm32.12.3.rel1.win32_1.0.200.202406191623/tools/bin/../lib/gcc/arm-none-eabi/12.3.1/../../../../arm-none-eabi/lib/thumb/v8-m.main+fp/hard/crt0.o
LOAD ./Core/Src/main.o
LOAD ./Core/Src/stm32h5xx_hal_msp.o
LOAD ./Core/Src/stm32h5xx_it.o
LOAD ./Core/Src/syscalls.o
LOAD ./Core/Src/sysmem.o
LOAD ./Core/Src/system_stm32h5xx.o
LOAD ./Core/Startup/startup_stm32h533cetx.o
LOAD ./Drivers/STM32H5xx_HAL_Driver/Src/stm32h5xx_hal.o
LOAD ./Drivers/STM32H5xx_HAL_Driver/Src/stm32h5xx_hal_cortex.o
LOAD ./Drivers/STM32H5xx_HAL_Driver/Src/stm32h5xx_hal_dma.o
LOAD ./Drivers/STM32H5xx_HAL_Driver/Src/stm32h5xx_hal_dma_ex.o
LOAD ./Drivers/STM32H5xx_HAL_Driver/Src/stm32h5xx_hal_exti.o
LOAD ./Drivers/STM32H5xx_HAL_Driver/Src/stm32h5xx_hal_fdcan.o
LOAD ./Drivers/STM32H5xx_HAL_Driver/Src/stm32h5xx_hal_flash.o
LOAD ./Drivers/STM32H5xx_HAL_Driver/Src/stm32h5xx_hal_flash_ex.o
LOAD ./Drivers/STM32H5xx_HAL_Driver/Src/stm32h5xx_hal_gpio.o
LOAD ./Drivers/STM32H5xx_HAL_Driver/Src/stm32h5xx_hal_pcd.o
LOAD ./Drivers/STM32H5xx_HAL_Driver/Src/stm32h5xx_hal_pcd_ex.o
LOAD ./Drivers/STM32H5xx_HAL_Driver/Src/stm32h5xx_hal_pwr.o
LOAD ./Drivers/STM32H5xx_HAL_Driver/Src/stm32h5xx_hal_pwr_ex.o
LOAD ./Drivers/STM32H5xx_HAL_Driver/Src/stm32h5xx_hal_rcc.o
LOAD ./Drivers/STM32H5xx_HAL_Driver/Src/stm32h5xx_hal_rcc_ex.o
LOAD ./Drivers/STM32H5xx_HAL_Driver/Src/stm32h5xx_hal_tim.o
LOAD ./Drivers/STM32H5xx_HAL_Driver/Src/stm32h5xx_hal_tim_ex.o
LOAD ./Drivers/STM32H5xx_HAL_Driver/Src/stm32h5xx_ll_usb.o
LOAD ./USB/Class/CustomHID/Src/usbd_customhid.o
LOAD ./USB/Class/CustomHID/Src/usbd_customhid_if.o
LOAD ./USB/Core/Src/usbd_conf.o
LOAD ./USB/Core/Src/usbd_core.o
LOAD ./USB/Core/Src/usbd_ctlreq.o
LOAD ./USB/Core/Src/usbd_desc.o
LOAD ./USB/Core/Src/usbd_ioreq.o
START GROUP
LOAD C:/ST/STM32CubeIDE_1.16.0/STM32CubeIDE/plugins/com.st.stm32cube.ide.mcu.externaltools.gnu-tools-for-stm32.12.3.rel1.win32_1.0.200.202406191623/tools/bin/../lib/gcc/arm-none-eabi/12.3.1/../../../../arm-none-eabi/lib/thumb/v8-m.main+fp/hard\libc_nano.a
LOAD C:/ST/STM32CubeIDE_1.16.0/STM32CubeIDE/plugins/com.st.stm32cube.ide.mcu.externaltools.gnu-tools-for-stm32.12.3.rel1.win32_1.0.200.202406191623/tools/bin/../lib/gcc/arm-none-eabi/12.3.1/../../../../arm-none-eabi/lib/thumb/v8-m.main+fp/hard\libm.a
END GROUP
START GROUP
LOAD C:/ST/STM32CubeIDE_1.16.0/STM32CubeIDE/plugins/com.st.stm32cube.ide.mcu.externaltools.gnu-tools-for-stm32.12.3.rel1.win32_1.0.200.202406191623/tools/bin/../lib/gcc/arm-none-eabi/12.3.1/thumb/v8-m.main+fp/hard\libgcc.a
LOAD C:/ST/STM32CubeIDE_1.16.0/STM32CubeIDE/plugins/com.st.stm32cube.ide.mcu.externaltools.gnu-tools-for-stm32.12.3.rel1.win32_1.0.200.202406191623/tools/bin/../lib/gcc/arm-none-eabi/12.3.1/../../../../arm-none-eabi/lib/thumb/v8-m.main+fp/hard\libc_nano.a
END GROUP
START GROUP
LOAD C:/ST/STM32CubeIDE_1.16.0/STM32CubeIDE/plugins/com.st.stm32cube.ide.mcu.externaltools.gnu-tools-for-stm32.12.3.rel1.win32_1.0.200.202406191623/tools/bin/../lib/gcc/arm-none-eabi/12.3.1/thumb/v8-m.main+fp/hard\libgcc.a
LOAD C:/ST/STM32CubeIDE_1.16.0/STM32CubeIDE/plugins/com.st.stm32cube.ide.mcu.externaltools.gnu-tools-for-stm32.12.3.rel1.win32_1.0.200.202406191623/tools/bin/../lib/gcc/arm-none-eabi/12.3.1/../../../../arm-none-eabi/lib/thumb/v8-m.main+fp/hard\libc_nano.a
LOAD C:/ST/STM32CubeIDE_1.16.0/STM32CubeIDE/plugins/com.st.stm32cube.ide.mcu.externaltools.gnu-tools-for-stm32.12.3.rel1.win32_1.0.200.202406191623/tools/bin/../lib/gcc/arm-none-eabi/12.3.1/../../../../arm-none-eabi/lib/thumb/v8-m.main+fp/hard\libnosys.a
END GROUP
START GROUP
LOAD C:/ST/STM32CubeIDE_1.16.0/STM32CubeIDE/plugins/com.st.stm32cube.ide.mcu.externaltools.gnu-tools-for-stm32.12.3.rel1.win32_1.0.200.202406191623/tools/bin/../lib/gcc/arm-none-eabi/12.3.1/thumb/v8-m.main+fp/hard\libgcc.a
LOAD C:/ST/STM32CubeIDE_1.16.0/STM32CubeIDE/plugins/com.st.stm32cube.ide.mcu.externaltools.gnu-tools-for-stm32.12.3.rel1.win32_1.0.200.202406191623/tools/bin/../lib/gcc/arm-none-eabi/12.3.1/../../../../arm-none-eabi/lib/thumb/v8-m.main+fp/hard\libc_nano.a
LOAD C:/ST/STM32CubeIDE_1.16.0/STM32CubeIDE/plugins/com.st.stm32cube.ide.mcu.externaltools.gnu-tools-for-stm32.12.3.rel1.win32_1.0.200.202406191623/tools/bin/../lib/gcc/arm-none-eabi/12.3.1/../../../../arm-none-eabi/lib/thumb/v8-m.main+fp/hard\libnosys.a
END GROUP
LOAD C:/ST/STM32CubeIDE_1.16.0/STM32CubeIDE/plugins/com.st.stm32cube.ide.mcu.externaltools.gnu-tools-for-stm32.12.3.rel1.win32_1.0.200.202406191623/tools/bin/../lib/gcc/arm-none-eabi/12.3.1/thumb/v8-m.main+fp/hard/crtend.o
LOAD C:/ST/STM32CubeIDE_1.16.0/STM32CubeIDE/plugins/com.st.stm32cube.ide.mcu.externaltools.gnu-tools-for-stm32.12.3.rel1.win32_1.0.200.202406191623/tools/bin/../lib/gcc/arm-none-eabi/12.3.1/thumb/v8-m.main+fp/hard/crtn.o
                0x20044000                        _estack = (ORIGIN (RAM) + LENGTH (RAM))
                0x00000600                        _Min_Heap_Size = 0x600
                0x00000700                        _Min_Stack_Size = 0x700

.isr_vector     0x08000000      0x254
                0x08000000                        . = ALIGN (0x4)
 *(.isr_vector)
 .isr_vector    0x08000000      0x254 ./Core/Startup/startup_stm32h533cetx.o
                0x08000000                g_pfnVectors
                0x08000254                        . = ALIGN (0x4)

.text           0x08000254     0xac5c
                0x08000254                        . = ALIGN (0x4)
 *(.text)
 .text          0x08000254       0x40 C:/ST/STM32CubeIDE_1.16.0/STM32CubeIDE/plugins/com.st.stm32cube.ide.mcu.externaltools.gnu-tools-for-stm32.12.3.rel1.win32_1.0.200.202406191623/tools/bin/../lib/gcc/arm-none-eabi/12.3.1/thumb/v8-m.main+fp/hard/crtbegin.o
 *(.text*)
 .text.main     0x08000294       0xdc ./Core/Src/main.o
                0x08000294                main
 .text.SystemClock_Config
                0x08000370       0xec ./Core/Src/main.o
                0x08000370                SystemClock_Config
 .text.MX_FDCAN1_Init
                0x0800045c       0x8c ./Core/Src/main.o
 .text.MX_USB_PCD_Init
                0x080004e8       0x64 ./Core/Src/main.o
                0x080004e8                MX_USB_PCD_Init
 .text.MX_GPIO_Init
                0x0800054c       0xb4 ./Core/Src/main.o
 .text.FDCAN_Config
                0x08000600       0xbc ./Core/Src/main.o
 .text.HAL_FDCAN_RxFifo0Callback
                0x080006bc       0x3c ./Core/Src/main.o
                0x080006bc                HAL_FDCAN_RxFifo0Callback
 .text.Error_Handler
                0x080006f8        0xc ./Core/Src/main.o
                0x080006f8                Error_Handler
 .text.HAL_MspInit
                0x08000704        0xe ./Core/Src/stm32h5xx_hal_msp.o
                0x08000704                HAL_MspInit
 *fill*         0x08000712        0x2 
 .text.HAL_FDCAN_MspInit
                0x08000714       0xe4 ./Core/Src/stm32h5xx_hal_msp.o
                0x08000714                HAL_FDCAN_MspInit
 .text.HAL_PCD_MspInit
                0x080007f8       0x88 ./Core/Src/stm32h5xx_hal_msp.o
                0x080007f8                HAL_PCD_MspInit
 .text.NMI_Handler
                0x08000880        0x8 ./Core/Src/stm32h5xx_it.o
                0x08000880                NMI_Handler
 .text.HardFault_Handler
                0x08000888        0x8 ./Core/Src/stm32h5xx_it.o
                0x08000888                HardFault_Handler
 .text.MemManage_Handler
                0x08000890        0x8 ./Core/Src/stm32h5xx_it.o
                0x08000890                MemManage_Handler
 .text.BusFault_Handler
                0x08000898        0x8 ./Core/Src/stm32h5xx_it.o
                0x08000898                BusFault_Handler
 .text.UsageFault_Handler
                0x080008a0        0x8 ./Core/Src/stm32h5xx_it.o
                0x080008a0                UsageFault_Handler
 .text.SVC_Handler
                0x080008a8        0xe ./Core/Src/stm32h5xx_it.o
                0x080008a8                SVC_Handler
 .text.DebugMon_Handler
                0x080008b6        0xe ./Core/Src/stm32h5xx_it.o
                0x080008b6                DebugMon_Handler
 .text.PendSV_Handler
                0x080008c4        0xe ./Core/Src/stm32h5xx_it.o
                0x080008c4                PendSV_Handler
 .text.SysTick_Handler
                0x080008d2        0xc ./Core/Src/stm32h5xx_it.o
                0x080008d2                SysTick_Handler
 *fill*         0x080008de        0x2 
 .text.FDCAN1_IT0_IRQHandler
                0x080008e0       0x14 ./Core/Src/stm32h5xx_it.o
                0x080008e0                FDCAN1_IT0_IRQHandler
 .text.USB_DRD_FS_IRQHandler
                0x080008f4       0x14 ./Core/Src/stm32h5xx_it.o
                0x080008f4                USB_DRD_FS_IRQHandler
 .text._read    0x08000908       0x3a ./Core/Src/syscalls.o
                0x08000908                _read
 .text._write   0x08000942       0x38 ./Core/Src/syscalls.o
                0x08000942                _write
 .text._close   0x0800097a       0x18 ./Core/Src/syscalls.o
                0x0800097a                _close
 .text._fstat   0x08000992       0x20 ./Core/Src/syscalls.o
                0x08000992                _fstat
 .text._isatty  0x080009b2       0x16 ./Core/Src/syscalls.o
                0x080009b2                _isatty
 .text._lseek   0x080009c8       0x1a ./Core/Src/syscalls.o
                0x080009c8                _lseek
 *fill*         0x080009e2        0x2 
 .text._sbrk    0x080009e4       0x6c ./Core/Src/sysmem.o
                0x080009e4                _sbrk
 .text.SystemInit
                0x08000a50       0xf8 ./Core/Src/system_stm32h5xx.o
                0x08000a50                SystemInit
 .text.Reset_Handler
                0x08000b48       0x50 ./Core/Startup/startup_stm32h533cetx.o
                0x08000b48                Reset_Handler
 .text.Default_Handler
                0x08000b98        0x2 ./Core/Startup/startup_stm32h533cetx.o
                0x08000b98                EXTI2_IRQHandler
                0x08000b98                TIM8_TRG_COM_IRQHandler
                0x08000b98                TIM8_CC_IRQHandler
                0x08000b98                EXTI5_IRQHandler
                0x08000b98                I3C1_ER_IRQHandler
                0x08000b98                SPI4_IRQHandler
                0x08000b98                GPDMA2_Channel1_IRQHandler
                0x08000b98                FLASH_S_IRQHandler
                0x08000b98                EXTI13_IRQHandler
                0x08000b98                TIM1_CC_IRQHandler
                0x08000b98                GPDMA2_Channel3_IRQHandler
                0x08000b98                TAMP_IRQHandler
                0x08000b98                TIM6_IRQHandler
                0x08000b98                EXTI12_IRQHandler
                0x08000b98                EXTI3_IRQHandler
                0x08000b98                GPDMA1_Channel5_IRQHandler
                0x08000b98                EXTI8_IRQHandler
                0x08000b98                GPDMA2_Channel5_IRQHandler
                0x08000b98                LPTIM2_IRQHandler
                0x08000b98                I2C3_ER_IRQHandler
                0x08000b98                GPDMA2_Channel2_IRQHandler
                0x08000b98                EXTI0_IRQHandler
                0x08000b98                I2C2_EV_IRQHandler
                0x08000b98                FPU_IRQHandler
                0x08000b98                GPDMA1_Channel3_IRQHandler
                0x08000b98                GPDMA1_Channel7_IRQHandler
                0x08000b98                FDCAN1_IT1_IRQHandler
                0x08000b98                RAMCFG_IRQHandler
                0x08000b98                DCACHE1_IRQHandler
                0x08000b98                SPI1_IRQHandler
                0x08000b98                OCTOSPI1_IRQHandler
                0x08000b98                GPDMA1_Channel2_IRQHandler
                0x08000b98                TIM8_UP_IRQHandler
                0x08000b98                RCC_S_IRQHandler
                0x08000b98                ADC1_IRQHandler
                0x08000b98                PKA_IRQHandler
                0x08000b98                USART6_IRQHandler
                0x08000b98                I3C2_ER_IRQHandler
                0x08000b98                EXTI15_IRQHandler
                0x08000b98                USART3_IRQHandler
                0x08000b98                RTC_IRQHandler
                0x08000b98                EXTI9_IRQHandler
                0x08000b98                UART5_IRQHandler
                0x08000b98                TIM4_IRQHandler
                0x08000b98                I3C2_EV_IRQHandler
                0x08000b98                I2C1_EV_IRQHandler
                0x08000b98                GPDMA1_Channel1_IRQHandler
                0x08000b98                UART4_IRQHandler
                0x08000b98                SecureFault_Handler
                0x08000b98                TIM3_IRQHandler
                0x08000b98                RCC_IRQHandler
                0x08000b98                TIM1_TRG_COM_IRQHandler
                0x08000b98                Default_Handler
                0x08000b98                CEC_IRQHandler
                0x08000b98                OTFDEC1_IRQHandler
                0x08000b98                GPDMA2_Channel4_IRQHandler
                0x08000b98                TIM12_IRQHandler
                0x08000b98                TIM7_IRQHandler
                0x08000b98                SDMMC1_IRQHandler
                0x08000b98                SAES_IRQHandler
                0x08000b98                TIM5_IRQHandler
                0x08000b98                UCPD1_IRQHandler
                0x08000b98                GPDMA1_Channel0_IRQHandler
                0x08000b98                I3C1_EV_IRQHandler
                0x08000b98                TIM15_IRQHandler
                0x08000b98                PVD_AVD_IRQHandler
                0x08000b98                I2C3_EV_IRQHandler
                0x08000b98                ADC2_IRQHandler
                0x08000b98                SPI2_IRQHandler
                0x08000b98                EXTI14_IRQHandler
                0x08000b98                EXTI11_IRQHandler
                0x08000b98                CRS_IRQHandler
                0x08000b98                EXTI4_IRQHandler
                0x08000b98                GPDMA2_Channel0_IRQHandler
                0x08000b98                RTC_S_IRQHandler
                0x08000b98                RNG_IRQHandler
                0x08000b98                FDCAN2_IT1_IRQHandler
                0x08000b98                GPDMA2_Channel6_IRQHandler
                0x08000b98                TIM1_UP_IRQHandler
                0x08000b98                WWDG_IRQHandler
                0x08000b98                FDCAN2_IT0_IRQHandler
                0x08000b98                IWDG_IRQHandler
                0x08000b98                LPUART1_IRQHandler
                0x08000b98                TIM2_IRQHandler
                0x08000b98                GPDMA1_Channel4_IRQHandler
                0x08000b98                EXTI7_IRQHandler
                0x08000b98                TIM1_BRK_IRQHandler
                0x08000b98                EXTI1_IRQHandler
                0x08000b98                AES_IRQHandler
                0x08000b98                DAC1_IRQHandler
                0x08000b98                DTS_IRQHandler
                0x08000b98                GTZC_IRQHandler
                0x08000b98                USART2_IRQHandler
                0x08000b98                GPDMA1_Channel6_IRQHandler
                0x08000b98                GPDMA2_Channel7_IRQHandler
                0x08000b98                I2C2_ER_IRQHandler
                0x08000b98                TIM8_BRK_IRQHandler
                0x08000b98                FLASH_IRQHandler
                0x08000b98                USART1_IRQHandler
                0x08000b98                EXTI10_IRQHandler
                0x08000b98                SPI3_IRQHandler
                0x08000b98                I2C1_ER_IRQHandler
                0x08000b98                FMC_IRQHandler
                0x08000b98                EXTI6_IRQHandler
                0x08000b98                LPTIM1_IRQHandler
                0x08000b98                DCMI_PSSI_IRQHandler
                0x08000b98                ICACHE_IRQHandler
                0x08000b98                HASH_IRQHandler
 *fill*         0x08000b9a        0x2 
 .text.HAL_Init
                0x08000b9c       0x50 ./Drivers/STM32H5xx_HAL_Driver/Src/stm32h5xx_hal.o
                0x08000b9c                HAL_Init
 .text.HAL_InitTick
                0x08000bec       0xec ./Drivers/STM32H5xx_HAL_Driver/Src/stm32h5xx_hal.o
                0x08000bec                HAL_InitTick
 .text.HAL_IncTick
                0x08000cd8       0x28 ./Drivers/STM32H5xx_HAL_Driver/Src/stm32h5xx_hal.o
                0x08000cd8                HAL_IncTick
 .text.HAL_GetTick
                0x08000d00       0x18 ./Drivers/STM32H5xx_HAL_Driver/Src/stm32h5xx_hal.o
                0x08000d00                HAL_GetTick
 .text.HAL_Delay
                0x08000d18       0x48 ./Drivers/STM32H5xx_HAL_Driver/Src/stm32h5xx_hal.o
                0x08000d18                HAL_Delay
 .text.__NVIC_SetPriorityGrouping
                0x08000d60       0x48 ./Drivers/STM32H5xx_HAL_Driver/Src/stm32h5xx_hal_cortex.o
 .text.__NVIC_GetPriorityGrouping
                0x08000da8       0x1c ./Drivers/STM32H5xx_HAL_Driver/Src/stm32h5xx_hal_cortex.o
 .text.__NVIC_EnableIRQ
                0x08000dc4       0x3c ./Drivers/STM32H5xx_HAL_Driver/Src/stm32h5xx_hal_cortex.o
 .text.__NVIC_SetPriority
                0x08000e00       0x54 ./Drivers/STM32H5xx_HAL_Driver/Src/stm32h5xx_hal_cortex.o
 .text.NVIC_EncodePriority
                0x08000e54       0x66 ./Drivers/STM32H5xx_HAL_Driver/Src/stm32h5xx_hal_cortex.o
 .text.HAL_NVIC_SetPriorityGrouping
                0x08000eba       0x16 ./Drivers/STM32H5xx_HAL_Driver/Src/stm32h5xx_hal_cortex.o
                0x08000eba                HAL_NVIC_SetPriorityGrouping
 .text.HAL_NVIC_SetPriority
                0x08000ed0       0x34 ./Drivers/STM32H5xx_HAL_Driver/Src/stm32h5xx_hal_cortex.o
                0x08000ed0                HAL_NVIC_SetPriority
 .text.HAL_NVIC_EnableIRQ
                0x08000f04       0x1c ./Drivers/STM32H5xx_HAL_Driver/Src/stm32h5xx_hal_cortex.o
                0x08000f04                HAL_NVIC_EnableIRQ
 .text.HAL_SYSTICK_Config
                0x08000f20       0x44 ./Drivers/STM32H5xx_HAL_Driver/Src/stm32h5xx_hal_cortex.o
                0x08000f20                HAL_SYSTICK_Config
 .text.HAL_SYSTICK_CLKSourceConfig
                0x08000f64       0xb0 ./Drivers/STM32H5xx_HAL_Driver/Src/stm32h5xx_hal_cortex.o
                0x08000f64                HAL_SYSTICK_CLKSourceConfig
 .text.HAL_SYSTICK_GetCLKSourceConfig
                0x08001014       0x6c ./Drivers/STM32H5xx_HAL_Driver/Src/stm32h5xx_hal_cortex.o
                0x08001014                HAL_SYSTICK_GetCLKSourceConfig
 .text.HAL_FDCAN_Init
                0x08001080      0x2b4 ./Drivers/STM32H5xx_HAL_Driver/Src/stm32h5xx_hal_fdcan.o
                0x08001080                HAL_FDCAN_Init
 .text.HAL_FDCAN_ConfigFilter
                0x08001334       0xb4 ./Drivers/STM32H5xx_HAL_Driver/Src/stm32h5xx_hal_fdcan.o
                0x08001334                HAL_FDCAN_ConfigFilter
 .text.HAL_FDCAN_ConfigGlobalFilter
                0x080013e8       0x62 ./Drivers/STM32H5xx_HAL_Driver/Src/stm32h5xx_hal_fdcan.o
                0x080013e8                HAL_FDCAN_ConfigGlobalFilter
 .text.HAL_FDCAN_Start
                0x0800144a       0x50 ./Drivers/STM32H5xx_HAL_Driver/Src/stm32h5xx_hal_fdcan.o
                0x0800144a                HAL_FDCAN_Start
 .text.HAL_FDCAN_AddMessageToTxFifoQ
                0x0800149a       0x88 ./Drivers/STM32H5xx_HAL_Driver/Src/stm32h5xx_hal_fdcan.o
                0x0800149a                HAL_FDCAN_AddMessageToTxFifoQ
 *fill*         0x08001522        0x2 
 .text.HAL_FDCAN_GetRxMessage
                0x08001524      0x210 ./Drivers/STM32H5xx_HAL_Driver/Src/stm32h5xx_hal_fdcan.o
                0x08001524                HAL_FDCAN_GetRxMessage
 .text.HAL_FDCAN_ActivateNotification
                0x08001734      0x1cc ./Drivers/STM32H5xx_HAL_Driver/Src/stm32h5xx_hal_fdcan.o
                0x08001734                HAL_FDCAN_ActivateNotification
 .text.HAL_FDCAN_IRQHandler
                0x08001900      0x24a ./Drivers/STM32H5xx_HAL_Driver/Src/stm32h5xx_hal_fdcan.o
                0x08001900                HAL_FDCAN_IRQHandler
 .text.HAL_FDCAN_TxEventFifoCallback
                0x08001b4a       0x16 ./Drivers/STM32H5xx_HAL_Driver/Src/stm32h5xx_hal_fdcan.o
                0x08001b4a                HAL_FDCAN_TxEventFifoCallback
 .text.HAL_FDCAN_RxFifo1Callback
                0x08001b60       0x16 ./Drivers/STM32H5xx_HAL_Driver/Src/stm32h5xx_hal_fdcan.o
                0x08001b60                HAL_FDCAN_RxFifo1Callback
 .text.HAL_FDCAN_TxFifoEmptyCallback
                0x08001b76       0x14 ./Drivers/STM32H5xx_HAL_Driver/Src/stm32h5xx_hal_fdcan.o
                0x08001b76                HAL_FDCAN_TxFifoEmptyCallback
 .text.HAL_FDCAN_TxBufferCompleteCallback
                0x08001b8a       0x16 ./Drivers/STM32H5xx_HAL_Driver/Src/stm32h5xx_hal_fdcan.o
                0x08001b8a                HAL_FDCAN_TxBufferCompleteCallback
 .text.HAL_FDCAN_TxBufferAbortCallback
                0x08001ba0       0x16 ./Drivers/STM32H5xx_HAL_Driver/Src/stm32h5xx_hal_fdcan.o
                0x08001ba0                HAL_FDCAN_TxBufferAbortCallback
 .text.HAL_FDCAN_TimestampWraparoundCallback
                0x08001bb6       0x14 ./Drivers/STM32H5xx_HAL_Driver/Src/stm32h5xx_hal_fdcan.o
                0x08001bb6                HAL_FDCAN_TimestampWraparoundCallback
 .text.HAL_FDCAN_TimeoutOccurredCallback
                0x08001bca       0x14 ./Drivers/STM32H5xx_HAL_Driver/Src/stm32h5xx_hal_fdcan.o
                0x08001bca                HAL_FDCAN_TimeoutOccurredCallback
 .text.HAL_FDCAN_HighPriorityMessageCallback
                0x08001bde       0x14 ./Drivers/STM32H5xx_HAL_Driver/Src/stm32h5xx_hal_fdcan.o
                0x08001bde                HAL_FDCAN_HighPriorityMessageCallback
 .text.HAL_FDCAN_ErrorCallback
                0x08001bf2       0x14 ./Drivers/STM32H5xx_HAL_Driver/Src/stm32h5xx_hal_fdcan.o
                0x08001bf2                HAL_FDCAN_ErrorCallback
 .text.HAL_FDCAN_ErrorStatusCallback
                0x08001c06       0x16 ./Drivers/STM32H5xx_HAL_Driver/Src/stm32h5xx_hal_fdcan.o
                0x08001c06                HAL_FDCAN_ErrorStatusCallback
 .text.FDCAN_CalcultateRamBlockAddresses
                0x08001c1c       0xc4 ./Drivers/STM32H5xx_HAL_Driver/Src/stm32h5xx_hal_fdcan.o
 .text.FDCAN_CopyMessageToRAM
                0x08001ce0       0xf8 ./Drivers/STM32H5xx_HAL_Driver/Src/stm32h5xx_hal_fdcan.o
 .text.HAL_GPIO_Init
                0x08001dd8      0x2a4 ./Drivers/STM32H5xx_HAL_Driver/Src/stm32h5xx_hal_gpio.o
                0x08001dd8                HAL_GPIO_Init
 .text.HAL_GPIO_WritePin
                0x0800207c       0x30 ./Drivers/STM32H5xx_HAL_Driver/Src/stm32h5xx_hal_gpio.o
                0x0800207c                HAL_GPIO_WritePin
 .text.PCD_GET_EP_RX_CNT
                0x080020ac       0x42 ./Drivers/STM32H5xx_HAL_Driver/Src/stm32h5xx_hal_pcd.o
 .text.PCD_GET_EP_DBUF0_CNT
                0x080020ee       0x42 ./Drivers/STM32H5xx_HAL_Driver/Src/stm32h5xx_hal_pcd.o
 .text.PCD_GET_EP_DBUF1_CNT
                0x08002130       0x42 ./Drivers/STM32H5xx_HAL_Driver/Src/stm32h5xx_hal_pcd.o
 .text.HAL_PCD_Init
                0x08002172      0x1a2 ./Drivers/STM32H5xx_HAL_Driver/Src/stm32h5xx_hal_pcd.o
                0x08002172                HAL_PCD_Init
 .text.HAL_PCD_Start
                0x08002314       0x44 ./Drivers/STM32H5xx_HAL_Driver/Src/stm32h5xx_hal_pcd.o
                0x08002314                HAL_PCD_Start
 .text.HAL_PCD_IRQHandler
                0x08002358      0x1ea ./Drivers/STM32H5xx_HAL_Driver/Src/stm32h5xx_hal_pcd.o
                0x08002358                HAL_PCD_IRQHandler
 .text.HAL_PCD_SuspendCallback
                0x08002542       0x14 ./Drivers/STM32H5xx_HAL_Driver/Src/stm32h5xx_hal_pcd.o
                0x08002542                HAL_PCD_SuspendCallback
 .text.HAL_PCD_ResumeCallback
                0x08002556       0x14 ./Drivers/STM32H5xx_HAL_Driver/Src/stm32h5xx_hal_pcd.o
                0x08002556                HAL_PCD_ResumeCallback
 .text.HAL_PCD_SetAddress
                0x0800256a       0x48 ./Drivers/STM32H5xx_HAL_Driver/Src/stm32h5xx_hal_pcd.o
                0x0800256a                HAL_PCD_SetAddress
 .text.HAL_PCD_EP_Open
                0x080025b2       0xc2 ./Drivers/STM32H5xx_HAL_Driver/Src/stm32h5xx_hal_pcd.o
                0x080025b2                HAL_PCD_EP_Open
 .text.HAL_PCD_EP_Close
                0x08002674       0x94 ./Drivers/STM32H5xx_HAL_Driver/Src/stm32h5xx_hal_pcd.o
                0x08002674                HAL_PCD_EP_Close
 .text.HAL_PCD_EP_Receive
                0x08002708       0x64 ./Drivers/STM32H5xx_HAL_Driver/Src/stm32h5xx_hal_pcd.o
                0x08002708                HAL_PCD_EP_Receive
 .text.HAL_PCD_EP_Transmit
                0x0800276c       0x70 ./Drivers/STM32H5xx_HAL_Driver/Src/stm32h5xx_hal_pcd.o
                0x0800276c                HAL_PCD_EP_Transmit
 .text.HAL_PCD_EP_SetStall
                0x080027dc       0xa8 ./Drivers/STM32H5xx_HAL_Driver/Src/stm32h5xx_hal_pcd.o
                0x080027dc                HAL_PCD_EP_SetStall
 .text.HAL_PCD_EP_ClrStall
                0x08002884       0xac ./Drivers/STM32H5xx_HAL_Driver/Src/stm32h5xx_hal_pcd.o
                0x08002884                HAL_PCD_EP_ClrStall
 .text.PCD_EP_ISR_Handler
                0x08002930      0x674 ./Drivers/STM32H5xx_HAL_Driver/Src/stm32h5xx_hal_pcd.o
 .text.HAL_PCD_EP_DB_Receive
                0x08002fa4      0x1b4 ./Drivers/STM32H5xx_HAL_Driver/Src/stm32h5xx_hal_pcd.o
 .text.HAL_PCD_EP_DB_Transmit
                0x08003158      0x7c4 ./Drivers/STM32H5xx_HAL_Driver/Src/stm32h5xx_hal_pcd.o
 .text.HAL_PCDEx_PMAConfig
                0x0800391c       0x8a ./Drivers/STM32H5xx_HAL_Driver/Src/stm32h5xx_hal_pcd_ex.o
                0x0800391c                HAL_PCDEx_PMAConfig
 .text.HAL_PCDEx_ActivateLPM
                0x080039a6       0x44 ./Drivers/STM32H5xx_HAL_Driver/Src/stm32h5xx_hal_pcd_ex.o
                0x080039a6                HAL_PCDEx_ActivateLPM
 .text.HAL_PCDEx_LPM_Callback
                0x080039ea       0x18 ./Drivers/STM32H5xx_HAL_Driver/Src/stm32h5xx_hal_pcd_ex.o
                0x080039ea                HAL_PCDEx_LPM_Callback
 *fill*         0x08003a02        0x2 
 .text.HAL_PWREx_EnableVddUSB
                0x08003a04       0x20 ./Drivers/STM32H5xx_HAL_Driver/Src/stm32h5xx_hal_pwr_ex.o
                0x08003a04                HAL_PWREx_EnableVddUSB
 .text.HAL_RCC_OscConfig
                0x08003a24      0x870 ./Drivers/STM32H5xx_HAL_Driver/Src/stm32h5xx_hal_rcc.o
                0x08003a24                HAL_RCC_OscConfig
 .text.HAL_RCC_ClockConfig
                0x08004294      0x370 ./Drivers/STM32H5xx_HAL_Driver/Src/stm32h5xx_hal_rcc.o
                0x08004294                HAL_RCC_ClockConfig
 .text.HAL_RCC_GetSysClockFreq
                0x08004604      0x258 ./Drivers/STM32H5xx_HAL_Driver/Src/stm32h5xx_hal_rcc.o
                0x08004604                HAL_RCC_GetSysClockFreq
 .text.HAL_RCC_GetHCLKFreq
                0x0800485c       0x38 ./Drivers/STM32H5xx_HAL_Driver/Src/stm32h5xx_hal_rcc.o
                0x0800485c                HAL_RCC_GetHCLKFreq
 .text.HAL_RCCEx_PeriphCLKConfig
                0x08004894     0x1380 ./Drivers/STM32H5xx_HAL_Driver/Src/stm32h5xx_hal_rcc_ex.o
                0x08004894                HAL_RCCEx_PeriphCLKConfig
 .text.RCCEx_PLL2_Config
                0x08005c14      0x130 ./Drivers/STM32H5xx_HAL_Driver/Src/stm32h5xx_hal_rcc_ex.o
 .text.RCCEx_PLL3_Config
                0x08005d44      0x130 ./Drivers/STM32H5xx_HAL_Driver/Src/stm32h5xx_hal_rcc_ex.o
 .text.USB_EnableGlobalInt
                0x08005e74       0x28 ./Drivers/STM32H5xx_HAL_Driver/Src/stm32h5xx_ll_usb.o
                0x08005e74                USB_EnableGlobalInt
 .text.USB_DisableGlobalInt
                0x08005e9c       0x2a ./Drivers/STM32H5xx_HAL_Driver/Src/stm32h5xx_ll_usb.o
                0x08005e9c                USB_DisableGlobalInt
 .text.USB_SetCurrentMode
                0x08005ec6       0x46 ./Drivers/STM32H5xx_HAL_Driver/Src/stm32h5xx_ll_usb.o
                0x08005ec6                USB_SetCurrentMode
 .text.USB_DevInit
                0x08005f0c       0x46 ./Drivers/STM32H5xx_HAL_Driver/Src/stm32h5xx_ll_usb.o
                0x08005f0c                USB_DevInit
 *fill*         0x08005f52        0x2 
 .text.USB_ActivateEndpoint
                0x08005f54      0x6c0 ./Drivers/STM32H5xx_HAL_Driver/Src/stm32h5xx_ll_usb.o
                0x08005f54                USB_ActivateEndpoint
 .text.USB_DeactivateEndpoint
                0x08006614      0x314 ./Drivers/STM32H5xx_HAL_Driver/Src/stm32h5xx_ll_usb.o
                0x08006614                USB_DeactivateEndpoint
 .text.USB_EPStartXfer
                0x08006928     0x10d4 ./Drivers/STM32H5xx_HAL_Driver/Src/stm32h5xx_ll_usb.o
                0x08006928                USB_EPStartXfer
 .text.USB_EPSetStall
                0x080079fc       0x8c ./Drivers/STM32H5xx_HAL_Driver/Src/stm32h5xx_ll_usb.o
                0x080079fc                USB_EPSetStall
 .text.USB_EPClearStall
                0x08007a88      0x128 ./Drivers/STM32H5xx_HAL_Driver/Src/stm32h5xx_ll_usb.o
                0x08007a88                USB_EPClearStall
 .text.USB_SetDevAddress
                0x08007bb0       0x26 ./Drivers/STM32H5xx_HAL_Driver/Src/stm32h5xx_ll_usb.o
                0x08007bb0                USB_SetDevAddress
 .text.USB_DevConnect
                0x08007bd6       0x22 ./Drivers/STM32H5xx_HAL_Driver/Src/stm32h5xx_ll_usb.o
                0x08007bd6                USB_DevConnect
 .text.USB_ReadInterrupts
                0x08007bf8       0x1c ./Drivers/STM32H5xx_HAL_Driver/Src/stm32h5xx_ll_usb.o
                0x08007bf8                USB_ReadInterrupts
 .text.USB_WritePMA
                0x08007c14       0xc2 ./Drivers/STM32H5xx_HAL_Driver/Src/stm32h5xx_ll_usb.o
                0x08007c14                USB_WritePMA
 .text.USB_ReadPMA
                0x08007cd6       0xbc ./Drivers/STM32H5xx_HAL_Driver/Src/stm32h5xx_ll_usb.o
                0x08007cd6                USB_ReadPMA
 *fill*         0x08007d92        0x2 
 .text.USBD_CUSTOM_HID_Init
                0x08007d94      0x15c ./USB/Class/CustomHID/Src/usbd_customhid.o
 .text.USBD_CUSTOM_HID_DeInit
                0x08007ef0       0xfc ./USB/Class/CustomHID/Src/usbd_customhid.o
 .text.USBD_CUSTOM_HID_Setup
                0x08007fec      0x234 ./USB/Class/CustomHID/Src/usbd_customhid.o
 .text.USBD_CUSTOM_HID_SendReport
                0x08008220       0x6c ./USB/Class/CustomHID/Src/usbd_customhid.o
                0x08008220                USBD_CUSTOM_HID_SendReport
 .text.USBD_CUSTOM_HID_GetFSCfgDesc
                0x0800828c       0x64 ./USB/Class/CustomHID/Src/usbd_customhid.o
 .text.USBD_CUSTOM_HID_GetHSCfgDesc
                0x080082f0       0x64 ./USB/Class/CustomHID/Src/usbd_customhid.o
 .text.USBD_CUSTOM_HID_GetOtherSpeedCfgDesc
                0x08008354       0x64 ./USB/Class/CustomHID/Src/usbd_customhid.o
 .text.USBD_CUSTOM_HID_DataIn
                0x080083b8       0x30 ./USB/Class/CustomHID/Src/usbd_customhid.o
 .text.USBD_CUSTOM_HID_DataOut
                0x080083e8       0x3a ./USB/Class/CustomHID/Src/usbd_customhid.o
 .text.USBD_CUSTOM_HID_EP0_RxReady
                0x08008422       0x38 ./USB/Class/CustomHID/Src/usbd_customhid.o
 *fill*         0x0800845a        0x2 
 .text.USBD_CUSTOM_HID_GetDeviceQualifierDesc
                0x0800845c       0x20 ./USB/Class/CustomHID/Src/usbd_customhid.o
 .text.USBD_CUSTOM_HID_RegisterInterface
                0x0800847c       0x34 ./USB/Class/CustomHID/Src/usbd_customhid.o
                0x0800847c                USBD_CUSTOM_HID_RegisterInterface
 .text.CUSTOM_HID_Init
                0x080084b0       0x10 ./USB/Class/CustomHID/Src/usbd_customhid_if.o
 .text.CUSTOM_HID_DeInit
                0x080084c0       0x10 ./USB/Class/CustomHID/Src/usbd_customhid_if.o
 .text.CUSTOM_HID_OutEvent
                0x080084d0       0x1e ./USB/Class/CustomHID/Src/usbd_customhid_if.o
 .text.HAL_PCD_SetupStageCallback
                0x080084ee       0x24 ./USB/Core/Src/usbd_conf.o
                0x080084ee                HAL_PCD_SetupStageCallback
 .text.HAL_PCD_DataOutStageCallback
                0x08008512       0x36 ./USB/Core/Src/usbd_conf.o
                0x08008512                HAL_PCD_DataOutStageCallback
 .text.HAL_PCD_DataInStageCallback
                0x08008548       0x34 ./USB/Core/Src/usbd_conf.o
                0x08008548                HAL_PCD_DataInStageCallback
 .text.HAL_PCD_SOFCallback
                0x0800857c       0x1c ./USB/Core/Src/usbd_conf.o
                0x0800857c                HAL_PCD_SOFCallback
 .text.HAL_PCD_ResetCallback
                0x08008598       0x3c ./USB/Core/Src/usbd_conf.o
                0x08008598                HAL_PCD_ResetCallback
 .text.USBD_LL_Init
                0x080085d4       0x90 ./USB/Core/Src/usbd_conf.o
                0x080085d4                USBD_LL_Init
 .text.USBD_LL_Start
                0x08008664       0x2a ./USB/Core/Src/usbd_conf.o
                0x08008664                USBD_LL_Start
 .text.USBD_LL_OpenEP
                0x0800868e       0x40 ./USB/Core/Src/usbd_conf.o
                0x0800868e                USBD_LL_OpenEP
 .text.USBD_LL_CloseEP
                0x080086ce       0x32 ./USB/Core/Src/usbd_conf.o
                0x080086ce                USBD_LL_CloseEP
 .text.USBD_LL_StallEP
                0x08008700       0x32 ./USB/Core/Src/usbd_conf.o
                0x08008700                USBD_LL_StallEP
 .text.USBD_LL_ClearStallEP
                0x08008732       0x32 ./USB/Core/Src/usbd_conf.o
                0x08008732                USBD_LL_ClearStallEP
 .text.USBD_LL_IsStallEP
                0x08008764       0x58 ./USB/Core/Src/usbd_conf.o
                0x08008764                USBD_LL_IsStallEP
 .text.USBD_LL_SetUSBAddress
                0x080087bc       0x32 ./USB/Core/Src/usbd_conf.o
                0x080087bc                USBD_LL_SetUSBAddress
 .text.USBD_LL_Transmit
                0x080087ee       0x36 ./USB/Core/Src/usbd_conf.o
                0x080087ee                USBD_LL_Transmit
 .text.USBD_LL_PrepareReceive
                0x08008824       0x36 ./USB/Core/Src/usbd_conf.o
                0x08008824                USBD_LL_PrepareReceive
 *fill*         0x0800885a        0x2 
 .text.USBD_static_malloc
                0x0800885c       0x1c ./USB/Core/Src/usbd_conf.o
                0x0800885c                USBD_static_malloc
 .text.USBD_static_free
                0x08008878       0x14 ./USB/Core/Src/usbd_conf.o
                0x08008878                USBD_static_free
 .text.USBD_Get_USB_Status
                0x0800888c       0x58 ./USB/Core/Src/usbd_conf.o
                0x0800888c                USBD_Get_USB_Status
 .text.USBD_Init
                0x080088e4       0x7c ./USB/Core/Src/usbd_core.o
                0x080088e4                USBD_Init
 .text.USBD_RegisterClass
                0x08008960       0x88 ./USB/Core/Src/usbd_core.o
                0x08008960                USBD_RegisterClass
 .text.USBD_Start
                0x080089e8       0x18 ./USB/Core/Src/usbd_core.o
                0x080089e8                USBD_Start
 .text.USBD_RunTestMode
                0x08008a00       0x16 ./USB/Core/Src/usbd_core.o
                0x08008a00                USBD_RunTestMode
 .text.USBD_SetClassConfig
                0x08008a16       0x38 ./USB/Core/Src/usbd_core.o
                0x08008a16                USBD_SetClassConfig
 .text.USBD_ClrClassConfig
                0x08008a4e       0x34 ./USB/Core/Src/usbd_core.o
                0x08008a4e                USBD_ClrClassConfig
 .text.USBD_LL_SetupStage
                0x08008a82       0xaa ./USB/Core/Src/usbd_core.o
                0x08008a82                USBD_LL_SetupStage
 .text.USBD_LL_DataOutStage
                0x08008b2c      0x166 ./USB/Core/Src/usbd_core.o
                0x08008b2c                USBD_LL_DataOutStage
 .text.USBD_LL_DataInStage
                0x08008c92      0x164 ./USB/Core/Src/usbd_core.o
                0x08008c92                USBD_LL_DataInStage
 .text.USBD_LL_Reset
                0x08008df6       0xa4 ./USB/Core/Src/usbd_core.o
                0x08008df6                USBD_LL_Reset
 .text.USBD_LL_SetSpeed
                0x08008e9a       0x20 ./USB/Core/Src/usbd_core.o
                0x08008e9a                USBD_LL_SetSpeed
 .text.USBD_LL_SOF
                0x08008eba       0x40 ./USB/Core/Src/usbd_core.o
                0x08008eba                USBD_LL_SOF
 .text.USBD_CoreFindIF
                0x08008efa       0x1a ./USB/Core/Src/usbd_core.o
                0x08008efa                USBD_CoreFindIF
 .text.USBD_CoreFindEP
                0x08008f14       0x1a ./USB/Core/Src/usbd_core.o
                0x08008f14                USBD_CoreFindEP
 .text.USBD_GetEpDesc
                0x08008f2e       0x70 ./USB/Core/Src/usbd_core.o
                0x08008f2e                USBD_GetEpDesc
 .text.USBD_GetNextDesc
                0x08008f9e       0x38 ./USB/Core/Src/usbd_core.o
                0x08008f9e                USBD_GetNextDesc
 .text.SWAPBYTE
                0x08008fd6       0x3c ./USB/Core/Src/usbd_ctlreq.o
 *fill*         0x08009012        0x2 
 .text.USBD_StdDevReq
                0x08009014       0xe4 ./USB/Core/Src/usbd_ctlreq.o
                0x08009014                USBD_StdDevReq
 .text.USBD_StdItfReq
                0x080090f8       0xd8 ./USB/Core/Src/usbd_ctlreq.o
                0x080090f8                USBD_StdItfReq
 .text.USBD_StdEPReq
                0x080091d0      0x33a ./USB/Core/Src/usbd_ctlreq.o
                0x080091d0                USBD_StdEPReq
 *fill*         0x0800950a        0x2 
 .text.USBD_GetDescriptor
                0x0800950c      0x2d4 ./USB/Core/Src/usbd_ctlreq.o
 .text.USBD_SetAddress
                0x080097e0       0x88 ./USB/Core/Src/usbd_ctlreq.o
 .text.USBD_SetConfig
                0x08009868      0x154 ./USB/Core/Src/usbd_ctlreq.o
 .text.USBD_GetConfig
                0x080099bc       0x6c ./USB/Core/Src/usbd_ctlreq.o
 .text.USBD_GetStatus
                0x08009a28       0x68 ./USB/Core/Src/usbd_ctlreq.o
 .text.USBD_SetFeature
                0x08009a90       0x52 ./USB/Core/Src/usbd_ctlreq.o
 .text.USBD_ClrFeature
                0x08009ae2       0x44 ./USB/Core/Src/usbd_ctlreq.o
 .text.USBD_ParseSetupRequest
                0x08009b26       0x74 ./USB/Core/Src/usbd_ctlreq.o
                0x08009b26                USBD_ParseSetupRequest
 .text.USBD_CtlError
                0x08009b9a       0x22 ./USB/Core/Src/usbd_ctlreq.o
                0x08009b9a                USBD_CtlError
 .text.USBD_GetString
                0x08009bbc       0x8c ./USB/Core/Src/usbd_ctlreq.o
                0x08009bbc                USBD_GetString
 .text.USBD_GetLen
                0x08009c48       0x34 ./USB/Core/Src/usbd_ctlreq.o
 .text.USBD_Class_DeviceDescriptor
                0x08009c7c       0x24 ./USB/Core/Src/usbd_desc.o
                0x08009c7c                USBD_Class_DeviceDescriptor
 .text.USBD_Class_LangIDStrDescriptor
                0x08009ca0       0x24 ./USB/Core/Src/usbd_desc.o
                0x08009ca0                USBD_Class_LangIDStrDescriptor
 .text.USBD_Class_ProductStrDescriptor
                0x08009cc4       0x40 ./USB/Core/Src/usbd_desc.o
                0x08009cc4                USBD_Class_ProductStrDescriptor
 .text.USBD_Class_ManufacturerStrDescriptor
                0x08009d04       0x28 ./USB/Core/Src/usbd_desc.o
                0x08009d04                USBD_Class_ManufacturerStrDescriptor
 .text.USBD_Class_SerialStrDescriptor
                0x08009d2c       0x24 ./USB/Core/Src/usbd_desc.o
                0x08009d2c                USBD_Class_SerialStrDescriptor
 .text.USBD_Class_ConfigStrDescriptor
                0x08009d50       0x3c ./USB/Core/Src/usbd_desc.o
                0x08009d50                USBD_Class_ConfigStrDescriptor
 .text.USBD_Class_InterfaceStrDescriptor
                0x08009d8c       0x3c ./USB/Core/Src/usbd_desc.o
                0x08009d8c                USBD_Class_InterfaceStrDescriptor
 .text.Get_SerialNum
                0x08009dc8       0x58 ./USB/Core/Src/usbd_desc.o
 .text.IntToUnicode
                0x08009e20       0x7a ./USB/Core/Src/usbd_desc.o
 .text.USBD_CtlSendData
                0x08009e9a       0x36 ./USB/Core/Src/usbd_ioreq.o
                0x08009e9a                USBD_CtlSendData
 .text.USBD_CtlContinueSendData
                0x08009ed0       0x22 ./USB/Core/Src/usbd_ioreq.o
                0x08009ed0                USBD_CtlContinueSendData
 .text.USBD_CtlPrepareRx
                0x08009ef2       0x3a ./USB/Core/Src/usbd_ioreq.o
                0x08009ef2                USBD_CtlPrepareRx
 .text.USBD_CtlContinueRx
                0x08009f2c       0x22 ./USB/Core/Src/usbd_ioreq.o
                0x08009f2c                USBD_CtlContinueRx
 .text.USBD_CtlSendStatus
                0x08009f4e       0x26 ./USB/Core/Src/usbd_ioreq.o
                0x08009f4e                USBD_CtlSendStatus
 .text.USBD_CtlReceiveStatus
                0x08009f74       0x26 ./USB/Core/Src/usbd_ioreq.o
                0x08009f74                USBD_CtlReceiveStatus
 *fill*         0x08009f9a        0x2 
 .text.std      0x08009f9c       0x6c C:/ST/STM32CubeIDE_1.16.0/STM32CubeIDE/plugins/com.st.stm32cube.ide.mcu.externaltools.gnu-tools-for-stm32.12.3.rel1.win32_1.0.200.202406191623/tools/bin/../lib/gcc/arm-none-eabi/12.3.1/../../../../arm-none-eabi/lib/thumb/v8-m.main+fp/hard\libc_nano.a(libc_a-findfp.o)
 .text.stdio_exit_handler
                0x0800a008       0x18 C:/ST/STM32CubeIDE_1.16.0/STM32CubeIDE/plugins/com.st.stm32cube.ide.mcu.externaltools.gnu-tools-for-stm32.12.3.rel1.win32_1.0.200.202406191623/tools/bin/../lib/gcc/arm-none-eabi/12.3.1/../../../../arm-none-eabi/lib/thumb/v8-m.main+fp/hard\libc_nano.a(libc_a-findfp.o)
 .text.cleanup_stdio
                0x0800a020       0x40 C:/ST/STM32CubeIDE_1.16.0/STM32CubeIDE/plugins/com.st.stm32cube.ide.mcu.externaltools.gnu-tools-for-stm32.12.3.rel1.win32_1.0.200.202406191623/tools/bin/../lib/gcc/arm-none-eabi/12.3.1/../../../../arm-none-eabi/lib/thumb/v8-m.main+fp/hard\libc_nano.a(libc_a-findfp.o)
 .text.global_stdio_init.part.0
                0x0800a060       0x3c C:/ST/STM32CubeIDE_1.16.0/STM32CubeIDE/plugins/com.st.stm32cube.ide.mcu.externaltools.gnu-tools-for-stm32.12.3.rel1.win32_1.0.200.202406191623/tools/bin/../lib/gcc/arm-none-eabi/12.3.1/../../../../arm-none-eabi/lib/thumb/v8-m.main+fp/hard\libc_nano.a(libc_a-findfp.o)
 .text.__sfp_lock_acquire
                0x0800a09c        0xc C:/ST/STM32CubeIDE_1.16.0/STM32CubeIDE/plugins/com.st.stm32cube.ide.mcu.externaltools.gnu-tools-for-stm32.12.3.rel1.win32_1.0.200.202406191623/tools/bin/../lib/gcc/arm-none-eabi/12.3.1/../../../../arm-none-eabi/lib/thumb/v8-m.main+fp/hard\libc_nano.a(libc_a-findfp.o)
                0x0800a09c                __sfp_lock_acquire
 .text.__sfp_lock_release
                0x0800a0a8        0xc C:/ST/STM32CubeIDE_1.16.0/STM32CubeIDE/plugins/com.st.stm32cube.ide.mcu.externaltools.gnu-tools-for-stm32.12.3.rel1.win32_1.0.200.202406191623/tools/bin/../lib/gcc/arm-none-eabi/12.3.1/../../../../arm-none-eabi/lib/thumb/v8-m.main+fp/hard\libc_nano.a(libc_a-findfp.o)
                0x0800a0a8                __sfp_lock_release
 .text.__sinit  0x0800a0b4       0x30 C:/ST/STM32CubeIDE_1.16.0/STM32CubeIDE/plugins/com.st.stm32cube.ide.mcu.externaltools.gnu-tools-for-stm32.12.3.rel1.win32_1.0.200.202406191623/tools/bin/../lib/gcc/arm-none-eabi/12.3.1/../../../../arm-none-eabi/lib/thumb/v8-m.main+fp/hard\libc_nano.a(libc_a-findfp.o)
                0x0800a0b4                __sinit
 .text._fwalk_sglue
                0x0800a0e4       0x3c C:/ST/STM32CubeIDE_1.16.0/STM32CubeIDE/plugins/com.st.stm32cube.ide.mcu.externaltools.gnu-tools-for-stm32.12.3.rel1.win32_1.0.200.202406191623/tools/bin/../lib/gcc/arm-none-eabi/12.3.1/../../../../arm-none-eabi/lib/thumb/v8-m.main+fp/hard\libc_nano.a(libc_a-fwalk.o)
                0x0800a0e4                _fwalk_sglue
 .text.printf   0x0800a120       0x24 C:/ST/STM32CubeIDE_1.16.0/STM32CubeIDE/plugins/com.st.stm32cube.ide.mcu.externaltools.gnu-tools-for-stm32.12.3.rel1.win32_1.0.200.202406191623/tools/bin/../lib/gcc/arm-none-eabi/12.3.1/../../../../arm-none-eabi/lib/thumb/v8-m.main+fp/hard\libc_nano.a(libc_a-printf.o)
                0x0800a120                iprintf
                0x0800a120                printf
 .text.putchar  0x0800a144       0x10 C:/ST/STM32CubeIDE_1.16.0/STM32CubeIDE/plugins/com.st.stm32cube.ide.mcu.externaltools.gnu-tools-for-stm32.12.3.rel1.win32_1.0.200.202406191623/tools/bin/../lib/gcc/arm-none-eabi/12.3.1/../../../../arm-none-eabi/lib/thumb/v8-m.main+fp/hard\libc_nano.a(libc_a-putchar.o)
                0x0800a144                putchar
 .text.__sread  0x0800a154       0x22 C:/ST/STM32CubeIDE_1.16.0/STM32CubeIDE/plugins/com.st.stm32cube.ide.mcu.externaltools.gnu-tools-for-stm32.12.3.rel1.win32_1.0.200.202406191623/tools/bin/../lib/gcc/arm-none-eabi/12.3.1/../../../../arm-none-eabi/lib/thumb/v8-m.main+fp/hard\libc_nano.a(libc_a-stdio.o)
                0x0800a154                __sread
 .text.__swrite
                0x0800a176       0x38 C:/ST/STM32CubeIDE_1.16.0/STM32CubeIDE/plugins/com.st.stm32cube.ide.mcu.externaltools.gnu-tools-for-stm32.12.3.rel1.win32_1.0.200.202406191623/tools/bin/../lib/gcc/arm-none-eabi/12.3.1/../../../../arm-none-eabi/lib/thumb/v8-m.main+fp/hard\libc_nano.a(libc_a-stdio.o)
                0x0800a176                __swrite
 .text.__sseek  0x0800a1ae       0x24 C:/ST/STM32CubeIDE_1.16.0/STM32CubeIDE/plugins/com.st.stm32cube.ide.mcu.externaltools.gnu-tools-for-stm32.12.3.rel1.win32_1.0.200.202406191623/tools/bin/../lib/gcc/arm-none-eabi/12.3.1/../../../../arm-none-eabi/lib/thumb/v8-m.main+fp/hard\libc_nano.a(libc_a-stdio.o)
                0x0800a1ae                __sseek
 .text.__sclose
                0x0800a1d2        0x8 C:/ST/STM32CubeIDE_1.16.0/STM32CubeIDE/plugins/com.st.stm32cube.ide.mcu.externaltools.gnu-tools-for-stm32.12.3.rel1.win32_1.0.200.202406191623/tools/bin/../lib/gcc/arm-none-eabi/12.3.1/../../../../arm-none-eabi/lib/thumb/v8-m.main+fp/hard\libc_nano.a(libc_a-stdio.o)
                0x0800a1d2                __sclose
 .text.memset   0x0800a1da       0x10 C:/ST/STM32CubeIDE_1.16.0/STM32CubeIDE/plugins/com.st.stm32cube.ide.mcu.externaltools.gnu-tools-for-stm32.12.3.rel1.win32_1.0.200.202406191623/tools/bin/../lib/gcc/arm-none-eabi/12.3.1/../../../../arm-none-eabi/lib/thumb/v8-m.main+fp/hard\libc_nano.a(libc_a-memset.o)
                0x0800a1da                memset
 *fill*         0x0800a1ea        0x2 
 .text._close_r
                0x0800a1ec       0x20 C:/ST/STM32CubeIDE_1.16.0/STM32CubeIDE/plugins/com.st.stm32cube.ide.mcu.externaltools.gnu-tools-for-stm32.12.3.rel1.win32_1.0.200.202406191623/tools/bin/../lib/gcc/arm-none-eabi/12.3.1/../../../../arm-none-eabi/lib/thumb/v8-m.main+fp/hard\libc_nano.a(libc_a-closer.o)
                0x0800a1ec                _close_r
 .text._lseek_r
                0x0800a20c       0x24 C:/ST/STM32CubeIDE_1.16.0/STM32CubeIDE/plugins/com.st.stm32cube.ide.mcu.externaltools.gnu-tools-for-stm32.12.3.rel1.win32_1.0.200.202406191623/tools/bin/../lib/gcc/arm-none-eabi/12.3.1/../../../../arm-none-eabi/lib/thumb/v8-m.main+fp/hard\libc_nano.a(libc_a-lseekr.o)
                0x0800a20c                _lseek_r
 .text._read_r  0x0800a230       0x24 C:/ST/STM32CubeIDE_1.16.0/STM32CubeIDE/plugins/com.st.stm32cube.ide.mcu.externaltools.gnu-tools-for-stm32.12.3.rel1.win32_1.0.200.202406191623/tools/bin/../lib/gcc/arm-none-eabi/12.3.1/../../../../arm-none-eabi/lib/thumb/v8-m.main+fp/hard\libc_nano.a(libc_a-readr.o)
                0x0800a230                _read_r
 .text._write_r
                0x0800a254       0x24 C:/ST/STM32CubeIDE_1.16.0/STM32CubeIDE/plugins/com.st.stm32cube.ide.mcu.externaltools.gnu-tools-for-stm32.12.3.rel1.win32_1.0.200.202406191623/tools/bin/../lib/gcc/arm-none-eabi/12.3.1/../../../../arm-none-eabi/lib/thumb/v8-m.main+fp/hard\libc_nano.a(libc_a-writer.o)
                0x0800a254                _write_r
 .text.__errno  0x0800a278        0xc C:/ST/STM32CubeIDE_1.16.0/STM32CubeIDE/plugins/com.st.stm32cube.ide.mcu.externaltools.gnu-tools-for-stm32.12.3.rel1.win32_1.0.200.202406191623/tools/bin/../lib/gcc/arm-none-eabi/12.3.1/../../../../arm-none-eabi/lib/thumb/v8-m.main+fp/hard\libc_nano.a(libc_a-errno.o)
                0x0800a278                __errno
 .text.__libc_init_array
                0x0800a284       0x48 C:/ST/STM32CubeIDE_1.16.0/STM32CubeIDE/plugins/com.st.stm32cube.ide.mcu.externaltools.gnu-tools-for-stm32.12.3.rel1.win32_1.0.200.202406191623/tools/bin/../lib/gcc/arm-none-eabi/12.3.1/../../../../arm-none-eabi/lib/thumb/v8-m.main+fp/hard\libc_nano.a(libc_a-init.o)
                0x0800a284                __libc_init_array
 .text.__retarget_lock_init_recursive
                0x0800a2cc        0x2 C:/ST/STM32CubeIDE_1.16.0/STM32CubeIDE/plugins/com.st.stm32cube.ide.mcu.externaltools.gnu-tools-for-stm32.12.3.rel1.win32_1.0.200.202406191623/tools/bin/../lib/gcc/arm-none-eabi/12.3.1/../../../../arm-none-eabi/lib/thumb/v8-m.main+fp/hard\libc_nano.a(libc_a-lock.o)
                0x0800a2cc                __retarget_lock_init_recursive
 .text.__retarget_lock_acquire_recursive
                0x0800a2ce        0x2 C:/ST/STM32CubeIDE_1.16.0/STM32CubeIDE/plugins/com.st.stm32cube.ide.mcu.externaltools.gnu-tools-for-stm32.12.3.rel1.win32_1.0.200.202406191623/tools/bin/../lib/gcc/arm-none-eabi/12.3.1/../../../../arm-none-eabi/lib/thumb/v8-m.main+fp/hard\libc_nano.a(libc_a-lock.o)
                0x0800a2ce                __retarget_lock_acquire_recursive
 .text.__retarget_lock_release_recursive
                0x0800a2d0        0x2 C:/ST/STM32CubeIDE_1.16.0/STM32CubeIDE/plugins/com.st.stm32cube.ide.mcu.externaltools.gnu-tools-for-stm32.12.3.rel1.win32_1.0.200.202406191623/tools/bin/../lib/gcc/arm-none-eabi/12.3.1/../../../../arm-none-eabi/lib/thumb/v8-m.main+fp/hard\libc_nano.a(libc_a-lock.o)
                0x0800a2d0                __retarget_lock_release_recursive
 *fill*         0x0800a2d2        0x2 
 .text._free_r  0x0800a2d4       0x94 C:/ST/STM32CubeIDE_1.16.0/STM32CubeIDE/plugins/com.st.stm32cube.ide.mcu.externaltools.gnu-tools-for-stm32.12.3.rel1.win32_1.0.200.202406191623/tools/bin/../lib/gcc/arm-none-eabi/12.3.1/../../../../arm-none-eabi/lib/thumb/v8-m.main+fp/hard\libc_nano.a(libc_a-freer.o)
                0x0800a2d4                _free_r
 .text.sbrk_aligned
                0x0800a368       0x44 C:/ST/STM32CubeIDE_1.16.0/STM32CubeIDE/plugins/com.st.stm32cube.ide.mcu.externaltools.gnu-tools-for-stm32.12.3.rel1.win32_1.0.200.202406191623/tools/bin/../lib/gcc/arm-none-eabi/12.3.1/../../../../arm-none-eabi/lib/thumb/v8-m.main+fp/hard\libc_nano.a(libc_a-mallocr.o)
 .text._malloc_r
                0x0800a3ac      0x100 C:/ST/STM32CubeIDE_1.16.0/STM32CubeIDE/plugins/com.st.stm32cube.ide.mcu.externaltools.gnu-tools-for-stm32.12.3.rel1.win32_1.0.200.202406191623/tools/bin/../lib/gcc/arm-none-eabi/12.3.1/../../../../arm-none-eabi/lib/thumb/v8-m.main+fp/hard\libc_nano.a(libc_a-mallocr.o)
                0x0800a3ac                _malloc_r
 .text.__malloc_lock
                0x0800a4ac        0xc C:/ST/STM32CubeIDE_1.16.0/STM32CubeIDE/plugins/com.st.stm32cube.ide.mcu.externaltools.gnu-tools-for-stm32.12.3.rel1.win32_1.0.200.202406191623/tools/bin/../lib/gcc/arm-none-eabi/12.3.1/../../../../arm-none-eabi/lib/thumb/v8-m.main+fp/hard\libc_nano.a(libc_a-mlock.o)
                0x0800a4ac                __malloc_lock
 .text.__malloc_unlock
                0x0800a4b8        0xc C:/ST/STM32CubeIDE_1.16.0/STM32CubeIDE/plugins/com.st.stm32cube.ide.mcu.externaltools.gnu-tools-for-stm32.12.3.rel1.win32_1.0.200.202406191623/tools/bin/../lib/gcc/arm-none-eabi/12.3.1/../../../../arm-none-eabi/lib/thumb/v8-m.main+fp/hard\libc_nano.a(libc_a-mlock.o)
                0x0800a4b8                __malloc_unlock
 .text.__sfputc_r
                0x0800a4c4       0x2e C:/ST/STM32CubeIDE_1.16.0/STM32CubeIDE/plugins/com.st.stm32cube.ide.mcu.externaltools.gnu-tools-for-stm32.12.3.rel1.win32_1.0.200.202406191623/tools/bin/../lib/gcc/arm-none-eabi/12.3.1/../../../../arm-none-eabi/lib/thumb/v8-m.main+fp/hard\libc_nano.a(libc_a-nano-vfprintf.o)
 .text.__sfputs_r
                0x0800a4f2       0x24 C:/ST/STM32CubeIDE_1.16.0/STM32CubeIDE/plugins/com.st.stm32cube.ide.mcu.externaltools.gnu-tools-for-stm32.12.3.rel1.win32_1.0.200.202406191623/tools/bin/../lib/gcc/arm-none-eabi/12.3.1/../../../../arm-none-eabi/lib/thumb/v8-m.main+fp/hard\libc_nano.a(libc_a-nano-vfprintf.o)
                0x0800a4f2                __sfputs_r
 *fill*         0x0800a516        0x2 
 .text._vfprintf_r
                0x0800a518      0x230 C:/ST/STM32CubeIDE_1.16.0/STM32CubeIDE/plugins/com.st.stm32cube.ide.mcu.externaltools.gnu-tools-for-stm32.12.3.rel1.win32_1.0.200.202406191623/tools/bin/../lib/gcc/arm-none-eabi/12.3.1/../../../../arm-none-eabi/lib/thumb/v8-m.main+fp/hard\libc_nano.a(libc_a-nano-vfprintf.o)
                0x0800a518                _vfprintf_r
                0x0800a518                _vfiprintf_r
 .text._printf_common
                0x0800a748       0xe4 C:/ST/STM32CubeIDE_1.16.0/STM32CubeIDE/plugins/com.st.stm32cube.ide.mcu.externaltools.gnu-tools-for-stm32.12.3.rel1.win32_1.0.200.202406191623/tools/bin/../lib/gcc/arm-none-eabi/12.3.1/../../../../arm-none-eabi/lib/thumb/v8-m.main+fp/hard\libc_nano.a(libc_a-nano-vfprintf_i.o)
                0x0800a748                _printf_common
 .text._printf_i
                0x0800a82c      0x240 C:/ST/STM32CubeIDE_1.16.0/STM32CubeIDE/plugins/com.st.stm32cube.ide.mcu.externaltools.gnu-tools-for-stm32.12.3.rel1.win32_1.0.200.202406191623/tools/bin/../lib/gcc/arm-none-eabi/12.3.1/../../../../arm-none-eabi/lib/thumb/v8-m.main+fp/hard\libc_nano.a(libc_a-nano-vfprintf_i.o)
                0x0800a82c                _printf_i
 .text.__sflush_r
                0x0800aa6c      0x108 C:/ST/STM32CubeIDE_1.16.0/STM32CubeIDE/plugins/com.st.stm32cube.ide.mcu.externaltools.gnu-tools-for-stm32.12.3.rel1.win32_1.0.200.202406191623/tools/bin/../lib/gcc/arm-none-eabi/12.3.1/../../../../arm-none-eabi/lib/thumb/v8-m.main+fp/hard\libc_nano.a(libc_a-fflush.o)
                0x0800aa6c                __sflush_r
 .text._fflush_r
                0x0800ab74       0x50 C:/ST/STM32CubeIDE_1.16.0/STM32CubeIDE/plugins/com.st.stm32cube.ide.mcu.externaltools.gnu-tools-for-stm32.12.3.rel1.win32_1.0.200.202406191623/tools/bin/../lib/gcc/arm-none-eabi/12.3.1/../../../../arm-none-eabi/lib/thumb/v8-m.main+fp/hard\libc_nano.a(libc_a-fflush.o)
                0x0800ab74                _fflush_r
 .text._putc_r  0x0800abc4       0x68 C:/ST/STM32CubeIDE_1.16.0/STM32CubeIDE/plugins/com.st.stm32cube.ide.mcu.externaltools.gnu-tools-for-stm32.12.3.rel1.win32_1.0.200.202406191623/tools/bin/../lib/gcc/arm-none-eabi/12.3.1/../../../../arm-none-eabi/lib/thumb/v8-m.main+fp/hard\libc_nano.a(libc_a-putc.o)
                0x0800abc4                _putc_r
 .text.__swbuf_r
                0x0800ac2c       0x7c C:/ST/STM32CubeIDE_1.16.0/STM32CubeIDE/plugins/com.st.stm32cube.ide.mcu.externaltools.gnu-tools-for-stm32.12.3.rel1.win32_1.0.200.202406191623/tools/bin/../lib/gcc/arm-none-eabi/12.3.1/../../../../arm-none-eabi/lib/thumb/v8-m.main+fp/hard\libc_nano.a(libc_a-wbuf.o)
                0x0800ac2c                __swbuf_r
 .text.__swsetup_r
                0x0800aca8       0xac C:/ST/STM32CubeIDE_1.16.0/STM32CubeIDE/plugins/com.st.stm32cube.ide.mcu.externaltools.gnu-tools-for-stm32.12.3.rel1.win32_1.0.200.202406191623/tools/bin/../lib/gcc/arm-none-eabi/12.3.1/../../../../arm-none-eabi/lib/thumb/v8-m.main+fp/hard\libc_nano.a(libc_a-wsetup.o)
                0x0800aca8                __swsetup_r
 .text._sbrk_r  0x0800ad54       0x20 C:/ST/STM32CubeIDE_1.16.0/STM32CubeIDE/plugins/com.st.stm32cube.ide.mcu.externaltools.gnu-tools-for-stm32.12.3.rel1.win32_1.0.200.202406191623/tools/bin/../lib/gcc/arm-none-eabi/12.3.1/../../../../arm-none-eabi/lib/thumb/v8-m.main+fp/hard\libc_nano.a(libc_a-sbrkr.o)
                0x0800ad54                _sbrk_r
 .text.memchr   0x0800ad74       0x1c C:/ST/STM32CubeIDE_1.16.0/STM32CubeIDE/plugins/com.st.stm32cube.ide.mcu.externaltools.gnu-tools-for-stm32.12.3.rel1.win32_1.0.200.202406191623/tools/bin/../lib/gcc/arm-none-eabi/12.3.1/../../../../arm-none-eabi/lib/thumb/v8-m.main+fp/hard\libc_nano.a(libc_a-memchr-stub.o)
                0x0800ad74                memchr
 .text.__swhatbuf_r
                0x0800ad90       0x4a C:/ST/STM32CubeIDE_1.16.0/STM32CubeIDE/plugins/com.st.stm32cube.ide.mcu.externaltools.gnu-tools-for-stm32.12.3.rel1.win32_1.0.200.202406191623/tools/bin/../lib/gcc/arm-none-eabi/12.3.1/../../../../arm-none-eabi/lib/thumb/v8-m.main+fp/hard\libc_nano.a(libc_a-makebuf.o)
                0x0800ad90                __swhatbuf_r
 .text.__smakebuf_r
                0x0800adda       0x78 C:/ST/STM32CubeIDE_1.16.0/STM32CubeIDE/plugins/com.st.stm32cube.ide.mcu.externaltools.gnu-tools-for-stm32.12.3.rel1.win32_1.0.200.202406191623/tools/bin/../lib/gcc/arm-none-eabi/12.3.1/../../../../arm-none-eabi/lib/thumb/v8-m.main+fp/hard\libc_nano.a(libc_a-makebuf.o)
                0x0800adda                __smakebuf_r
 *fill*         0x0800ae52        0x2 
 .text._fstat_r
                0x0800ae54       0x24 C:/ST/STM32CubeIDE_1.16.0/STM32CubeIDE/plugins/com.st.stm32cube.ide.mcu.externaltools.gnu-tools-for-stm32.12.3.rel1.win32_1.0.200.202406191623/tools/bin/../lib/gcc/arm-none-eabi/12.3.1/../../../../arm-none-eabi/lib/thumb/v8-m.main+fp/hard\libc_nano.a(libc_a-fstatr.o)
                0x0800ae54                _fstat_r
 .text._isatty_r
                0x0800ae78       0x20 C:/ST/STM32CubeIDE_1.16.0/STM32CubeIDE/plugins/com.st.stm32cube.ide.mcu.externaltools.gnu-tools-for-stm32.12.3.rel1.win32_1.0.200.202406191623/tools/bin/../lib/gcc/arm-none-eabi/12.3.1/../../../../arm-none-eabi/lib/thumb/v8-m.main+fp/hard\libc_nano.a(libc_a-isattyr.o)
                0x0800ae78                _isatty_r
 *(.glue_7)
 .glue_7        0x0800ae98        0x0 linker stubs
 *(.glue_7t)
 .glue_7t       0x0800ae98        0x0 linker stubs
 *(.eh_frame)
 .eh_frame      0x0800ae98        0x0 C:/ST/STM32CubeIDE_1.16.0/STM32CubeIDE/plugins/com.st.stm32cube.ide.mcu.externaltools.gnu-tools-for-stm32.12.3.rel1.win32_1.0.200.202406191623/tools/bin/../lib/gcc/arm-none-eabi/12.3.1/thumb/v8-m.main+fp/hard/crtbegin.o
 *(.init)
 .init          0x0800ae98        0x4 C:/ST/STM32CubeIDE_1.16.0/STM32CubeIDE/plugins/com.st.stm32cube.ide.mcu.externaltools.gnu-tools-for-stm32.12.3.rel1.win32_1.0.200.202406191623/tools/bin/../lib/gcc/arm-none-eabi/12.3.1/thumb/v8-m.main+fp/hard/crti.o
                0x0800ae98                _init
 .init          0x0800ae9c        0x8 C:/ST/STM32CubeIDE_1.16.0/STM32CubeIDE/plugins/com.st.stm32cube.ide.mcu.externaltools.gnu-tools-for-stm32.12.3.rel1.win32_1.0.200.202406191623/tools/bin/../lib/gcc/arm-none-eabi/12.3.1/thumb/v8-m.main+fp/hard/crtn.o
 *(.fini)
 .fini          0x0800aea4        0x4 C:/ST/STM32CubeIDE_1.16.0/STM32CubeIDE/plugins/com.st.stm32cube.ide.mcu.externaltools.gnu-tools-for-stm32.12.3.rel1.win32_1.0.200.202406191623/tools/bin/../lib/gcc/arm-none-eabi/12.3.1/thumb/v8-m.main+fp/hard/crti.o
                0x0800aea4                _fini
 .fini          0x0800aea8        0x8 C:/ST/STM32CubeIDE_1.16.0/STM32CubeIDE/plugins/com.st.stm32cube.ide.mcu.externaltools.gnu-tools-for-stm32.12.3.rel1.win32_1.0.200.202406191623/tools/bin/../lib/gcc/arm-none-eabi/12.3.1/thumb/v8-m.main+fp/hard/crtn.o
                0x0800aeb0                        . = ALIGN (0x4)
                0x0800aeb0                        _etext = .

.vfp11_veneer   0x0800aeb0        0x0
 .vfp11_veneer  0x0800aeb0        0x0 linker stubs

.v4_bx          0x0800aeb0        0x0
 .v4_bx         0x0800aeb0        0x0 linker stubs

.iplt           0x0800aeb0        0x0
 .iplt          0x0800aeb0        0x0 C:/ST/STM32CubeIDE_1.16.0/STM32CubeIDE/plugins/com.st.stm32cube.ide.mcu.externaltools.gnu-tools-for-stm32.12.3.rel1.win32_1.0.200.202406191623/tools/bin/../lib/gcc/arm-none-eabi/12.3.1/thumb/v8-m.main+fp/hard/crtbegin.o

.rodata         0x0800aeb0      0x128
                0x0800aeb0                        . = ALIGN (0x4)
 *(.rodata)
 .rodata        0x0800aeb0       0x35 ./USB/Core/Src/usbd_core.o
 *fill*         0x0800aee5        0x3 
 .rodata        0x0800aee8       0x9c ./USB/Core/Src/usbd_desc.o
 *(.rodata*)
 .rodata.AHBPrescTable
                0x0800af84       0x10 ./Core/Src/system_stm32h5xx.o
                0x0800af84                AHBPrescTable
 .rodata.DLCtoBytes
                0x0800af94       0x10 ./Drivers/STM32H5xx_HAL_Driver/Src/stm32h5xx_hal_fdcan.o
 .rodata._vfprintf_r.str1.1
                0x0800afa4       0x11 C:/ST/STM32CubeIDE_1.16.0/STM32CubeIDE/plugins/com.st.stm32cube.ide.mcu.externaltools.gnu-tools-for-stm32.12.3.rel1.win32_1.0.200.202406191623/tools/bin/../lib/gcc/arm-none-eabi/12.3.1/../../../../arm-none-eabi/lib/thumb/v8-m.main+fp/hard\libc_nano.a(libc_a-nano-vfprintf.o)
 .rodata._printf_i.str1.1
                0x0800afb5       0x22 C:/ST/STM32CubeIDE_1.16.0/STM32CubeIDE/plugins/com.st.stm32cube.ide.mcu.externaltools.gnu-tools-for-stm32.12.3.rel1.win32_1.0.200.202406191623/tools/bin/../lib/gcc/arm-none-eabi/12.3.1/../../../../arm-none-eabi/lib/thumb/v8-m.main+fp/hard\libc_nano.a(libc_a-nano-vfprintf_i.o)
                0x0800afd8                        . = ALIGN (0x4)
 *fill*         0x0800afd7        0x1 

.ARM.extab      0x0800afd8        0x0
                0x0800afd8                        . = ALIGN (0x4)
 *(.ARM.extab* .gnu.linkonce.armextab.*)
                0x0800afd8                        . = ALIGN (0x4)

.ARM            0x0800afd8        0x0
                0x0800afd8                        . = ALIGN (0x4)
                0x0800afd8                        __exidx_start = .
 *(.ARM.exidx*)
                0x0800afd8                        __exidx_end = .
                0x0800afd8                        . = ALIGN (0x4)

.preinit_array  0x0800afd8        0x0
                0x0800afd8                        . = ALIGN (0x4)
                0x0800afd8                        PROVIDE (__preinit_array_start = .)
 *(.preinit_array*)
                0x0800afd8                        PROVIDE (__preinit_array_end = .)
                0x0800afd8                        . = ALIGN (0x4)

.init_array     0x0800afd8        0x4
                0x0800afd8                        . = ALIGN (0x4)
                0x0800afd8                        PROVIDE (__init_array_start = .)
 *(SORT_BY_NAME(.init_array.*))
 *(.init_array*)
 .init_array    0x0800afd8        0x4 C:/ST/STM32CubeIDE_1.16.0/STM32CubeIDE/plugins/com.st.stm32cube.ide.mcu.externaltools.gnu-tools-for-stm32.12.3.rel1.win32_1.0.200.202406191623/tools/bin/../lib/gcc/arm-none-eabi/12.3.1/thumb/v8-m.main+fp/hard/crtbegin.o
                0x0800afdc                        PROVIDE (__init_array_end = .)
                0x0800afdc                        . = ALIGN (0x4)

.fini_array     0x0800afdc        0x4
                0x0800afdc                        . = ALIGN (0x4)
                [!provide]                        PROVIDE (__fini_array_start = .)
 *(SORT_BY_NAME(.fini_array.*))
 *(.fini_array*)
 .fini_array    0x0800afdc        0x4 C:/ST/STM32CubeIDE_1.16.0/STM32CubeIDE/plugins/com.st.stm32cube.ide.mcu.externaltools.gnu-tools-for-stm32.12.3.rel1.win32_1.0.200.202406191623/tools/bin/../lib/gcc/arm-none-eabi/12.3.1/thumb/v8-m.main+fp/hard/crtbegin.o
                [!provide]                        PROVIDE (__fini_array_end = .)
                0x0800afe0                        . = ALIGN (0x4)
                0x0800afe0                        _sidata = LOADADDR (.data)

.rel.dyn        0x0800afe0        0x0
 .rel.iplt      0x0800afe0        0x0 C:/ST/STM32CubeIDE_1.16.0/STM32CubeIDE/plugins/com.st.stm32cube.ide.mcu.externaltools.gnu-tools-for-stm32.12.3.rel1.win32_1.0.200.202406191623/tools/bin/../lib/gcc/arm-none-eabi/12.3.1/thumb/v8-m.main+fp/hard/crtbegin.o

.data           0x20000000      0x164 load address 0x0800afe0
                0x20000000                        . = ALIGN (0x4)
                0x20000000                        _sdata = .
 *(.data)
 *(.data*)
 .data.SystemCoreClock
                0x20000000        0x4 ./Core/Src/system_stm32h5xx.o
                0x20000000                SystemCoreClock
 .data.uwTickPrio
                0x20000004        0x4 ./Drivers/STM32H5xx_HAL_Driver/Src/stm32h5xx_hal.o
                0x20000004                uwTickPrio
 .data.uwTickFreq
                0x20000008        0x1 ./Drivers/STM32H5xx_HAL_Driver/Src/stm32h5xx_hal.o
                0x20000008                uwTickFreq
 *fill*         0x20000009        0x3 
 .data.USBD_CUSTOM_HID
                0x2000000c       0x38 ./USB/Class/CustomHID/Src/usbd_customhid.o
                0x2000000c                USBD_CUSTOM_HID
 .data.USBD_CUSTOM_HID_CfgDesc
                0x20000044       0x29 ./USB/Class/CustomHID/Src/usbd_customhid.o
 *fill*         0x2000006d        0x3 
 .data.USBD_CUSTOM_HID_Desc
                0x20000070        0x9 ./USB/Class/CustomHID/Src/usbd_customhid.o
 *fill*         0x20000079        0x3 
 .data.USBD_CUSTOM_HID_DeviceQualifierDesc
                0x2000007c        0xa ./USB/Class/CustomHID/Src/usbd_customhid.o
 .data.CUSTOMHIDInEpAdd
                0x20000086        0x1 ./USB/Class/CustomHID/Src/usbd_customhid.o
 .data.CUSTOMHIDOutEpAdd
                0x20000087        0x1 ./USB/Class/CustomHID/Src/usbd_customhid.o
 .data.CUSTOM_HID_ReportDesc_FS
                0x20000088       0x1e ./USB/Class/CustomHID/Src/usbd_customhid_if.o
 *fill*         0x200000a6        0x2 
 .data.USBD_CustomHID_template_fops
                0x200000a8       0x10 ./USB/Class/CustomHID/Src/usbd_customhid_if.o
                0x200000a8                USBD_CustomHID_template_fops
 .data.Class_Desc
                0x200000b8       0x1c ./USB/Core/Src/usbd_desc.o
                0x200000b8                Class_Desc
 .data.USBD_DeviceDesc
                0x200000d4       0x12 ./USB/Core/Src/usbd_desc.o
                0x200000d4                USBD_DeviceDesc
 *fill*         0x200000e6        0x2 
 .data.USBD_LangIDDesc
                0x200000e8        0x4 ./USB/Core/Src/usbd_desc.o
                0x200000e8                USBD_LangIDDesc
 .data.USBD_StringSerial
                0x200000ec       0x1a ./USB/Core/Src/usbd_desc.o
                0x200000ec                USBD_StringSerial
 *fill*         0x20000106        0x2 
 .data.__sglue  0x20000108        0xc C:/ST/STM32CubeIDE_1.16.0/STM32CubeIDE/plugins/com.st.stm32cube.ide.mcu.externaltools.gnu-tools-for-stm32.12.3.rel1.win32_1.0.200.202406191623/tools/bin/../lib/gcc/arm-none-eabi/12.3.1/../../../../arm-none-eabi/lib/thumb/v8-m.main+fp/hard\libc_nano.a(libc_a-findfp.o)
                0x20000108                __sglue
 .data._impure_ptr
                0x20000114        0x4 C:/ST/STM32CubeIDE_1.16.0/STM32CubeIDE/plugins/com.st.stm32cube.ide.mcu.externaltools.gnu-tools-for-stm32.12.3.rel1.win32_1.0.200.202406191623/tools/bin/../lib/gcc/arm-none-eabi/12.3.1/../../../../arm-none-eabi/lib/thumb/v8-m.main+fp/hard\libc_nano.a(libc_a-impure.o)
                0x20000114                _impure_ptr
 .data._impure_data
                0x20000118       0x4c C:/ST/STM32CubeIDE_1.16.0/STM32CubeIDE/plugins/com.st.stm32cube.ide.mcu.externaltools.gnu-tools-for-stm32.12.3.rel1.win32_1.0.200.202406191623/tools/bin/../lib/gcc/arm-none-eabi/12.3.1/../../../../arm-none-eabi/lib/thumb/v8-m.main+fp/hard\libc_nano.a(libc_a-impure.o)
                0x20000118                _impure_data
 *(.RamFunc)
 *(.RamFunc*)
                0x20000164                        . = ALIGN (0x4)
                0x20000164                        _edata = .

.igot.plt       0x20000164        0x0 load address 0x0800b144
 .igot.plt      0x20000164        0x0 C:/ST/STM32CubeIDE_1.16.0/STM32CubeIDE/plugins/com.st.stm32cube.ide.mcu.externaltools.gnu-tools-for-stm32.12.3.rel1.win32_1.0.200.202406191623/tools/bin/../lib/gcc/arm-none-eabi/12.3.1/thumb/v8-m.main+fp/hard/crtbegin.o
                0x20000164                        . = ALIGN (0x4)

.bss            0x20000164      0x954 load address 0x0800b144
                0x20000164                        _sbss = .
                0x20000164                        __bss_start__ = _sbss
 *(.bss)
 .bss           0x20000164       0x1c C:/ST/STM32CubeIDE_1.16.0/STM32CubeIDE/plugins/com.st.stm32cube.ide.mcu.externaltools.gnu-tools-for-stm32.12.3.rel1.win32_1.0.200.202406191623/tools/bin/../lib/gcc/arm-none-eabi/12.3.1/thumb/v8-m.main+fp/hard/crtbegin.o
 *(.bss*)
 .bss.hfdcan1   0x20000180       0x64 ./Core/Src/main.o
                0x20000180                hfdcan1
 .bss.hpcd_USB_DRD_FS
                0x200001e4      0x2e0 ./Core/Src/main.o
                0x200001e4                hpcd_USB_DRD_FS
 .bss.hUsbDeviceFS
                0x200004c4      0x2e8 ./Core/Src/main.o
                0x200004c4                hUsbDeviceFS
 .bss.Rx_Header
                0x200007ac       0x28 ./Core/Src/main.o
                0x200007ac                Rx_Header
 .bss.rxData    0x200007d4        0x8 ./Core/Src/main.o
                0x200007d4                rxData
 .bss.Tx_Header
                0x200007dc       0x24 ./Core/Src/main.o
                0x200007dc                Tx_Header
 .bss.txData    0x20000800        0x4 ./Core/Src/main.o
                0x20000800                txData
 .bss.buttons   0x20000804        0x2 ./Core/Src/main.o
                0x20000804                buttons
 *fill*         0x20000806        0x2 
 .bss.__sbrk_heap_end
                0x20000808        0x4 ./Core/Src/sysmem.o
 .bss.uwTick    0x2000080c        0x4 ./Drivers/STM32H5xx_HAL_Driver/Src/stm32h5xx_hal.o
                0x2000080c                uwTick
 .bss.mem.0     0x20000810       0x58 ./USB/Core/Src/usbd_conf.o
 .bss.cfgidx.0  0x20000868        0x1 ./USB/Core/Src/usbd_ctlreq.o
 *fill*         0x20000869        0x3 
 .bss.USBD_StrDesc
                0x2000086c      0x100 ./USB/Core/Src/usbd_desc.o
                0x2000086c                USBD_StrDesc
 .bss.__sf      0x2000096c      0x138 C:/ST/STM32CubeIDE_1.16.0/STM32CubeIDE/plugins/com.st.stm32cube.ide.mcu.externaltools.gnu-tools-for-stm32.12.3.rel1.win32_1.0.200.202406191623/tools/bin/../lib/gcc/arm-none-eabi/12.3.1/../../../../arm-none-eabi/lib/thumb/v8-m.main+fp/hard\libc_nano.a(libc_a-findfp.o)
                0x2000096c                __sf
 .bss.__stdio_exit_handler
                0x20000aa4        0x4 C:/ST/STM32CubeIDE_1.16.0/STM32CubeIDE/plugins/com.st.stm32cube.ide.mcu.externaltools.gnu-tools-for-stm32.12.3.rel1.win32_1.0.200.202406191623/tools/bin/../lib/gcc/arm-none-eabi/12.3.1/../../../../arm-none-eabi/lib/thumb/v8-m.main+fp/hard\libc_nano.a(libc_a-findfp.o)
                0x20000aa4                __stdio_exit_handler
 .bss.errno     0x20000aa8        0x4 C:/ST/STM32CubeIDE_1.16.0/STM32CubeIDE/plugins/com.st.stm32cube.ide.mcu.externaltools.gnu-tools-for-stm32.12.3.rel1.win32_1.0.200.202406191623/tools/bin/../lib/gcc/arm-none-eabi/12.3.1/../../../../arm-none-eabi/lib/thumb/v8-m.main+fp/hard\libc_nano.a(libc_a-reent.o)
                0x20000aa8                errno
 .bss.__lock___malloc_recursive_mutex
                0x20000aac        0x1 C:/ST/STM32CubeIDE_1.16.0/STM32CubeIDE/plugins/com.st.stm32cube.ide.mcu.externaltools.gnu-tools-for-stm32.12.3.rel1.win32_1.0.200.202406191623/tools/bin/../lib/gcc/arm-none-eabi/12.3.1/../../../../arm-none-eabi/lib/thumb/v8-m.main+fp/hard\libc_nano.a(libc_a-lock.o)
                0x20000aac                __lock___malloc_recursive_mutex
 .bss.__lock___sfp_recursive_mutex
                0x20000aad        0x1 C:/ST/STM32CubeIDE_1.16.0/STM32CubeIDE/plugins/com.st.stm32cube.ide.mcu.externaltools.gnu-tools-for-stm32.12.3.rel1.win32_1.0.200.202406191623/tools/bin/../lib/gcc/arm-none-eabi/12.3.1/../../../../arm-none-eabi/lib/thumb/v8-m.main+fp/hard\libc_nano.a(libc_a-lock.o)
                0x20000aad                __lock___sfp_recursive_mutex
 *fill*         0x20000aae        0x2 
 .bss.__malloc_sbrk_start
                0x20000ab0        0x4 C:/ST/STM32CubeIDE_1.16.0/STM32CubeIDE/plugins/com.st.stm32cube.ide.mcu.externaltools.gnu-tools-for-stm32.12.3.rel1.win32_1.0.200.202406191623/tools/bin/../lib/gcc/arm-none-eabi/12.3.1/../../../../arm-none-eabi/lib/thumb/v8-m.main+fp/hard\libc_nano.a(libc_a-mallocr.o)
                0x20000ab0                __malloc_sbrk_start
 .bss.__malloc_free_list
                0x20000ab4        0x4 C:/ST/STM32CubeIDE_1.16.0/STM32CubeIDE/plugins/com.st.stm32cube.ide.mcu.externaltools.gnu-tools-for-stm32.12.3.rel1.win32_1.0.200.202406191623/tools/bin/../lib/gcc/arm-none-eabi/12.3.1/../../../../arm-none-eabi/lib/thumb/v8-m.main+fp/hard\libc_nano.a(libc_a-mallocr.o)
                0x20000ab4                __malloc_free_list
 *(COMMON)
                0x20000ab8                        . = ALIGN (0x4)
                0x20000ab8                        _ebss = .
                0x20000ab8                        __bss_end__ = _ebss

._user_heap_stack
                0x20000ab8      0xd00 load address 0x0800b144
                0x20000ab8                        . = ALIGN (0x8)
                [!provide]                        PROVIDE (end = .)
                0x20000ab8                        PROVIDE (_end = .)
                0x200010b8                        . = (. + _Min_Heap_Size)
 *fill*         0x20000ab8      0x600 
                0x200017b8                        . = (. + _Min_Stack_Size)
 *fill*         0x200010b8      0x700 
                0x200017b8                        . = ALIGN (0x8)

/DISCARD/
 libc.a(*)
 libm.a(*)
 libgcc.a(*)

.ARM.attributes
                0x00000000       0x36
 *(.ARM.attributes)
 .ARM.attributes
                0x00000000       0x26 C:/ST/STM32CubeIDE_1.16.0/STM32CubeIDE/plugins/com.st.stm32cube.ide.mcu.externaltools.gnu-tools-for-stm32.12.3.rel1.win32_1.0.200.202406191623/tools/bin/../lib/gcc/arm-none-eabi/12.3.1/thumb/v8-m.main+fp/hard/crti.o
 .ARM.attributes
                0x00000026       0x38 C:/ST/STM32CubeIDE_1.16.0/STM32CubeIDE/plugins/com.st.stm32cube.ide.mcu.externaltools.gnu-tools-for-stm32.12.3.rel1.win32_1.0.200.202406191623/tools/bin/../lib/gcc/arm-none-eabi/12.3.1/thumb/v8-m.main+fp/hard/crtbegin.o
 .ARM.attributes
                0x0000005e       0x3a ./Core/Src/main.o
 .ARM.attributes
                0x00000098       0x3a ./Core/Src/stm32h5xx_hal_msp.o
 .ARM.attributes
                0x000000d2       0x3a ./Core/Src/stm32h5xx_it.o
 .ARM.attributes
                0x0000010c       0x3a ./Core/Src/syscalls.o
 .ARM.attributes
                0x00000146       0x3a ./Core/Src/sysmem.o
 .ARM.attributes
                0x00000180       0x3a ./Core/Src/system_stm32h5xx.o
 .ARM.attributes
                0x000001ba       0x24 ./Core/Startup/startup_stm32h533cetx.o
 .ARM.attributes
                0x000001de       0x3a ./Drivers/STM32H5xx_HAL_Driver/Src/stm32h5xx_hal.o
 .ARM.attributes
                0x00000218       0x3a ./Drivers/STM32H5xx_HAL_Driver/Src/stm32h5xx_hal_cortex.o
 .ARM.attributes
                0x00000252       0x3a ./Drivers/STM32H5xx_HAL_Driver/Src/stm32h5xx_hal_fdcan.o
 .ARM.attributes
                0x0000028c       0x3a ./Drivers/STM32H5xx_HAL_Driver/Src/stm32h5xx_hal_gpio.o
 .ARM.attributes
                0x000002c6       0x3a ./Drivers/STM32H5xx_HAL_Driver/Src/stm32h5xx_hal_pcd.o
 .ARM.attributes
                0x00000300       0x3a ./Drivers/STM32H5xx_HAL_Driver/Src/stm32h5xx_hal_pcd_ex.o
 .ARM.attributes
                0x0000033a       0x3a ./Drivers/STM32H5xx_HAL_Driver/Src/stm32h5xx_hal_pwr_ex.o
 .ARM.attributes
                0x00000374       0x3a ./Drivers/STM32H5xx_HAL_Driver/Src/stm32h5xx_hal_rcc.o
 .ARM.attributes
                0x000003ae       0x3a ./Drivers/STM32H5xx_HAL_Driver/Src/stm32h5xx_hal_rcc_ex.o
 .ARM.attributes
                0x000003e8       0x3a ./Drivers/STM32H5xx_HAL_Driver/Src/stm32h5xx_ll_usb.o
 .ARM.attributes
                0x00000422       0x3a ./USB/Class/CustomHID/Src/usbd_customhid.o
 .ARM.attributes
                0x0000045c       0x3a ./USB/Class/CustomHID/Src/usbd_customhid_if.o
 .ARM.attributes
                0x00000496       0x3a ./USB/Core/Src/usbd_conf.o
 .ARM.attributes
                0x000004d0       0x3a ./USB/Core/Src/usbd_core.o
 .ARM.attributes
                0x0000050a       0x3a ./USB/Core/Src/usbd_ctlreq.o
 .ARM.attributes
                0x00000544       0x3a ./USB/Core/Src/usbd_desc.o
 .ARM.attributes
                0x0000057e       0x3a ./USB/Core/Src/usbd_ioreq.o
 .ARM.attributes
                0x000005b8       0x38 C:/ST/STM32CubeIDE_1.16.0/STM32CubeIDE/plugins/com.st.stm32cube.ide.mcu.externaltools.gnu-tools-for-stm32.12.3.rel1.win32_1.0.200.202406191623/tools/bin/../lib/gcc/arm-none-eabi/12.3.1/../../../../arm-none-eabi/lib/thumb/v8-m.main+fp/hard\libc_nano.a(libc_a-findfp.o)
 .ARM.attributes
                0x000005f0       0x38 C:/ST/STM32CubeIDE_1.16.0/STM32CubeIDE/plugins/com.st.stm32cube.ide.mcu.externaltools.gnu-tools-for-stm32.12.3.rel1.win32_1.0.200.202406191623/tools/bin/../lib/gcc/arm-none-eabi/12.3.1/../../../../arm-none-eabi/lib/thumb/v8-m.main+fp/hard\libc_nano.a(libc_a-fwalk.o)
 .ARM.attributes
                0x00000628       0x38 C:/ST/STM32CubeIDE_1.16.0/STM32CubeIDE/plugins/com.st.stm32cube.ide.mcu.externaltools.gnu-tools-for-stm32.12.3.rel1.win32_1.0.200.202406191623/tools/bin/../lib/gcc/arm-none-eabi/12.3.1/../../../../arm-none-eabi/lib/thumb/v8-m.main+fp/hard\libc_nano.a(libc_a-printf.o)
 .ARM.attributes
                0x00000660       0x38 C:/ST/STM32CubeIDE_1.16.0/STM32CubeIDE/plugins/com.st.stm32cube.ide.mcu.externaltools.gnu-tools-for-stm32.12.3.rel1.win32_1.0.200.202406191623/tools/bin/../lib/gcc/arm-none-eabi/12.3.1/../../../../arm-none-eabi/lib/thumb/v8-m.main+fp/hard\libc_nano.a(libc_a-putchar.o)
 .ARM.attributes
                0x00000698       0x38 C:/ST/STM32CubeIDE_1.16.0/STM32CubeIDE/plugins/com.st.stm32cube.ide.mcu.externaltools.gnu-tools-for-stm32.12.3.rel1.win32_1.0.200.202406191623/tools/bin/../lib/gcc/arm-none-eabi/12.3.1/../../../../arm-none-eabi/lib/thumb/v8-m.main+fp/hard\libc_nano.a(libc_a-stdio.o)
 .ARM.attributes
                0x000006d0       0x38 C:/ST/STM32CubeIDE_1.16.0/STM32CubeIDE/plugins/com.st.stm32cube.ide.mcu.externaltools.gnu-tools-for-stm32.12.3.rel1.win32_1.0.200.202406191623/tools/bin/../lib/gcc/arm-none-eabi/12.3.1/../../../../arm-none-eabi/lib/thumb/v8-m.main+fp/hard\libc_nano.a(libc_a-memset.o)
 .ARM.attributes
                0x00000708       0x38 C:/ST/STM32CubeIDE_1.16.0/STM32CubeIDE/plugins/com.st.stm32cube.ide.mcu.externaltools.gnu-tools-for-stm32.12.3.rel1.win32_1.0.200.202406191623/tools/bin/../lib/gcc/arm-none-eabi/12.3.1/../../../../arm-none-eabi/lib/thumb/v8-m.main+fp/hard\libc_nano.a(libc_a-closer.o)
 .ARM.attributes
                0x00000740       0x38 C:/ST/STM32CubeIDE_1.16.0/STM32CubeIDE/plugins/com.st.stm32cube.ide.mcu.externaltools.gnu-tools-for-stm32.12.3.rel1.win32_1.0.200.202406191623/tools/bin/../lib/gcc/arm-none-eabi/12.3.1/../../../../arm-none-eabi/lib/thumb/v8-m.main+fp/hard\libc_nano.a(libc_a-reent.o)
 .ARM.attributes
                0x00000778       0x38 C:/ST/STM32CubeIDE_1.16.0/STM32CubeIDE/plugins/com.st.stm32cube.ide.mcu.externaltools.gnu-tools-for-stm32.12.3.rel1.win32_1.0.200.202406191623/tools/bin/../lib/gcc/arm-none-eabi/12.3.1/../../../../arm-none-eabi/lib/thumb/v8-m.main+fp/hard\libc_nano.a(libc_a-impure.o)
 .ARM.attributes
                0x000007b0       0x38 C:/ST/STM32CubeIDE_1.16.0/STM32CubeIDE/plugins/com.st.stm32cube.ide.mcu.externaltools.gnu-tools-for-stm32.12.3.rel1.win32_1.0.200.202406191623/tools/bin/../lib/gcc/arm-none-eabi/12.3.1/../../../../arm-none-eabi/lib/thumb/v8-m.main+fp/hard\libc_nano.a(libc_a-lseekr.o)
 .ARM.attributes
                0x000007e8       0x38 C:/ST/STM32CubeIDE_1.16.0/STM32CubeIDE/plugins/com.st.stm32cube.ide.mcu.externaltools.gnu-tools-for-stm32.12.3.rel1.win32_1.0.200.202406191623/tools/bin/../lib/gcc/arm-none-eabi/12.3.1/../../../../arm-none-eabi/lib/thumb/v8-m.main+fp/hard\libc_nano.a(libc_a-readr.o)
 .ARM.attributes
                0x00000820       0x38 C:/ST/STM32CubeIDE_1.16.0/STM32CubeIDE/plugins/com.st.stm32cube.ide.mcu.externaltools.gnu-tools-for-stm32.12.3.rel1.win32_1.0.200.202406191623/tools/bin/../lib/gcc/arm-none-eabi/12.3.1/../../../../arm-none-eabi/lib/thumb/v8-m.main+fp/hard\libc_nano.a(libc_a-writer.o)
 .ARM.attributes
                0x00000858       0x38 C:/ST/STM32CubeIDE_1.16.0/STM32CubeIDE/plugins/com.st.stm32cube.ide.mcu.externaltools.gnu-tools-for-stm32.12.3.rel1.win32_1.0.200.202406191623/tools/bin/../lib/gcc/arm-none-eabi/12.3.1/../../../../arm-none-eabi/lib/thumb/v8-m.main+fp/hard\libc_nano.a(libc_a-errno.o)
 .ARM.attributes
                0x00000890       0x38 C:/ST/STM32CubeIDE_1.16.0/STM32CubeIDE/plugins/com.st.stm32cube.ide.mcu.externaltools.gnu-tools-for-stm32.12.3.rel1.win32_1.0.200.202406191623/tools/bin/../lib/gcc/arm-none-eabi/12.3.1/../../../../arm-none-eabi/lib/thumb/v8-m.main+fp/hard\libc_nano.a(libc_a-init.o)
 .ARM.attributes
                0x000008c8       0x38 C:/ST/STM32CubeIDE_1.16.0/STM32CubeIDE/plugins/com.st.stm32cube.ide.mcu.externaltools.gnu-tools-for-stm32.12.3.rel1.win32_1.0.200.202406191623/tools/bin/../lib/gcc/arm-none-eabi/12.3.1/../../../../arm-none-eabi/lib/thumb/v8-m.main+fp/hard\libc_nano.a(libc_a-lock.o)
 .ARM.attributes
                0x00000900       0x38 C:/ST/STM32CubeIDE_1.16.0/STM32CubeIDE/plugins/com.st.stm32cube.ide.mcu.externaltools.gnu-tools-for-stm32.12.3.rel1.win32_1.0.200.202406191623/tools/bin/../lib/gcc/arm-none-eabi/12.3.1/../../../../arm-none-eabi/lib/thumb/v8-m.main+fp/hard\libc_nano.a(libc_a-freer.o)
 .ARM.attributes
                0x00000938       0x38 C:/ST/STM32CubeIDE_1.16.0/STM32CubeIDE/plugins/com.st.stm32cube.ide.mcu.externaltools.gnu-tools-for-stm32.12.3.rel1.win32_1.0.200.202406191623/tools/bin/../lib/gcc/arm-none-eabi/12.3.1/../../../../arm-none-eabi/lib/thumb/v8-m.main+fp/hard\libc_nano.a(libc_a-mallocr.o)
 .ARM.attributes
                0x00000970       0x38 C:/ST/STM32CubeIDE_1.16.0/STM32CubeIDE/plugins/com.st.stm32cube.ide.mcu.externaltools.gnu-tools-for-stm32.12.3.rel1.win32_1.0.200.202406191623/tools/bin/../lib/gcc/arm-none-eabi/12.3.1/../../../../arm-none-eabi/lib/thumb/v8-m.main+fp/hard\libc_nano.a(libc_a-mlock.o)
 .ARM.attributes
                0x000009a8       0x38 C:/ST/STM32CubeIDE_1.16.0/STM32CubeIDE/plugins/com.st.stm32cube.ide.mcu.externaltools.gnu-tools-for-stm32.12.3.rel1.win32_1.0.200.202406191623/tools/bin/../lib/gcc/arm-none-eabi/12.3.1/../../../../arm-none-eabi/lib/thumb/v8-m.main+fp/hard\libc_nano.a(libc_a-nano-vfprintf.o)
 .ARM.attributes
                0x000009e0       0x38 C:/ST/STM32CubeIDE_1.16.0/STM32CubeIDE/plugins/com.st.stm32cube.ide.mcu.externaltools.gnu-tools-for-stm32.12.3.rel1.win32_1.0.200.202406191623/tools/bin/../lib/gcc/arm-none-eabi/12.3.1/../../../../arm-none-eabi/lib/thumb/v8-m.main+fp/hard\libc_nano.a(libc_a-nano-vfprintf_i.o)
 .ARM.attributes
                0x00000a18       0x38 C:/ST/STM32CubeIDE_1.16.0/STM32CubeIDE/plugins/com.st.stm32cube.ide.mcu.externaltools.gnu-tools-for-stm32.12.3.rel1.win32_1.0.200.202406191623/tools/bin/../lib/gcc/arm-none-eabi/12.3.1/../../../../arm-none-eabi/lib/thumb/v8-m.main+fp/hard\libc_nano.a(libc_a-fflush.o)
 .ARM.attributes
                0x00000a50       0x38 C:/ST/STM32CubeIDE_1.16.0/STM32CubeIDE/plugins/com.st.stm32cube.ide.mcu.externaltools.gnu-tools-for-stm32.12.3.rel1.win32_1.0.200.202406191623/tools/bin/../lib/gcc/arm-none-eabi/12.3.1/../../../../arm-none-eabi/lib/thumb/v8-m.main+fp/hard\libc_nano.a(libc_a-putc.o)
 .ARM.attributes
                0x00000a88       0x38 C:/ST/STM32CubeIDE_1.16.0/STM32CubeIDE/plugins/com.st.stm32cube.ide.mcu.externaltools.gnu-tools-for-stm32.12.3.rel1.win32_1.0.200.202406191623/tools/bin/../lib/gcc/arm-none-eabi/12.3.1/../../../../arm-none-eabi/lib/thumb/v8-m.main+fp/hard\libc_nano.a(libc_a-wbuf.o)
 .ARM.attributes
                0x00000ac0       0x38 C:/ST/STM32CubeIDE_1.16.0/STM32CubeIDE/plugins/com.st.stm32cube.ide.mcu.externaltools.gnu-tools-for-stm32.12.3.rel1.win32_1.0.200.202406191623/tools/bin/../lib/gcc/arm-none-eabi/12.3.1/../../../../arm-none-eabi/lib/thumb/v8-m.main+fp/hard\libc_nano.a(libc_a-wsetup.o)
 .ARM.attributes
                0x00000af8       0x38 C:/ST/STM32CubeIDE_1.16.0/STM32CubeIDE/plugins/com.st.stm32cube.ide.mcu.externaltools.gnu-tools-for-stm32.12.3.rel1.win32_1.0.200.202406191623/tools/bin/../lib/gcc/arm-none-eabi/12.3.1/../../../../arm-none-eabi/lib/thumb/v8-m.main+fp/hard\libc_nano.a(libc_a-sbrkr.o)
 .ARM.attributes
                0x00000b30       0x38 C:/ST/STM32CubeIDE_1.16.0/STM32CubeIDE/plugins/com.st.stm32cube.ide.mcu.externaltools.gnu-tools-for-stm32.12.3.rel1.win32_1.0.200.202406191623/tools/bin/../lib/gcc/arm-none-eabi/12.3.1/../../../../arm-none-eabi/lib/thumb/v8-m.main+fp/hard\libc_nano.a(libc_a-memchr-stub.o)
 .ARM.attributes
                0x00000b68       0x38 C:/ST/STM32CubeIDE_1.16.0/STM32CubeIDE/plugins/com.st.stm32cube.ide.mcu.externaltools.gnu-tools-for-stm32.12.3.rel1.win32_1.0.200.202406191623/tools/bin/../lib/gcc/arm-none-eabi/12.3.1/../../../../arm-none-eabi/lib/thumb/v8-m.main+fp/hard\libc_nano.a(libc_a-makebuf.o)
 .ARM.attributes
                0x00000ba0       0x38 C:/ST/STM32CubeIDE_1.16.0/STM32CubeIDE/plugins/com.st.stm32cube.ide.mcu.externaltools.gnu-tools-for-stm32.12.3.rel1.win32_1.0.200.202406191623/tools/bin/../lib/gcc/arm-none-eabi/12.3.1/../../../../arm-none-eabi/lib/thumb/v8-m.main+fp/hard\libc_nano.a(libc_a-fstatr.o)
 .ARM.attributes
                0x00000bd8       0x38 C:/ST/STM32CubeIDE_1.16.0/STM32CubeIDE/plugins/com.st.stm32cube.ide.mcu.externaltools.gnu-tools-for-stm32.12.3.rel1.win32_1.0.200.202406191623/tools/bin/../lib/gcc/arm-none-eabi/12.3.1/../../../../arm-none-eabi/lib/thumb/v8-m.main+fp/hard\libc_nano.a(libc_a-isattyr.o)
 .ARM.attributes
                0x00000c10       0x26 C:/ST/STM32CubeIDE_1.16.0/STM32CubeIDE/plugins/com.st.stm32cube.ide.mcu.externaltools.gnu-tools-for-stm32.12.3.rel1.win32_1.0.200.202406191623/tools/bin/../lib/gcc/arm-none-eabi/12.3.1/thumb/v8-m.main+fp/hard/crtn.o
OUTPUT(hid-test.elf elf32-littlearm)
LOAD linker stubs
LOAD C:/ST/STM32CubeIDE_1.16.0/STM32CubeIDE/plugins/com.st.stm32cube.ide.mcu.externaltools.gnu-tools-for-stm32.12.3.rel1.win32_1.0.200.202406191623/tools/bin/../lib/gcc/arm-none-eabi/12.3.1/../../../../arm-none-eabi/lib/thumb/v8-m.main+fp/hard\libc.a
LOAD C:/ST/STM32CubeIDE_1.16.0/STM32CubeIDE/plugins/com.st.stm32cube.ide.mcu.externaltools.gnu-tools-for-stm32.12.3.rel1.win32_1.0.200.202406191623/tools/bin/../lib/gcc/arm-none-eabi/12.3.1/../../../../arm-none-eabi/lib/thumb/v8-m.main+fp/hard\libm.a
LOAD C:/ST/STM32CubeIDE_1.16.0/STM32CubeIDE/plugins/com.st.stm32cube.ide.mcu.externaltools.gnu-tools-for-stm32.12.3.rel1.win32_1.0.200.202406191623/tools/bin/../lib/gcc/arm-none-eabi/12.3.1/thumb/v8-m.main+fp/hard\libgcc.a

.debug_info     0x00000000    0x14767
 .debug_info    0x00000000     0x2185 ./Core/Src/main.o
 .debug_info    0x00002185     0x16ab ./Core/Src/stm32h5xx_hal_msp.o
 .debug_info    0x00003830      0xae5 ./Core/Src/stm32h5xx_it.o
 .debug_info    0x00004315      0x6a3 ./Core/Src/syscalls.o
 .debug_info    0x000049b8      0x168 ./Core/Src/sysmem.o
 .debug_info    0x00004b20      0xce0 ./Core/Src/system_stm32h5xx.o
 .debug_info    0x00005800       0x30 ./Core/Startup/startup_stm32h533cetx.o
 .debug_info    0x00005830     0x1302 ./Drivers/STM32H5xx_HAL_Driver/Src/stm32h5xx_hal.o
 .debug_info    0x00006b32     0x15e0 ./Drivers/STM32H5xx_HAL_Driver/Src/stm32h5xx_hal_cortex.o
 .debug_info    0x00008112     0x1920 ./Drivers/STM32H5xx_HAL_Driver/Src/stm32h5xx_hal_fdcan.o
 .debug_info    0x00009a32      0x6b6 ./Drivers/STM32H5xx_HAL_Driver/Src/stm32h5xx_hal_gpio.o
 .debug_info    0x0000a0e8     0x1461 ./Drivers/STM32H5xx_HAL_Driver/Src/stm32h5xx_hal_pcd.o
 .debug_info    0x0000b549      0x7cb ./Drivers/STM32H5xx_HAL_Driver/Src/stm32h5xx_hal_pcd_ex.o
 .debug_info    0x0000bd14      0x928 ./Drivers/STM32H5xx_HAL_Driver/Src/stm32h5xx_hal_pwr_ex.o
 .debug_info    0x0000c63c     0x1009 ./Drivers/STM32H5xx_HAL_Driver/Src/stm32h5xx_hal_rcc.o
 .debug_info    0x0000d645     0x1204 ./Drivers/STM32H5xx_HAL_Driver/Src/stm32h5xx_hal_rcc_ex.o
 .debug_info    0x0000e849     0x19c0 ./Drivers/STM32H5xx_HAL_Driver/Src/stm32h5xx_ll_usb.o
 .debug_info    0x00010209      0xc5c ./USB/Class/CustomHID/Src/usbd_customhid.o
 .debug_info    0x00010e65      0x1c6 ./USB/Class/CustomHID/Src/usbd_customhid_if.o
 .debug_info    0x0001102b     0x1245 ./USB/Core/Src/usbd_conf.o
 .debug_info    0x00012270      0xe42 ./USB/Core/Src/usbd_core.o
 .debug_info    0x000130b2      0xaec ./USB/Core/Src/usbd_ctlreq.o
 .debug_info    0x00013b9e      0x466 ./USB/Core/Src/usbd_desc.o
 .debug_info    0x00014004      0x763 ./USB/Core/Src/usbd_ioreq.o

.debug_abbrev   0x00000000     0x32e9
 .debug_abbrev  0x00000000      0x33a ./Core/Src/main.o
 .debug_abbrev  0x0000033a      0x213 ./Core/Src/stm32h5xx_hal_msp.o
 .debug_abbrev  0x0000054d      0x194 ./Core/Src/stm32h5xx_it.o
 .debug_abbrev  0x000006e1      0x1b6 ./Core/Src/syscalls.o
 .debug_abbrev  0x00000897       0xbc ./Core/Src/sysmem.o
 .debug_abbrev  0x00000953      0x13a ./Core/Src/system_stm32h5xx.o
 .debug_abbrev  0x00000a8d       0x24 ./Core/Startup/startup_stm32h533cetx.o
 .debug_abbrev  0x00000ab1      0x2af ./Drivers/STM32H5xx_HAL_Driver/Src/stm32h5xx_hal.o
 .debug_abbrev  0x00000d60      0x311 ./Drivers/STM32H5xx_HAL_Driver/Src/stm32h5xx_hal_cortex.o
 .debug_abbrev  0x00001071      0x20b ./Drivers/STM32H5xx_HAL_Driver/Src/stm32h5xx_hal_fdcan.o
 .debug_abbrev  0x0000127c      0x1db ./Drivers/STM32H5xx_HAL_Driver/Src/stm32h5xx_hal_gpio.o
 .debug_abbrev  0x00001457      0x307 ./Drivers/STM32H5xx_HAL_Driver/Src/stm32h5xx_hal_pcd.o
 .debug_abbrev  0x0000175e      0x228 ./Drivers/STM32H5xx_HAL_Driver/Src/stm32h5xx_hal_pcd_ex.o
 .debug_abbrev  0x00001986      0x299 ./Drivers/STM32H5xx_HAL_Driver/Src/stm32h5xx_hal_pwr_ex.o
 .debug_abbrev  0x00001c1f      0x290 ./Drivers/STM32H5xx_HAL_Driver/Src/stm32h5xx_hal_rcc.o
 .debug_abbrev  0x00001eaf      0x25c ./Drivers/STM32H5xx_HAL_Driver/Src/stm32h5xx_hal_rcc_ex.o
 .debug_abbrev  0x0000210b      0x2c3 ./Drivers/STM32H5xx_HAL_Driver/Src/stm32h5xx_ll_usb.o
 .debug_abbrev  0x000023ce      0x2d0 ./USB/Class/CustomHID/Src/usbd_customhid.o
 .debug_abbrev  0x0000269e      0x113 ./USB/Class/CustomHID/Src/usbd_customhid_if.o
 .debug_abbrev  0x000027b1      0x2bf ./USB/Core/Src/usbd_conf.o
 .debug_abbrev  0x00002a70      0x287 ./USB/Core/Src/usbd_core.o
 .debug_abbrev  0x00002cf7      0x26f ./USB/Core/Src/usbd_ctlreq.o
 .debug_abbrev  0x00002f66      0x1e9 ./USB/Core/Src/usbd_desc.o
 .debug_abbrev  0x0000314f      0x19a ./USB/Core/Src/usbd_ioreq.o

.debug_aranges  0x00000000     0x1148
 .debug_aranges
                0x00000000       0x58 ./Core/Src/main.o
 .debug_aranges
                0x00000058       0x40 ./Core/Src/stm32h5xx_hal_msp.o
 .debug_aranges
                0x00000098       0x70 ./Core/Src/stm32h5xx_it.o
 .debug_aranges
                0x00000108       0xa8 ./Core/Src/syscalls.o
 .debug_aranges
                0x000001b0       0x20 ./Core/Src/sysmem.o
 .debug_aranges
                0x000001d0       0x28 ./Core/Src/system_stm32h5xx.o
 .debug_aranges
                0x000001f8       0x28 ./Core/Startup/startup_stm32h533cetx.o
 .debug_aranges
                0x00000220      0x1f8 ./Drivers/STM32H5xx_HAL_Driver/Src/stm32h5xx_hal.o
 .debug_aranges
                0x00000418      0x140 ./Drivers/STM32H5xx_HAL_Driver/Src/stm32h5xx_hal_cortex.o
 .debug_aranges
                0x00000558      0x208 ./Drivers/STM32H5xx_HAL_Driver/Src/stm32h5xx_hal_fdcan.o
 .debug_aranges
                0x00000760       0x78 ./Drivers/STM32H5xx_HAL_Driver/Src/stm32h5xx_hal_gpio.o
 .debug_aranges
                0x000007d8      0x150 ./Drivers/STM32H5xx_HAL_Driver/Src/stm32h5xx_hal_pcd.o
 .debug_aranges
                0x00000928       0x58 ./Drivers/STM32H5xx_HAL_Driver/Src/stm32h5xx_hal_pcd_ex.o
 .debug_aranges
                0x00000980      0x148 ./Drivers/STM32H5xx_HAL_Driver/Src/stm32h5xx_hal_pwr_ex.o
 .debug_aranges
                0x00000ac8       0xa0 ./Drivers/STM32H5xx_HAL_Driver/Src/stm32h5xx_hal_rcc.o
 .debug_aranges
                0x00000b68      0x108 ./Drivers/STM32H5xx_HAL_Driver/Src/stm32h5xx_hal_rcc_ex.o
 .debug_aranges
                0x00000c70      0x130 ./Drivers/STM32H5xx_HAL_Driver/Src/stm32h5xx_ll_usb.o
 .debug_aranges
                0x00000da0       0x80 ./USB/Class/CustomHID/Src/usbd_customhid.o
 .debug_aranges
                0x00000e20       0x30 ./USB/Class/CustomHID/Src/usbd_customhid_if.o
 .debug_aranges
                0x00000e50       0xe0 ./USB/Core/Src/usbd_conf.o
 .debug_aranges
                0x00000f30       0xd8 ./USB/Core/Src/usbd_core.o
 .debug_aranges
                0x00001008       0x90 ./USB/Core/Src/usbd_ctlreq.o
 .debug_aranges
                0x00001098       0x60 ./USB/Core/Src/usbd_desc.o
 .debug_aranges
                0x000010f8       0x50 ./USB/Core/Src/usbd_ioreq.o

.debug_rnglists
                0x00000000      0xcd5