../USB/Core/Src/usbd_conf.c:35:6:HAL_PCD_SetupStageCallback	16	static
../USB/Core/Src/usbd_conf.c:39:6:HAL_PCD_DataOutStageCallback	16	static
../USB/Core/Src/usbd_conf.c:43:6:HAL_PCD_DataInStageCallback	16	static
../USB/Core/Src/usbd_conf.c:47:6:HAL_PCD_SOFCallback	16	static
../USB/Core/Src/usbd_conf.c:51:6:HAL_PCD_ResetCallback	24	static
../USB/Core/Src/usbd_conf.c:63:6:HAL_PCD_ConnectCallback	16	static
../USB/Core/Src/usbd_conf.c:67:6:HAL_PCD_DisconnectCallback	16	static
../USB/Core/Src/usbd_conf.c:76:20:USBD_LL_Init	16	static
../USB/Core/Src/usbd_conf.c:95:20:USBD_LL_DeInit	24	static
../USB/Core/Src/usbd_conf.c:101:20:USBD_LL_Start	24	static
../USB/Core/Src/usbd_conf.c:107:20:USBD_LL_Stop	24	static
../USB/Core/Src/usbd_conf.c:113:20:USBD_LL_OpenEP	24	static
../USB/Core/Src/usbd_conf.c:120:20:USBD_LL_CloseEP	24	static
../USB/Core/Src/usbd_conf.c:126:20:USBD_LL_FlushEP	24	static
../USB/Core/Src/usbd_conf.c:132:20:USBD_LL_StallEP	24	static
../USB/Core/Src/usbd_conf.c:138:20:USBD_LL_ClearStallEP	24	static
../USB/Core/Src/usbd_conf.c:145:9:USBD_LL_IsStallEP	24	static
../USB/Core/Src/usbd_conf.c:157:20:USBD_LL_SetUSBAddress	24	static
../USB/Core/Src/usbd_conf.c:164:20:USBD_LL_Transmit	32	static
../USB/Core/Src/usbd_conf.c:171:20:USBD_LL_PrepareReceive	32	static
../USB/Core/Src/usbd_conf.c:179:10:USBD_LL_GetRxDataSize	16	static
../USB/Core/Src/usbd_conf.c:183:7:USBD_static_malloc	16	static
../USB/Core/Src/usbd_conf.c:189:6:USBD_static_free	16	static
../USB/Core/Src/usbd_conf.c:193:6:USBD_LL_Delay	16	static
../USB/Core/Src/usbd_conf.c:198:20:USBD_Get_USB_Status	24	static
