../USB/Class/CompositeBuilder/Src/usbd_composite_builder.c:233:10:USBD_CMPSIT_AddClass	24	static
../USB/Class/CompositeBuilder/Src/usbd_composite_builder.c:265:10:USBD_CMPSIT_AddToConfDesc	24	static
../USB/Class/CompositeBuilder/Src/usbd_composite_builder.c:681:11:USBD_CMPSIT_GetFSCfgDesc	16	static
../USB/Class/CompositeBuilder/Src/usbd_composite_builder.c:709:11:USBD_CMPSIT_GetOtherSpeedCfgDesc	16	static
../USB/Class/CompositeBuilder/Src/usbd_composite_builder.c:722:11:USBD_CMPSIT_GetDeviceQualifierDescriptor	16	static
../USB/Class/CompositeBuilder/Src/usbd_composite_builder.c:734:16:USBD_CMPSIT_FindFreeIFNbr	32	static
../USB/Class/CompositeBuilder/Src/usbd_composite_builder.c:759:14:USBD_CMPSIT_AddConfDesc	24	static
../USB/Class/CompositeBuilder/Src/usbd_composite_builder.c:791:14:USBD_CMPSIT_AssignEp	32	static
../USB/Class/CompositeBuilder/Src/usbd_composite_builder.c:819:14:USBD_CMPSIT_HIDMouseDesc	24	static
../USB/Class/CompositeBuilder/Src/usbd_composite_builder.c:897:14:USBD_CMPSIT_CDCDesc	24	static
../USB/Class/CompositeBuilder/Src/usbd_composite_builder.c:1771:11:USBD_CMPSIT_SetClassID	32	static
../USB/Class/CompositeBuilder/Src/usbd_composite_builder.c:1811:11:USBD_CMPSIT_GetClassID	32	static
../USB/Class/CompositeBuilder/Src/usbd_composite_builder.c:1846:9:USBD_CMPST_ClearConfDesc	16	static
