Archive member included to satisfy reference by file (symbol)

c:/users/xhex8/appdata/roaming/code/user/globalstorage/bmd.stm32-for-vscode/@xpack-dev-tools/arm-none-eabi-gcc/12.3.1-1.1.1/.content/bin/../lib/gcc/arm-none-eabi/12.3.1/../../../../arm-none-eabi/lib/thumb/v6-m/nofp\libc_nano.a(libc_a-atexit.o)
                              c:/users/xhex8/appdata/roaming/code/user/globalstorage/bmd.stm32-for-vscode/@xpack-dev-tools/arm-none-eabi-gcc/12.3.1-1.1.1/.content/bin/../lib/gcc/arm-none-eabi/12.3.1/../../../../arm-none-eabi/lib/thumb/v6-m/nofp/crt0.o (atexit)
c:/users/xhex8/appdata/roaming/code/user/globalstorage/bmd.stm32-for-vscode/@xpack-dev-tools/arm-none-eabi-gcc/12.3.1-1.1.1/.content/bin/../lib/gcc/arm-none-eabi/12.3.1/../../../../arm-none-eabi/lib/thumb/v6-m/nofp\libc_nano.a(libc_a-exit.o)
                              c:/users/xhex8/appdata/roaming/code/user/globalstorage/bmd.stm32-for-vscode/@xpack-dev-tools/arm-none-eabi-gcc/12.3.1-1.1.1/.content/bin/../lib/gcc/arm-none-eabi/12.3.1/../../../../arm-none-eabi/lib/thumb/v6-m/nofp/crt0.o (exit)
c:/users/xhex8/appdata/roaming/code/user/globalstorage/bmd.stm32-for-vscode/@xpack-dev-tools/arm-none-eabi-gcc/12.3.1-1.1.1/.content/bin/../lib/gcc/arm-none-eabi/12.3.1/../../../../arm-none-eabi/lib/thumb/v6-m/nofp\libc_nano.a(libc_a-findfp.o)
                              c:/users/xhex8/appdata/roaming/code/user/globalstorage/bmd.stm32-for-vscode/@xpack-dev-tools/arm-none-eabi-gcc/12.3.1-1.1.1/.content/bin/../lib/gcc/arm-none-eabi/12.3.1/../../../../arm-none-eabi/lib/thumb/v6-m/nofp\libc_nano.a(libc_a-exit.o) (__stdio_exit_handler)
c:/users/xhex8/appdata/roaming/code/user/globalstorage/bmd.stm32-for-vscode/@xpack-dev-tools/arm-none-eabi-gcc/12.3.1-1.1.1/.content/bin/../lib/gcc/arm-none-eabi/12.3.1/../../../../arm-none-eabi/lib/thumb/v6-m/nofp\libc_nano.a(libc_a-fwalk.o)
                              c:/users/xhex8/appdata/roaming/code/user/globalstorage/bmd.stm32-for-vscode/@xpack-dev-tools/arm-none-eabi-gcc/12.3.1-1.1.1/.content/bin/../lib/gcc/arm-none-eabi/12.3.1/../../../../arm-none-eabi/lib/thumb/v6-m/nofp\libc_nano.a(libc_a-findfp.o) (_fwalk_sglue)
c:/users/xhex8/appdata/roaming/code/user/globalstorage/bmd.stm32-for-vscode/@xpack-dev-tools/arm-none-eabi-gcc/12.3.1-1.1.1/.content/bin/../lib/gcc/arm-none-eabi/12.3.1/../../../../arm-none-eabi/lib/thumb/v6-m/nofp\libc_nano.a(libc_a-stdio.o)
                              c:/users/xhex8/appdata/roaming/code/user/globalstorage/bmd.stm32-for-vscode/@xpack-dev-tools/arm-none-eabi-gcc/12.3.1-1.1.1/.content/bin/../lib/gcc/arm-none-eabi/12.3.1/../../../../arm-none-eabi/lib/thumb/v6-m/nofp\libc_nano.a(libc_a-findfp.o) (__sread)
c:/users/xhex8/appdata/roaming/code/user/globalstorage/bmd.stm32-for-vscode/@xpack-dev-tools/arm-none-eabi-gcc/12.3.1-1.1.1/.content/bin/../lib/gcc/arm-none-eabi/12.3.1/../../../../arm-none-eabi/lib/thumb/v6-m/nofp\libc_nano.a(libc_a-memset.o)
                              c:/users/xhex8/appdata/roaming/code/user/globalstorage/bmd.stm32-for-vscode/@xpack-dev-tools/arm-none-eabi-gcc/12.3.1-1.1.1/.content/bin/../lib/gcc/arm-none-eabi/12.3.1/../../../../arm-none-eabi/lib/thumb/v6-m/nofp/crt0.o (memset)
c:/users/xhex8/appdata/roaming/code/user/globalstorage/bmd.stm32-for-vscode/@xpack-dev-tools/arm-none-eabi-gcc/12.3.1-1.1.1/.content/bin/../lib/gcc/arm-none-eabi/12.3.1/../../../../arm-none-eabi/lib/thumb/v6-m/nofp\libc_nano.a(libc_a-closer.o)
                              c:/users/xhex8/appdata/roaming/code/user/globalstorage/bmd.stm32-for-vscode/@xpack-dev-tools/arm-none-eabi-gcc/12.3.1-1.1.1/.content/bin/../lib/gcc/arm-none-eabi/12.3.1/../../../../arm-none-eabi/lib/thumb/v6-m/nofp\libc_nano.a(libc_a-stdio.o) (_close_r)
c:/users/xhex8/appdata/roaming/code/user/globalstorage/bmd.stm32-for-vscode/@xpack-dev-tools/arm-none-eabi-gcc/12.3.1-1.1.1/.content/bin/../lib/gcc/arm-none-eabi/12.3.1/../../../../arm-none-eabi/lib/thumb/v6-m/nofp\libc_nano.a(libc_a-reent.o)
                              c:/users/xhex8/appdata/roaming/code/user/globalstorage/bmd.stm32-for-vscode/@xpack-dev-tools/arm-none-eabi-gcc/12.3.1-1.1.1/.content/bin/../lib/gcc/arm-none-eabi/12.3.1/../../../../arm-none-eabi/lib/thumb/v6-m/nofp\libc_nano.a(libc_a-closer.o) (errno)
c:/users/xhex8/appdata/roaming/code/user/globalstorage/bmd.stm32-for-vscode/@xpack-dev-tools/arm-none-eabi-gcc/12.3.1-1.1.1/.content/bin/../lib/gcc/arm-none-eabi/12.3.1/../../../../arm-none-eabi/lib/thumb/v6-m/nofp\libc_nano.a(libc_a-impure.o)
                              c:/users/xhex8/appdata/roaming/code/user/globalstorage/bmd.stm32-for-vscode/@xpack-dev-tools/arm-none-eabi-gcc/12.3.1-1.1.1/.content/bin/../lib/gcc/arm-none-eabi/12.3.1/../../../../arm-none-eabi/lib/thumb/v6-m/nofp\libc_nano.a(libc_a-reent.o) (_impure_ptr)
c:/users/xhex8/appdata/roaming/code/user/globalstorage/bmd.stm32-for-vscode/@xpack-dev-tools/arm-none-eabi-gcc/12.3.1-1.1.1/.content/bin/../lib/gcc/arm-none-eabi/12.3.1/../../../../arm-none-eabi/lib/thumb/v6-m/nofp\libc_nano.a(libc_a-lseekr.o)
[...]
Memory Configuration

Name             Origin             Length             Attributes
RAM              0x20000000         0x00001800         xrw
FLASH            0x08000000         0x00004000         xr
*default*        0x00000000         0xffffffff

Linker script and memory map

LOAD c:/users/xhex8/appdata/roaming/code/user/globalstorage/bmd.stm32-for-vscode/@xpack-dev-tools/arm-none-eabi-gcc/12.3.1-1.1.1/.content/bin/../lib/gcc/arm-none-eabi/12.3.1/thumb/v6-m/nofp/crti.o
LOAD c:/users/xhex8/appdata/roaming/code/user/globalstorage/bmd.stm32-for-vscode/@xpack-dev-tools/arm-none-eabi-gcc/12.3.1-1.1.1/.content/bin/../lib/gcc/arm-none-eabi/12.3.1/thumb/v6-m/nofp/crtbegin.o
LOAD c:/users/xhex8/appdata/roaming/code/user/globalstorage/bmd.stm32-for-vscode/@xpack-dev-tools/arm-none-eabi-gcc/12.3.1-1.1.1/.content/bin/../lib/gcc/arm-none-eabi/12.3.1/../../../../arm-none-eabi/lib/thumb/v6-m/nofp/crt0.o
LOAD build/main.o
LOAD build/stm32c0xx_hal_msp.o
LOAD build/stm32c0xx_it.o
LOAD build/syscalls.o
LOAD build/sysmem.o
LOAD build/system_stm32c0xx.o
LOAD build/stm32c0xx_hal.o
LOAD build/stm32c0xx_hal_cortex.o
LOAD build/stm32c0xx_hal_dma.o
LOAD build/stm32c0xx_hal_dma_ex.o
LOAD build/stm32c0xx_hal_exti.o
LOAD build/stm32c0xx_hal_flash.o
LOAD build/stm32c0xx_hal_flash_ex.o
LOAD build/stm32c0xx_hal_gpio.o
LOAD build/stm32c0xx_hal_pwr.o
LOAD build/stm32c0xx_hal_pwr_ex.o
LOAD build/stm32c0xx_hal_rcc.o
LOAD build/stm32c0xx_hal_rcc_ex.o
LOAD build/stm32c0xx_hal_spi.o
LOAD build/stm32c0xx_hal_spi_ex.o
LOAD build/startup_stm32c011xx.o
LOAD c:/users/xhex8/appdata/roaming/code/user/globalstorage/bmd.stm32-for-vscode/@xpack-dev-tools/arm-none-eabi-gcc/12.3.1-1.1.1/.content/bin/../lib/gcc/arm-none-eabi/12.3.1/../../../../arm-none-eabi/lib/thumb/v6-m/nofp\libc_nano.a
LOAD c:/users/xhex8/appdata/roaming/code/user/globalstorage/bmd.stm32-for-vscode/@xpack-dev-tools/arm-none-eabi-gcc/12.3.1-1.1.1/.content/bin/../lib/gcc/arm-none-eabi/12.3.1/../../../../arm-none-eabi/lib/thumb/v6-m/nofp\libm.a
LOAD c:/users/xhex8/appdata/roaming/code/user/globalstorage/bmd.stm32-for-vscode/@xpack-dev-tools/arm-none-eabi-gcc/12.3.1-1.1.1/.content/bin/../lib/gcc/arm-none-eabi/12.3.1/../../../../arm-none-eabi/lib/thumb/v6-m/nofp\libnosys.a
START GROUP
LOAD c:/users/xhex8/appdata/roaming/code/user/globalstorage/bmd.stm32-for-vscode/@xpack-dev-tools/arm-none-eabi-gcc/12.3.1-1.1.1/.content/bin/../lib/gcc/arm-none-eabi/12.3.1/thumb/v6-m/nofp\libgcc.a
LOAD c:/users/xhex8/appdata/roaming/code/user/globalstorage/bmd.stm32-for-vscode/@xpack-dev-tools/arm-none-eabi-gcc/12.3.1-1.1.1/.content/bin/../lib/gcc/arm-none-eabi/12.3.1/../../../../arm-none-eabi/lib/thumb/v6-m/nofp\libc_nano.a
END GROUP
START GROUP
LOAD c:/users/xhex8/appdata/roaming/code/user/globalstorage/bmd.stm32-for-vscode/@xpack-dev-tools/arm-none-eabi-gcc/12.3.1-1.1.1/.content/bin/../lib/gcc/arm-none-eabi/12.3.1/thumb/v6-m/nofp\libgcc.a
LOAD c:/users/xhex8/appdata/roaming/code/user/globalstorage/bmd.stm32-for-vscode/@xpack-dev-tools/arm-none-eabi-gcc/12.3.1-1.1.1/.content/bin/../lib/gcc/arm-none-eabi/12.3.1/../../../../arm-none-eabi/lib/thumb/v6-m/nofp\libc_nano.a
END GROUP
LOAD c:/users/xhex8/appdata/roaming/code/user/globalstorage/bmd.stm32-for-vscode/@xpack-dev-tools/arm-none-eabi-gcc/12.3.1-1.1.1/.content/bin/../lib/gcc/arm-none-eabi/12.3.1/thumb/v6-m/nofp/crtend.o
LOAD c:/users/xhex8/appdata/roaming/code/user/globalstorage/bmd.stm32-for-vscode/@xpack-dev-tools/arm-none-eabi-gcc/12.3.1-1.1.1/.content/bin/../lib/gcc/arm-none-eabi/12.3.1/thumb/v6-m/nofp/crtn.o
                0x20001800                        _estack = (ORIGIN (RAM) + LENGTH (RAM))
                0x00000200                        _Min_Heap_Size = 0x200
                0x00000400                        _Min_Stack_Size = 0x400

.isr_vector     0x08000000       0xc0
                0x08000000                        . = ALIGN (0x4)
 *(.isr_vector)
 .isr_vector    0x08000000       0xc0 build/startup_stm32c011xx.o
                0x08000000                g_pfnVectors
                0x080000c0                        . = ALIGN (0x4)

.text           0x080000c0      0xe1c
                0x080000c0                        . = ALIGN (0x4)
 *(.text)
 .text          0x080000c0      0x114 c:/users/xhex8/appdata/roaming/code/user/globalstorage/bmd.stm32-for-vscode/@xpack-dev-tools/arm-none-eabi-gcc/12.3.1-1.1.1/.content/bin/../lib/gcc/arm-none-eabi/12.3.1/thumb/v6-m/nofp\libgcc.a(_udivsi3.o)
                0x080000c0                __aeabi_uidiv
                0x080000c0                __udivsi3
                0x080001cc                __aeabi_uidivmod
 .text          0x080001d4        0x4 c:/users/xhex8/appdata/roaming/code/user/globalstorage/bmd.stm32-for-vscode/@xpack-dev-tools/arm-none-eabi-gcc/12.3.1-1.1.1/.content/bin/../lib/gcc/arm-none-eabi/12.3.1/thumb/v6-m/nofp\libgcc.a(_dvmd_tls.o)
                0x080001d4                __aeabi_idiv0
                0x080001d4                __aeabi_ldiv0
 *(.text*)
 .text.__do_global_dtors_aux
                0x080001d8       0x28 c:/users/xhex8/appdata/roaming/code/user/globalstorage/bmd.stm32-for-vscode/@xpack-dev-tools/arm-none-eabi-gcc/12.3.1-1.1.1/.content/bin/../lib/gcc/arm-none-eabi/12.3.1/thumb/v6-m/nofp/crtbegin.o
 .text.frame_dummy
                0x08000200       0x20 c:/users/xhex8/appdata/roaming/code/user/globalstorage/bmd.stm32-for-vscode/@xpack-dev-tools/arm-none-eabi-gcc/12.3.1-1.1.1/.content/bin/../lib/gcc/arm-none-eabi/12.3.1/thumb/v6-m/nofp/crtbegin.o
 .text.MX_GPIO_Init
                0x08000220       0x2c build/main.o
 .text.Error_Handler
                0x0800024c        0x4 build/main.o
                0x0800024c                Error_Handler
 .text.MX_SPI1_Init
                0x08000250       0x4c build/main.o
 .text.SystemClock_Config
                0x0800029c       0x5a build/main.o
                0x0800029c                SystemClock_Config
 .text.main     0x080002f6       0x14 build/main.o
                0x080002f6                main
 *fill*         0x0800030a        0x2 
 .text.HAL_MspInit
                0x0800030c       0x30 build/stm32c0xx_hal_msp.o
                0x0800030c                HAL_MspInit
 .text.HAL_SPI_MspInit
                0x0800033c       0xd4 build/stm32c0xx_hal_msp.o
                0x0800033c                HAL_SPI_MspInit
 .text.NMI_Handler
                0x08000410        0x2 build/stm32c0xx_it.o
                0x08000410                NMI_Handler
 .text.HardFault_Handler
                0x08000412        0x2 build/stm32c0xx_it.o
                0x08000412                HardFault_Handler
 .text.SVC_Handler
                0x08000414        0x2 build/stm32c0xx_it.o
                0x08000414                SVC_Handler
 .text.PendSV_Handler
                0x08000416        0x2 build/stm32c0xx_it.o
                0x08000416                PendSV_Handler
 .text.SysTick_Handler
                0x08000418        0x8 build/stm32c0xx_it.o
                0x08000418                SysTick_Handler
 .text.SystemInit
                0x08000420       0x10 build/system_stm32c0xx.o
                0x08000420                SystemInit
 .text.HAL_InitTick
                0x08000430       0x58 build/stm32c0xx_hal.o
                0x08000430                HAL_InitTick
 .text.HAL_Init
                0x08000488       0x18 build/stm32c0xx_hal.o
                0x08000488                HAL_Init
 .text.HAL_IncTick
                0x080004a0       0x18 build/stm32c0xx_hal.o
                0x080004a0                HAL_IncTick
 .text.HAL_GetTick
                0x080004b8        0xc build/stm32c0xx_hal.o
                0x080004b8                HAL_GetTick
 .text.HAL_SYSCFG_SetPinBinding
                0x080004c4       0x18 build/stm32c0xx_hal.o
                0x080004c4                HAL_SYSCFG_SetPinBinding
 .text.__NVIC_SetPriority
                0x080004dc       0x60 build/stm32c0xx_hal_cortex.o
 .text.SysTick_Config
                0x0800053c       0x38 build/stm32c0xx_hal_cortex.o
 .text.HAL_NVIC_SetPriority
                0x08000574        0x8 build/stm32c0xx_hal_cortex.o
                0x08000574                HAL_NVIC_SetPriority
 .text.HAL_SYSTICK_Config
                0x0800057c        0x8 build/stm32c0xx_hal_cortex.o
                0x0800057c                HAL_SYSTICK_Config
 .text.HAL_GPIO_Init
                0x08000584      0x1b0 build/stm32c0xx_hal_gpio.o
                0x08000584                HAL_GPIO_Init
 .text.HAL_RCC_OscConfig
                0x08000734      0x2bc build/stm32c0xx_hal_rcc.o
                0x08000734                HAL_RCC_OscConfig
 .text.HAL_RCC_GetSysClockFreq
                0x080009f0       0x60 build/stm32c0xx_hal_rcc.o
                0x080009f0                HAL_RCC_GetSysClockFreq
 .text.HAL_RCC_ClockConfig
                0x08000a50      0x190 build/stm32c0xx_hal_rcc.o
                0x08000a50                HAL_RCC_ClockConfig
 .text.HAL_RCCEx_PeriphCLKConfig
                0x08000be0      0x134 build/stm32c0xx_hal_rcc_ex.o
                0x08000be0                HAL_RCCEx_PeriphCLKConfig
 .text.HAL_SPI_Init
                0x08000d14      0x104 build/stm32c0xx_hal_spi.o
                0x08000d14                HAL_SPI_Init
 .text.Reset_Handler
                0x08000e18       0x50 build/startup_stm32c011xx.o
                0x08000e18                Reset_Handler
 .text.Default_Handler
                0x08000e68        0x2 build/startup_stm32c011xx.o
                0x08000e68                TIM1_CC_IRQHandler
                0x08000e68                I2C1_IRQHandler
                0x08000e68                DMAMUX1_IRQHandler
                0x08000e68                SPI1_IRQHandler
                0x08000e68                EXTI2_3_IRQHandler
                0x08000e68                ADC1_IRQHandler
                0x08000e68                TIM17_IRQHandler
                0x08000e68                RTC_IRQHandler
                0x08000e68                TIM16_IRQHandler
                0x08000e68                TIM3_IRQHandler
                0x08000e68                EXTI4_15_IRQHandler
                0x08000e68                RCC_IRQHandler
                0x08000e68                DMA1_Channel1_IRQHandler
                0x08000e68                Default_Handler
                0x08000e68                TIM14_IRQHandler
                0x08000e68                EXTI0_1_IRQHandler
                0x08000e68                WWDG_IRQHandler
                0x08000e68                DMA1_Channel2_3_IRQHandler
                0x08000e68                USART2_IRQHandler
                0x08000e68                FLASH_IRQHandler
                0x08000e68                USART1_IRQHandler
                0x08000e68                TIM1_BRK_UP_TRG_COM_IRQHandler
 .text.memset   0x08000e6a       0x10 c:/users/xhex8/appdata/roaming/code/user/globalstorage/bmd.stm32-for-vscode/@xpack-dev-tools/arm-none-eabi-gcc/12.3.1-1.1.1/.content/bin/../lib/gcc/arm-none-eabi/12.3.1/../../../../arm-none-eabi/lib/thumb/v6-m/nofp\libc_nano.a(libc_a-memset.o)
                0x08000e6a                memset
 *fill*         0x08000e7a        0x2 
 .text.__libc_init_array
                0x08000e7c       0x48 c:/users/xhex8/appdata/roaming/code/user/globalstorage/bmd.stm32-for-vscode/@xpack-dev-tools/arm-none-eabi-gcc/12.3.1-1.1.1/.content/bin/../lib/gcc/arm-none-eabi/12.3.1/../../../../arm-none-eabi/lib/thumb/v6-m/nofp\libc_nano.a(libc_a-init.o)
                0x08000e7c                __libc_init_array
 *(.glue_7)
 .glue_7        0x08000ec4        0x0 linker stubs
 *(.glue_7t)
 .glue_7t       0x08000ec4        0x0 linker stubs
 *(.eh_frame)
 .eh_frame      0x08000ec4        0x0 c:/users/xhex8/appdata/roaming/code/user/globalstorage/bmd.stm32-for-vscode/@xpack-dev-tools/arm-none-eabi-gcc/12.3.1-1.1.1/.content/bin/../lib/gcc/arm-none-eabi/12.3.1/thumb/v6-m/nofp/crtbegin.o
 *(.init)
 .init          0x08000ec4        0x4 c:/users/xhex8/appdata/roaming/code/user/globalstorage/bmd.stm32-for-vscode/@xpack-dev-tools/arm-none-eabi-gcc/12.3.1-1.1.1/.content/bin/../lib/gcc/arm-none-eabi/12.3.1/thumb/v6-m/nofp/crti.o
                0x08000ec4                _init
 .init          0x08000ec8        0x8 c:/users/xhex8/appdata/roaming/code/user/globalstorage/bmd.stm32-for-vscode/@xpack-dev-tools/arm-none-eabi-gcc/12.3.1-1.1.1/.content/bin/../lib/gcc/arm-none-eabi/12.3.1/thumb/v6-m/nofp/crtn.o
 *(.fini)
 .fini          0x08000ed0        0x4 c:/users/xhex8/appdata/roaming/code/user/globalstorage/bmd.stm32-for-vscode/@xpack-dev-tools/arm-none-eabi-gcc/12.3.1-1.1.1/.content/bin/../lib/gcc/arm-none-eabi/12.3.1/thumb/v6-m/nofp/crti.o
                0x08000ed0                _fini
 .fini          0x08000ed4        0x8 c:/users/xhex8/appdata/roaming/code/user/globalstorage/bmd.stm32-for-vscode/@xpack-dev-tools/arm-none-eabi-gcc/12.3.1-1.1.1/.content/bin/../lib/gcc/arm-none-eabi/12.3.1/thumb/v6-m/nofp/crtn.o
                0x08000edc                        . = ALIGN (0x4)
                0x08000edc                        _etext = .

.vfp11_veneer   0x08000edc        0x0
 .vfp11_veneer  0x08000edc        0x0 linker stubs

.v4_bx          0x08000edc        0x0
 .v4_bx         0x08000edc        0x0 linker stubs

.iplt           0x08000edc        0x0
 .iplt          0x08000edc        0x0 c:/users/xhex8/appdata/roaming/code/user/globalstorage/bmd.stm32-for-vscode/@xpack-dev-tools/arm-none-eabi-gcc/12.3.1-1.1.1/.content/bin/../lib/gcc/arm-none-eabi/12.3.1/thumb/v6-m/nofp/crtbegin.o

.rodata         0x08000edc       0x40
                0x08000edc                        . = ALIGN (0x4)
 *(.rodata)
 *(.rodata*)
 .rodata.AHBPrescTable
                0x08000edc       0x40 build/system_stm32c0xx.o
                0x08000edc                AHBPrescTable
                0x08000f1c                        . = ALIGN (0x4)

.rel.dyn        0x08000f1c        0x0
 .rel.iplt      0x08000f1c        0x0 c:/users/xhex8/appdata/roaming/code/user/globalstorage/bmd.stm32-for-vscode/@xpack-dev-tools/arm-none-eabi-gcc/12.3.1-1.1.1/.content/bin/../lib/gcc/arm-none-eabi/12.3.1/thumb/v6-m/nofp/crtbegin.o

.ARM.extab
 *(.ARM.extab* .gnu.linkonce.armextab.*)

.ARM            0x08000f1c        0x0
                0x08000f1c                        __exidx_start = .
 *(.ARM.exidx*)
                0x08000f1c                        __exidx_end = .

.preinit_array  0x08000f1c        0x0
                0x08000f1c                        PROVIDE (__preinit_array_start = .)
 *(.preinit_array*)
                0x08000f1c                        PROVIDE (__preinit_array_end = .)

.init_array     0x08000f1c        0x4
                0x08000f1c                        PROVIDE (__init_array_start = .)
 *(SORT_BY_NAME(.init_array.*))
 *(.init_array*)
 .init_array    0x08000f1c        0x4 c:/users/xhex8/appdata/roaming/code/user/globalstorage/bmd.stm32-for-vscode/@xpack-dev-tools/arm-none-eabi-gcc/12.3.1-1.1.1/.content/bin/../lib/gcc/arm-none-eabi/12.3.1/thumb/v6-m/nofp/crtbegin.o
                0x08000f20                        PROVIDE (__init_array_end = .)

.fini_array     0x08000f20        0x4
                0x08000f20                        PROVIDE (__fini_array_start = .)
 *(SORT_BY_NAME(.fini_array.*))
 *(.fini_array*)
 .fini_array    0x08000f20        0x4 c:/users/xhex8/appdata/roaming/code/user/globalstorage/bmd.stm32-for-vscode/@xpack-dev-tools/arm-none-eabi-gcc/12.3.1-1.1.1/.content/bin/../lib/gcc/arm-none-eabi/12.3.1/thumb/v6-m/nofp/crtbegin.o
                0x08000f24                        PROVIDE (__fini_array_end = .)
                0x08000f24                        _sidata = LOADADDR (.data)

.data           0x20000000        0xc load address 0x08000f24
                0x20000000                        . = ALIGN (0x4)
                0x20000000                        _sdata = .
 *(.data)
 *(.data*)
 .data.SystemCoreClock
                0x20000000        0x4 build/system_stm32c0xx.o
                0x20000000                SystemCoreClock
 .data.uwTickFreq
                0x20000004        0x1 build/stm32c0xx_hal.o
                0x20000004                uwTickFreq
 *fill*         0x20000005        0x3 
 .data.uwTickPrio
                0x20000008        0x4 build/stm32c0xx_hal.o
                0x20000008                uwTickPrio
                0x2000000c                        . = ALIGN (0x4)
                0x2000000c                        _edata = .

.igot.plt       0x2000000c        0x0 load address 0x08000f30
 .igot.plt      0x2000000c        0x0 c:/users/xhex8/appdata/roaming/code/user/globalstorage/bmd.stm32-for-vscode/@xpack-dev-tools/arm-none-eabi-gcc/12.3.1-1.1.1/.content/bin/../lib/gcc/arm-none-eabi/12.3.1/thumb/v6-m/nofp/crtbegin.o
                0x2000000c                        . = ALIGN (0x4)

.bss            0x2000000c       0x84 load address 0x08000f30
                0x2000000c                        _sbss = .
                0x2000000c                        __bss_start__ = _sbss
 *(.bss)
 *(.bss*)
 .bss.completed.1
                0x2000000c        0x1 c:/users/xhex8/appdata/roaming/code/user/globalstorage/bmd.stm32-for-vscode/@xpack-dev-tools/arm-none-eabi-gcc/12.3.1-1.1.1/.content/bin/../lib/gcc/arm-none-eabi/12.3.1/thumb/v6-m/nofp/crtbegin.o
 *fill*         0x2000000d        0x3 
 .bss.object.0  0x20000010       0x18 c:/users/xhex8/appdata/roaming/code/user/globalstorage/bmd.stm32-for-vscode/@xpack-dev-tools/arm-none-eabi-gcc/12.3.1-1.1.1/.content/bin/../lib/gcc/arm-none-eabi/12.3.1/thumb/v6-m/nofp/crtbegin.o
 .bss.hspi1     0x20000028       0x64 build/main.o
                0x20000028                hspi1
 .bss.uwTick    0x2000008c        0x4 build/stm32c0xx_hal.o
                0x2000008c                uwTick
 *(COMMON)
                0x20000090                        . = ALIGN (0x4)
                0x20000090                        _ebss = .
                0x20000090                        __bss_end__ = _ebss

._user_heap_stack
                0x20000090      0x600 load address 0x08000f30
                0x20000090                        . = ALIGN (0x8)
                [!provide]                        PROVIDE (end = .)
                0x20000090                        PROVIDE (_end = .)
                0x20000290                        . = (. + _Min_Heap_Size)
 *fill*         0x20000090      0x200 
                0x20000690                        . = (. + _Min_Stack_Size)
 *fill*         0x20000290      0x400 
                0x20000690                        . = ALIGN (0x8)

/DISCARD/
 libc.a(*)
 libm.a(*)
 libgcc.a(*)

.ARM.attributes
                0x00000000       0x28
 *(.ARM.attributes)
 .ARM.attributes
                0x00000000       0x1e c:/users/xhex8/appdata/roaming/code/user/globalstorage/bmd.stm32-for-vscode/@xpack-dev-tools/arm-none-eabi-gcc/12.3.1-1.1.1/.content/bin/../lib/gcc/arm-none-eabi/12.3.1/thumb/v6-m/nofp/crti.o
 .ARM.attributes
                0x0000001e       0x2c c:/users/xhex8/appdata/roaming/code/user/globalstorage/bmd.stm32-for-vscode/@xpack-dev-tools/arm-none-eabi-gcc/12.3.1-1.1.1/.content/bin/../lib/gcc/arm-none-eabi/12.3.1/thumb/v6-m/nofp/crtbegin.o
 .ARM.attributes
                0x0000004a       0x2c build/main.o
 .ARM.attributes
                0x00000076       0x2c build/stm32c0xx_hal_msp.o
 .ARM.attributes
                0x000000a2       0x2c build/stm32c0xx_it.o
 .ARM.attributes
                0x000000ce       0x2c build/system_stm32c0xx.o
 .ARM.attributes
                0x000000fa       0x2c build/stm32c0xx_hal.o
 .ARM.attributes
                0x00000126       0x2c build/stm32c0xx_hal_cortex.o
 .ARM.attributes
                0x00000152       0x2c build/stm32c0xx_hal_gpio.o
 .ARM.attributes
                0x0000017e       0x2c build/stm32c0xx_hal_rcc.o
 .ARM.attributes
                0x000001aa       0x2c build/stm32c0xx_hal_rcc_ex.o
 .ARM.attributes
                0x000001d6       0x2c build/stm32c0xx_hal_spi.o
 .ARM.attributes
                0x00000202       0x22 build/startup_stm32c011xx.o
 .ARM.attributes
                0x00000224       0x2c c:/users/xhex8/appdata/roaming/code/user/globalstorage/bmd.stm32-for-vscode/@xpack-dev-tools/arm-none-eabi-gcc/12.3.1-1.1.1/.content/bin/../lib/gcc/arm-none-eabi/12.3.1/../../../../arm-none-eabi/lib/thumb/v6-m/nofp\libc_nano.a(libc_a-memset.o)
 .ARM.attributes
                0x00000250       0x2c c:/users/xhex8/appdata/roaming/code/user/globalstorage/bmd.stm32-for-vscode/@xpack-dev-tools/arm-none-eabi-gcc/12.3.1-1.1.1/.content/bin/../lib/gcc/arm-none-eabi/12.3.1/../../../../arm-none-eabi/lib/thumb/v6-m/nofp\libc_nano.a(libc_a-init.o)
 .ARM.attributes
                0x0000027c       0x1e c:/users/xhex8/appdata/roaming/code/user/globalstorage/bmd.stm32-for-vscode/@xpack-dev-tools/arm-none-eabi-gcc/12.3.1-1.1.1/.content/bin/../lib/gcc/arm-none-eabi/12.3.1/thumb/v6-m/nofp\libgcc.a(_udivsi3.o)
 .ARM.attributes
                0x0000029a       0x1e c:/users/xhex8/appdata/roaming/code/user/globalstorage/bmd.stm32-for-vscode/@xpack-dev-tools/arm-none-eabi-gcc/12.3.1-1.1.1/.content/bin/../lib/gcc/arm-none-eabi/12.3.1/thumb/v6-m/nofp\libgcc.a(_dvmd_tls.o)
 .ARM.attributes
                0x000002b8       0x1e c:/users/xhex8/appdata/roaming/code/user/globalstorage/bmd.stm32-for-vscode/@xpack-dev-tools/arm-none-eabi-gcc/12.3.1-1.1.1/.content/bin/../lib/gcc/arm-none-eabi/12.3.1/thumb/v6-m/nofp/crtn.o
OUTPUT(build/example.elf elf32-littlearm)
LOAD linker stubs
LOAD c:/users/xhex8/appdata/roaming/code/user/globalstorage/bmd.stm32-for-vscode/@xpack-dev-tools/arm-none-eabi-gcc/12.3.1-1.1.1/.content/bin/../lib/gcc/arm-none-eabi/12.3.1/../../../../arm-none-eabi/lib/thumb/v6-m/nofp\libc.a
LOAD c:/users/xhex8/appdata/roaming/code/user/globalstorage/bmd.stm32-for-vscode/@xpack-dev-tools/arm-none-eabi-gcc/12.3.1-1.1.1/.content/bin/../lib/gcc/arm-none-eabi/12.3.1/../../../../arm-none-eabi/lib/thumb/v6-m/nofp\libm.a
LOAD c:/users/xhex8/appdata/roaming/code/user/globalstorage/bmd.stm32-for-vscode/@xpack-dev-tools/arm-none-eabi-gcc/12.3.1-1.1.1/.content/bin/../lib/gcc/arm-none-eabi/12.3.1/thumb/v6-m/nofp\libgcc.a

.comment        0x00000000       0x39
 .comment       0x00000000       0x39 c:/users/xhex8/appdata/roaming/code/user/globalstorage/bmd.stm32-for-vscode/@xpack-dev-tools/arm-none-eabi-gcc/12.3.1-1.1.1/.content/bin/../lib/gcc/arm-none-eabi/12.3.1/thumb/v6-m/nofp/crtbegin.o
                                 0x3a (size before relaxing)
 .comment       0x00000039       0x3a build/main.o
 .comment       0x00000039       0x3a build/stm32c0xx_hal_msp.o
 .comment       0x00000039       0x3a build/stm32c0xx_it.o
 .comment       0x00000039       0x3a build/system_stm32c0xx.o
 .comment       0x00000039       0x3a build/stm32c0xx_hal.o
 .comment       0x00000039       0x3a build/stm32c0xx_hal_cortex.o
 .comment       0x00000039       0x3a build/stm32c0xx_hal_gpio.o
 .comment       0x00000039       0x3a build/stm32c0xx_hal_rcc.o
 .comment       0x00000039       0x3a build/stm32c0xx_hal_rcc_ex.o
 .comment       0x00000039       0x3a build/stm32c0xx_hal_spi.o
 .comment       0x00000039       0x3a c:/users/xhex8/appdata/roaming/code/user/globalstorage/bmd.stm32-for-vscode/@xpack-dev-tools/arm-none-eabi-gcc/12.3.1-1.1.1/.content/bin/../lib/gcc/arm-none-eabi/12.3.1/../../../../arm-none-eabi/lib/thumb/v6-m/nofp\libc_nano.a(libc_a-memset.o)
 .comment       0x00000039       0x3a c:/users/xhex8/appdata/roaming/code/user/globalstorage/bmd.stm32-for-vscode/@xpack-dev-tools/arm-none-eabi-gcc/12.3.1-1.1.1/.content/bin/../lib/gcc/arm-none-eabi/12.3.1/../../../../arm-none-eabi/lib/thumb/v6-m/nofp\libc_nano.a(libc_a-init.o)

.debug_info     0x00000000     0x65ee
 .debug_info    0x00000000      0xa97 build/main.o
 .debug_info    0x00000a97      0xb9e build/stm32c0xx_hal_msp.o
 .debug_info    0x00001635       0xdd build/stm32c0xx_it.o
 .debug_info    0x00001712      0x36e build/system_stm32c0xx.o
 .debug_info    0x00001a80      0x92b build/stm32c0xx_hal.o
 .debug_info    0x000023ab      0x957 build/stm32c0xx_hal_cortex.o
 .debug_info    0x00002d02      0x612 build/stm32c0xx_hal_gpio.o
 .debug_info    0x00003314      0xaae build/stm32c0xx_hal_rcc.o
 .debug_info    0x00003dc2      0x60f build/stm32c0xx_hal_rcc_ex.o
 .debug_info    0x000043d1     0x2173 build/stm32c0xx_hal_spi.o
 .debug_info    0x00006544       0x30 build/startup_stm32c011xx.o
 .debug_info    0x00006574       0x3e c:/users/xhex8/appdata/roaming/code/user/globalstorage/bmd.stm32-for-vscode/@xpack-dev-tools/arm-none-eabi-gcc/12.3.1-1.1.1/.content/bin/../lib/gcc/arm-none-eabi/12.3.1/thumb/v6-m/nofp\libgcc.a(_udivsi3.o)
 .debug_info    0x000065b2       0x3c c:/users/xhex8/appdata/roaming/code/user/globalstorage/bmd.stm32-for-vscode/@xpack-dev-tools/arm-none-eabi-gcc/12.3.1-1.1.1/.content/bin/../lib/gcc/arm-none-eabi/12.3.1/thumb/v6-m/nofp\libgcc.a(_dvmd_tls.o)

.debug_abbrev   0x00000000     0x163c
 .debug_abbrev  0x00000000      0x235 build/main.o
 .debug_abbrev  0x00000235      0x1f3 build/stm32c0xx_hal_msp.o
 .debug_abbrev  0x00000428       0x7c build/stm32c0xx_it.o
 .debug_abbrev  0x000004a4      0x11b build/system_stm32c0xx.o
 .debug_abbrev  0x000005bf      0x30c build/stm32c0xx_hal.o
 .debug_abbrev  0x000008cb      0x315 build/stm32c0xx_hal_cortex.o
 .debug_abbrev  0x00000be0      0x209 build/stm32c0xx_hal_gpio.o
 .debug_abbrev  0x00000de9      0x2e0 build/stm32c0xx_hal_rcc.o
 .debug_abbrev  0x000010c9      0x297 build/stm32c0xx_hal_rcc_ex.o
 .debug_abbrev  0x00001360      0x26a build/stm32c0xx_hal_spi.o
 .debug_abbrev  0x000015ca       0x24 build/startup_stm32c011xx.o
 .debug_abbrev  0x000015ee       0x28 c:/users/xhex8/appdata/roaming/code/user/globalstorage/bmd.stm32-for-vscode/@xpack-dev-tools/arm-none-eabi-gcc/12.3.1-1.1.1/.content/bin/../lib/gcc/arm-none-eabi/12.3.1/thumb/v6-m/nofp\libgcc.a(_udivsi3.o)
 .debug_abbrev  0x00001616       0x26 c:/users/xhex8/appdata/roaming/code/user/globalstorage/bmd.stm32-for-vscode/@xpack-dev-tools/arm-none-eabi-gcc/12.3.1-1.1.1/.content/bin/../lib/gcc/arm-none-eabi/12.3.1/thumb/v6-m/nofp\libgcc.a(_dvmd_tls.o)

.debug_aranges  0x00000000      0x600
 .debug_aranges
                0x00000000       0x40 build/main.o
 .debug_aranges
                0x00000040       0x30 build/stm32c0xx_hal_msp.o
 .debug_aranges
                0x00000070       0x40 build/stm32c0xx_it.o
 .debug_aranges
                0x000000b0       0x28 build/system_stm32c0xx.o
 .debug_aranges
                0x000000d8      0x100 build/stm32c0xx_hal.o
 .debug_aranges
                0x000001d8       0xb0 build/stm32c0xx_hal_cortex.o
 .debug_aranges
                0x00000288       0x68 build/stm32c0xx_hal_gpio.o
 .debug_aranges
                0x000002f0       0x90 build/stm32c0xx_hal_rcc.o
 .debug_aranges
                0x00000380       0x40 build/stm32c0xx_hal_rcc_ex.o
 .debug_aranges
                0x000003c0      0x1d8 build/stm32c0xx_hal_spi.o
 .debug_aranges
                0x00000598       0x28 build/startup_stm32c011xx.o
 .debug_aranges
                0x000005c0       0x20 c:/users/xhex8/appdata/roaming/code/user/globalstorage/bmd.stm32-for-vscode/@xpack-dev-tools/arm-none-eabi-gcc/12.3.1-1.1.1/.content/bin/../lib/gcc/arm-none-eabi/12.3.1/thumb/v6-m/nofp\libgcc.a(_udivsi3.o)
 .debug_aranges
                0x000005e0       0x20 c:/users/xhex8/appdata/roaming/code/user/globalstorage/bmd.stm32-for-vscode/@xpack-dev-tools/arm-none-eabi-gcc/12.3.1-1.1.1/.content/bin/../lib/gcc/arm-none-eabi/12.3.1/thumb/v6-m/nofp\libgcc.a(_dvmd_tls.o)

.debug_rnglists
                0x00000000      0x473
 .debug_rnglists
                0x00000000       0x2b build/main.o
 .debug_rnglists
                0x0000002b       0x20 build/stm32c0xx_hal_msp.o
 .debug_rnglists
                0x0000004b       0x2b build/stm32c0xx_it.o
 .debug_rnglists
                0x00000076       0x19 build/system_stm32c0xx.o
 .debug_rnglists
                0x0000008f       0xbb build/stm32c0xx_hal.o
 .debug_rnglists
                0x0000014a       0x8b build/stm32c0xx_hal_cortex.o
 .debug_rnglists
                0x000001d5       0x4b build/stm32c0xx_hal_gpio.o
 .debug_rnglists
                0x00000220       0x8a build/stm32c0xx_hal_rcc.o
 .debug_rnglists
                0x000002aa       0x3f build/stm32c0xx_hal_rcc_ex.o
 .debug_rnglists
                0x000002e9      0x171 build/stm32c0xx_hal_spi.o
 .debug_rnglists
                0x0000045a       0x19 build/startup_stm32c011xx.o

.debug_line     0x00000000     0x5e09
 .debug_line    0x00000000      0x438 build/main.o
 .debug_line    0x00000438      0x3e4 build/stm32c0xx_hal_msp.o
 .debug_line    0x0000081c       0xf7 build/stm32c0xx_it.o
 .debug_line    0x00000913      0x2ae build/system_stm32c0xx.o
 .debug_line    0x00000bc1      0x6a1 build/stm32c0xx_hal.o
 .debug_line    0x00001262      0x72e build/stm32c0xx_hal_cortex.o
 .debug_line    0x00001990      0x793 build/stm32c0xx_hal_gpio.o
 .debug_line    0x00002123      0xb18 build/stm32c0xx_hal_rcc.o
 .debug_line    0x00002c3b      0x69f build/stm32c0xx_hal_rcc_ex.o
 .debug_line    0x000032da     0x2a16 build/stm32c0xx_hal_spi.o
 .debug_line    0x00005cf0       0x79 build/startup_stm32c011xx.o
 .debug_line    0x00005d69       0x56 c:/users/xhex8/appdata/roaming/code/user/globalstorage/bmd.stm32-for-vscode/@xpack-dev-tools/arm-none-eabi-gcc/12.3.1-1.1.1/.content/bin/../lib/gcc/arm-none-eabi/12.3.1/thumb/v6-m/nofp\libgcc.a(_udivsi3.o)
 .debug_line    0x00005dbf       0x4a c:/users/xhex8/appdata/roaming/code/user/globalstorage/bmd.stm32-for-vscode/@xpack-dev-tools/arm-none-eabi-gcc/12.3.1-1.1.1/.content/bin/../lib/gcc/arm-none-eabi/12.3.1/thumb/v6-m/nofp\libgcc.a(_dvmd_tls.o)

.debug_str      0x00000000     0x1f24
 .debug_str     0x00000000      0x809 build/main.o
                                0x8b8 (size before relaxing)
 .debug_str     0x00000809      0x1b7 build/stm32c0xx_hal_msp.o
                                0x903 (size before relaxing)
 .debug_str     0x000009c0       0x6d build/stm32c0xx_it.o
                                0x1b9 (size before relaxing)
 .debug_str     0x00000a2d       0x9f build/system_stm32c0xx.o
                                0x2af (size before relaxing)
 .debug_str     0x00000acc      0x528 build/stm32c0xx_hal.o
                                0x7e0 (size before relaxing)
 .debug_str     0x00000ff4      0x332 build/stm32c0xx_hal_cortex.o
                                0x6ac (size before relaxing)
 .debug_str     0x00001326      0x19e build/stm32c0xx_hal_gpio.o
                                0x3f6 (size before relaxing)
 .debug_str     0x000014c4      0x279 build/stm32c0xx_hal_rcc.o
                                0x6b5 (size before relaxing)
 .debug_str     0x0000173d       0xcd build/stm32c0xx_hal_rcc_ex.o
                                0x4ea (size before relaxing)
 .debug_str     0x0000180a      0x59f build/stm32c0xx_hal_spi.o
                                0xca9 (size before relaxing)
 .debug_str     0x00001da9       0x32 build/startup_stm32c011xx.o
                                 0x64 (size before relaxing)
 .debug_str     0x00001ddb      0x12d c:/users/xhex8/appdata/roaming/code/user/globalstorage/bmd.stm32-for-vscode/@xpack-dev-tools/arm-none-eabi-gcc/12.3.1-1.1.1/.content/bin/../lib/gcc/arm-none-eabi/12.3.1/thumb/v6-m/nofp\libgcc.a(_udivsi3.o)
                                0x13b (size before relaxing)
 .debug_str     0x00001f08       0x1c c:/users/xhex8/appdata/roaming/code/user/globalstorage/bmd.stm32-for-vscode/@xpack-dev-tools/arm-none-eabi-gcc/12.3.1-1.1.1/.content/bin/../lib/gcc/arm-none-eabi/12.3.1/thumb/v6-m/nofp\libgcc.a(_dvmd_tls.o)
                                0x13c (size before relaxing)

.debug_frame    0x00000000      0xd80
 .debug_frame   0x00000000       0x7c build/main.o
 .debug_frame   0x0000007c       0x5c build/stm32c0xx_hal_msp.o
 .debug_frame   0x000000d8       0x68 build/stm32c0xx_it.o
 .debug_frame   0x00000140       0x30 build/system_stm32c0xx.o
 .debug_frame   0x00000170      0x20c build/stm32c0xx_hal.o
 .debug_frame   0x0000037c      0x174 build/stm32c0xx_hal_cortex.o
 .debug_frame   0x000004f0       0xe8 build/stm32c0xx_hal_gpio.o
 .debug_frame   0x000005d8      0x160 build/stm32c0xx_hal_rcc.o
 .debug_frame   0x00000738       0x84 build/stm32c0xx_hal_rcc_ex.o
 .debug_frame   0x000007bc      0x5a4 build/stm32c0xx_hal_spi.o
 .debug_frame   0x00000d60       0x20 c:/users/xhex8/appdata/roaming/code/user/globalstorage/bmd.stm32-for-vscode/@xpack-dev-tools/arm-none-eabi-gcc/12.3.1-1.1.1/.content/bin/../lib/gcc/arm-none-eabi/12.3.1/thumb/v6-m/nofp\libgcc.a(_udivsi3.o)

.debug_loclists
                0x00000000     0x23e2
 .debug_loclists
                0x00000000       0x6d build/stm32c0xx_hal_msp.o
 .debug_loclists
                0x0000006d       0x26 build/system_stm32c0xx.o
 .debug_loclists
                0x00000093      0x165 build/stm32c0xx_hal.o
 .debug_loclists
                0x000001f8      0x1c5 build/stm32c0xx_hal_cortex.o
 .debug_loclists
                0x000003bd      0x2d3 build/stm32c0xx_hal_gpio.o
 .debug_loclists
                0x00000690      0x413 build/stm32c0xx_hal_rcc.o
 .debug_loclists
                0x00000aa3      0x42e build/stm32c0xx_hal_rcc_ex.o
 .debug_loclists
                0x00000ed1     0x1511 build/stm32c0xx_hal_spi.o

.debug_line_str
                0x00000000      0x15a
 .debug_line_str
                0x00000000       0x48 build/startup_stm32c011xx.o
 .debug_line_str
                0x00000048      0x112 c:/users/xhex8/appdata/roaming/code/user/globalstorage/bmd.stm32-for-vscode/@xpack-dev-tools/arm-none-eabi-gcc/12.3.1-1.1.1/.content/bin/../lib/gcc/arm-none-eabi/12.3.1/thumb/v6-m/nofp\libgcc.a(_udivsi3.o)
 .debug_line_str
                0x0000015a      0x112 c:/users/xhex8/appdata/roaming/code/user/globalstorage/bmd.stm32-for-vscode/@xpack-dev-tools/arm-none-eabi-gcc/12.3.1-1.1.1/.content/bin/../lib/gcc/arm-none-eabi/12.3.1/thumb/v6-m/nofp\libgcc.a(_dvmd_tls.o)

Cross Reference Table

Symbol                                            File
ADC1_IRQHandler                                   build/startup_stm32c011xx.o
AHBPrescTable                                     build/system_stm32c0xx.o
                                                  build/stm32c0xx_hal_rcc.o
APBPrescTable                                     build/system_stm32c0xx.o
                                                  build/stm32c0xx_hal_rcc.o
DMA1_Channel1_IRQHandler                          build/startup_stm32c011xx.o
DMA1_Channel2_3_IRQHandler                        build/startup_stm32c011xx.o
DMAMUX1_IRQHandler                                build/startup_stm32c011xx.o
Default_Handler                                   build/startup_stm32c011xx.o
EXTI0_1_IRQHandler                                build/startup_stm32c011xx.o
EXTI2_3_IRQHandler                                build/startup_stm32c011xx.o
EXTI4_15_IRQHandler                               build/startup_stm32c011xx.o
Error_Handler                                     build/main.o
                                                  build/stm32c0xx_hal_msp.o
FLASH_FlushCaches                                 build/stm32c0xx_hal_flash_ex.o
FLASH_IRQHandler                                  build/startup_stm32c011xx.o
FLASH_PageErase                                   build/stm32c0xx_hal_flash_ex.o
                                                  build/stm32c0xx_hal_flash.o
FLASH_WaitForLastOperation                        build/stm32c0xx_hal_flash.o
                                                  build/stm32c0xx_hal_flash_ex.o
HAL_DBGMCU_DisableDBGStandbyMode                  build/stm32c0xx_hal.o
HAL_DBGMCU_DisableDBGStopMode                     build/stm32c0xx_hal.o
HAL_DBGMCU_EnableDBGStandbyMode                   build/stm32c0xx_hal.o
HAL_DBGMCU_EnableDBGStopMode                      build/stm32c0xx_hal.o
HAL_DMAEx_ConfigMuxRequestGenerator               build/stm32c0xx_hal_dma_ex.o
HAL_DMAEx_ConfigMuxSync                           build/stm32c0xx_hal_dma_ex.o
HAL_DMAEx_DisableMuxRequestGenerator              build/stm32c0xx_hal_dma_ex.o
HAL_DMAEx_EnableMuxRequestGenerator               build/stm32c0xx_hal_dma_ex.o
HAL_DMAEx_MUX_IRQHandler                          build/stm32c0xx_hal_dma_ex.o
HAL_DMA_Abort                                     build/stm32c0xx_hal_dma.o
                                                  build/stm32c0xx_hal_spi.o
HAL_DMA_Abort_IT                                  build/stm32c0xx_hal_dma.o
                                                  build/stm32c0xx_hal_spi.o
HAL_DMA_DeInit                                    build/stm32c0xx_hal_dma.o
HAL_DMA_GetError                                  build/stm32c0xx_hal_dma.o
HAL_DMA_GetState                                  build/stm32c0xx_hal_dma.o
HAL_DMA_IRQHandler                                build/stm32c0xx_hal_dma.o
HAL_DMA_Init                                      build/stm32c0xx_hal_dma.o
HAL_DMA_PollForTransfer                           build/stm32c0xx_hal_dma.o
HAL_DMA_RegisterCallback                          build/stm32c0xx_hal_dma.o
HAL_DMA_Start                                     build/stm32c0xx_hal_dma.o
HAL_DMA_Start_IT                                  build/stm32c0xx_hal_dma.o
                                                  build/stm32c0xx_hal_spi.o
HAL_DMA_UnRegisterCallback                        build/stm32c0xx_hal_dma.o
HAL_DeInit                                        build/stm32c0xx_hal.o
HAL_Delay                                         build/stm32c0xx_hal.o
HAL_EXTI_ClearConfigLine                          build/stm32c0xx_hal_exti.o
HAL_EXTI_ClearPending                             build/stm32c0xx_hal_exti.o
HAL_EXTI_GenerateSWI                              build/stm32c0xx_hal_exti.o
HAL_EXTI_GetConfigLine                            build/stm32c0xx_hal_exti.o
HAL_EXTI_GetHandle                                build/stm32c0xx_hal_exti.o
HAL_EXTI_GetPending                               build/stm32c0xx_hal_exti.o
HAL_EXTI_IRQHandler                               build/stm32c0xx_hal_exti.o
HAL_EXTI_RegisterCallback                         build/stm32c0xx_hal_exti.o
HAL_EXTI_SetConfigLine                            build/stm32c0xx_hal_exti.o
HAL_FLASHEx_DisableDebugger                       build/stm32c0xx_hal_flash_ex.o
HAL_FLASHEx_EnableDebugger                        build/stm32c0xx_hal_flash_ex.o
HAL_FLASHEx_EnableSecMemProtection                build/stm32c0xx_hal_flash_ex.o
HAL_FLASHEx_Erase                                 build/stm32c0xx_hal_flash_ex.o
HAL_FLASHEx_Erase_IT                              build/stm32c0xx_hal_flash_ex.o
HAL_FLASHEx_FlashEmptyCheck                       build/stm32c0xx_hal_flash_ex.o
HAL_FLASHEx_ForceFlashEmpty                       build/stm32c0xx_hal_flash_ex.o
HAL_FLASHEx_OBGetConfig                           build/stm32c0xx_hal_flash_ex.o
HAL_FLASHEx_OBProgram                             build/stm32c0xx_hal_flash_ex.o
HAL_FLASH_EndOfOperationCallback                  build/stm32c0xx_hal_flash.o
HAL_FLASH_GetError                                build/stm32c0xx_hal_flash.o
HAL_FLASH_IRQHandler                              build/stm32c0xx_hal_flash.o
HAL_FLASH_Lock                                    build/stm32c0xx_hal_flash.o
HAL_FLASH_OB_Launch                               build/stm32c0xx_hal_flash.o
HAL_FLASH_OB_Lock                                 build/stm32c0xx_hal_flash.o
HAL_FLASH_OB_Unlock                               build/stm32c0xx_hal_flash.o
HAL_FLASH_OperationErrorCallback                  build/stm32c0xx_hal_flash.o
HAL_FLASH_Program                                 build/stm32c0xx_hal_flash.o
HAL_FLASH_Program_IT                              build/stm32c0xx_hal_flash.o
HAL_FLASH_Unlock                                  build/stm32c0xx_hal_flash.o
HAL_GPIO_DeInit                                   build/stm32c0xx_hal_gpio.o
                                                  build/stm32c0xx_hal_msp.o
HAL_GPIO_EXTI_Falling_Callback                    build/stm32c0xx_hal_gpio.o
HAL_GPIO_EXTI_IRQHandler                          build/stm32c0xx_hal_gpio.o
HAL_GPIO_EXTI_Rising_Callback                     build/stm32c0xx_hal_gpio.o
HAL_GPIO_Init                                     build/stm32c0xx_hal_gpio.o
                                                  build/stm32c0xx_hal_rcc_ex.o
                                                  build/stm32c0xx_hal_rcc.o
                                                  build/stm32c0xx_hal_msp.o
HAL_GPIO_LockPin                                  build/stm32c0xx_hal_gpio.o
HAL_GPIO_ReadPin                                  build/stm32c0xx_hal_gpio.o
HAL_GPIO_TogglePin                                build/stm32c0xx_hal_gpio.o
HAL_GPIO_WriteMultipleStatePin                    build/stm32c0xx_hal_gpio.o
HAL_GPIO_WritePin                                 build/stm32c0xx_hal_gpio.o
HAL_GetDEVID                                      build/stm32c0xx_hal.o
HAL_GetHalVersion                                 build/stm32c0xx_hal.o
HAL_GetREVID                                      build/stm32c0xx_hal.o
HAL_GetTick                                       build/stm32c0xx_hal.o
                                                  build/stm32c0xx_hal_spi.o
                                                  build/stm32c0xx_hal_rcc_ex.o
                                                  build/stm32c0xx_hal_rcc.o
                                                  build/stm32c0xx_hal_flash.o
                                                  build/stm32c0xx_hal_dma.o
HAL_GetTickFreq                                   build/stm32c0xx_hal.o
HAL_GetTickPrio                                   build/stm32c0xx_hal.o
HAL_GetUIDw0                                      build/stm32c0xx_hal.o
HAL_GetUIDw1                                      build/stm32c0xx_hal.o
HAL_GetUIDw2                                      build/stm32c0xx_hal.o
HAL_IncTick                                       build/stm32c0xx_hal.o
                                                  build/stm32c0xx_it.o
HAL_Init                                          build/stm32c0xx_hal.o
                                                  build/main.o
HAL_InitTick                                      build/stm32c0xx_hal.o
                                                  build/stm32c0xx_hal_rcc.o
HAL_MPU_ConfigRegion                              build/stm32c0xx_hal_cortex.o
HAL_MPU_Disable                                   build/stm32c0xx_hal_cortex.o
HAL_MPU_Enable                                    build/stm32c0xx_hal_cortex.o
HAL_MspDeInit                                     build/stm32c0xx_hal.o
HAL_MspInit                                       build/stm32c0xx_hal_msp.o
HAL_NVIC_ClearPendingIRQ                          build/stm32c0xx_hal_cortex.o
HAL_NVIC_DisableIRQ                               build/stm32c0xx_hal_cortex.o
HAL_NVIC_EnableIRQ                                build/stm32c0xx_hal_cortex.o
HAL_NVIC_GetPendingIRQ                            build/stm32c0xx_hal_cortex.o
HAL_NVIC_GetPriority                              build/stm32c0xx_hal_cortex.o
HAL_NVIC_SetPendingIRQ                            build/stm32c0xx_hal_cortex.o
HAL_NVIC_SetPriority                              build/stm32c0xx_hal_cortex.o
                                                  build/stm32c0xx_hal.o
HAL_NVIC_SystemReset                              build/stm32c0xx_hal_cortex.o
HAL_PWREx_BKUPRead                                build/stm32c0xx_hal_pwr_ex.o
HAL_PWREx_BKUPWrite                               build/stm32c0xx_hal_pwr_ex.o
HAL_PWREx_DisableFlashPowerDown                   build/stm32c0xx_hal_pwr_ex.o
HAL_PWREx_DisableGPIOPullDown                     build/stm32c0xx_hal_pwr_ex.o
HAL_PWREx_DisableGPIOPullUp                       build/stm32c0xx_hal_pwr_ex.o
HAL_PWREx_DisableInternalWakeUpLine               build/stm32c0xx_hal_pwr_ex.o
HAL_PWREx_DisablePullUpPullDownConfig             build/stm32c0xx_hal_pwr_ex.o
HAL_PWREx_EnableFlashPowerDown                    build/stm32c0xx_hal_pwr_ex.o
HAL_PWREx_EnableGPIOPullDown                      build/stm32c0xx_hal_pwr_ex.o
HAL_PWREx_EnableGPIOPullUp                        build/stm32c0xx_hal_pwr_ex.o
HAL_PWREx_EnableInternalWakeUpLine                build/stm32c0xx_hal_pwr_ex.o
HAL_PWREx_EnablePullUpPullDownConfig              build/stm32c0xx_hal_pwr_ex.o
HAL_PWREx_EnterSHUTDOWNMode                       build/stm32c0xx_hal_pwr_ex.o
HAL_PWR_DeInit                                    build/stm32c0xx_hal_pwr.o
HAL_PWR_DisableSEVOnPend                          build/stm32c0xx_hal_pwr.o
HAL_PWR_DisableSleepOnExit                        build/stm32c0xx_hal_pwr.o
HAL_PWR_DisableWakeUpPin                          build/stm32c0xx_hal_pwr.o
HAL_PWR_EnableSEVOnPend                           build/stm32c0xx_hal_pwr.o
HAL_PWR_EnableSleepOnExit                         build/stm32c0xx_hal_pwr.o
HAL_PWR_EnableWakeUpPin                           build/stm32c0xx_hal_pwr.o
HAL_PWR_EnterSLEEPMode                            build/stm32c0xx_hal_pwr.o
HAL_PWR_EnterSTANDBYMode                          build/stm32c0xx_hal_pwr.o
HAL_PWR_EnterSTOPMode                             build/stm32c0xx_hal_pwr.o
HAL_RCCEx_DisableLSCO                             build/stm32c0xx_hal_rcc_ex.o
HAL_RCCEx_EnableLSCO                              build/stm32c0xx_hal_rcc_ex.o
HAL_RCCEx_GetPeriphCLKConfig                      build/stm32c0xx_hal_rcc_ex.o
HAL_RCCEx_GetPeriphCLKFreq                        build/stm32c0xx_hal_rcc_ex.o
HAL_RCCEx_PeriphCLKConfig                         build/stm32c0xx_hal_rcc_ex.o
                                                  build/stm32c0xx_hal_msp.o
HAL_RCC_CSSCallback                               build/stm32c0xx_hal_rcc.o
HAL_RCC_ClockConfig                               build/stm32c0xx_hal_rcc.o
                                                  build/main.o
HAL_RCC_DeInit                                    build/stm32c0xx_hal_rcc.o
HAL_RCC_DisableLSECSS                             build/stm32c0xx_hal_rcc.o
HAL_RCC_EnableCSS                                 build/stm32c0xx_hal_rcc.o
HAL_RCC_EnableLSECSS                              build/stm32c0xx_hal_rcc.o
HAL_RCC_GetClockConfig                            build/stm32c0xx_hal_rcc.o
HAL_RCC_GetHCLKFreq                               build/stm32c0xx_hal_rcc.o
HAL_RCC_GetOscConfig                              build/stm32c0xx_hal_rcc.o
HAL_RCC_GetPCLK1Freq                              build/stm32c0xx_hal_rcc.o
                                                  build/stm32c0xx_hal_rcc_ex.o
HAL_RCC_GetSysClockFreq                           build/stm32c0xx_hal_rcc.o
                                                  build/stm32c0xx_hal_rcc_ex.o
HAL_RCC_LSECSSCallback                            build/stm32c0xx_hal_rcc.o
HAL_RCC_MCOConfig                                 build/stm32c0xx_hal_rcc.o
HAL_RCC_NMI_IRQHandler                            build/stm32c0xx_hal_rcc.o
HAL_RCC_OscConfig                                 build/stm32c0xx_hal_rcc.o
                                                  build/main.o
HAL_ResumeTick                                    build/stm32c0xx_hal.o
HAL_SPIEx_FlushRxFifo                             build/stm32c0xx_hal_spi_ex.o
HAL_SPI_Abort                                     build/stm32c0xx_hal_spi.o
HAL_SPI_AbortCpltCallback                         build/stm32c0xx_hal_spi.o
HAL_SPI_Abort_IT                                  build/stm32c0xx_hal_spi.o
HAL_SPI_DMAPause                                  build/stm32c0xx_hal_spi.o
HAL_SPI_DMAResume                                 build/stm32c0xx_hal_spi.o
HAL_SPI_DMAStop                                   build/stm32c0xx_hal_spi.o
HAL_SPI_DeInit                                    build/stm32c0xx_hal_spi.o
HAL_SPI_ErrorCallback                             build/stm32c0xx_hal_spi.o
HAL_SPI_GetError                                  build/stm32c0xx_hal_spi.o
HAL_SPI_GetState                                  build/stm32c0xx_hal_spi.o
HAL_SPI_IRQHandler                                build/stm32c0xx_hal_spi.o
HAL_SPI_Init                                      build/stm32c0xx_hal_spi.o
                                                  build/main.o
HAL_SPI_MspDeInit                                 build/stm32c0xx_hal_msp.o
HAL_SPI_MspInit                                   build/stm32c0xx_hal_msp.o
HAL_SPI_Receive                                   build/stm32c0xx_hal_spi.o
HAL_SPI_Receive_DMA                               build/stm32c0xx_hal_spi.o
HAL_SPI_Receive_IT                                build/stm32c0xx_hal_spi.o
HAL_SPI_RxCpltCallback                            build/stm32c0xx_hal_spi.o
HAL_SPI_RxHalfCpltCallback                        build/stm32c0xx_hal_spi.o
HAL_SPI_Transmit                                  build/stm32c0xx_hal_spi.o
HAL_SPI_TransmitReceive                           build/stm32c0xx_hal_spi.o
HAL_SPI_TransmitReceive_DMA                       build/stm32c0xx_hal_spi.o
HAL_SPI_TransmitReceive_IT                        build/stm32c0xx_hal_spi.o
HAL_SPI_Transmit_DMA                              build/stm32c0xx_hal_spi.o
HAL_SPI_Transmit_IT                               build/stm32c0xx_hal_spi.o
HAL_SPI_TxCpltCallback                            build/stm32c0xx_hal_spi.o
HAL_SPI_TxHalfCpltCallback                        build/stm32c0xx_hal_spi.o
HAL_SPI_TxRxCpltCallback                          build/stm32c0xx_hal_spi.o
HAL_SPI_TxRxHalfCpltCallback                      build/stm32c0xx_hal_spi.o
HAL_SYSCFG_DisableIOAnalogSwitchBooster           build/stm32c0xx_hal.o
HAL_SYSCFG_DisableRemap                           build/stm32c0xx_hal.o
HAL_SYSCFG_EnableIOAnalogSwitchBooster            build/stm32c0xx_hal.o
HAL_SYSCFG_EnableRemap                            build/stm32c0xx_hal.o
HAL_SYSCFG_GetPinBinding                          build/stm32c0xx_hal.o
HAL_SYSCFG_SetPinBinding                          build/stm32c0xx_hal.o
                                                  build/stm32c0xx_hal_msp.o
HAL_SYSTICK_CLKSourceConfig                       build/stm32c0xx_hal_cortex.o
HAL_SYSTICK_Callback                              build/stm32c0xx_hal_cortex.o
HAL_SYSTICK_Config                                build/stm32c0xx_hal_cortex.o
                                                  build/stm32c0xx_hal.o
HAL_SYSTICK_IRQHandler                            build/stm32c0xx_hal_cortex.o
HAL_SetTickFreq                                   build/stm32c0xx_hal.o
HAL_SuspendTick                                   build/stm32c0xx_hal.o
HardFault_Handler                                 build/stm32c0xx_it.o
I2C1_IRQHandler                                   build/startup_stm32c011xx.o
NMI_Handler                                       build/stm32c0xx_it.o
PendSV_Handler                                    build/stm32c0xx_it.o
RCC_IRQHandler                                    build/startup_stm32c011xx.o
RTC_IRQHandler                                    build/startup_stm32c011xx.o
Reset_Handler                                     build/startup_stm32c011xx.o
SPI1_IRQHandler                                   build/startup_stm32c011xx.o
SVC_Handler                                       build/stm32c0xx_it.o
SysTick_Handler                                   build/stm32c0xx_it.o
SystemClock_Config                                build/main.o
SystemCoreClock                                   build/system_stm32c0xx.o
                                                  build/stm32c0xx_hal_spi.o
                                                  build/stm32c0xx_hal_rcc.o
                                                  build/stm32c0xx_hal.o
SystemCoreClockUpdate                             build/system_stm32c0xx.o
SystemInit                                        build/system_stm32c0xx.o
                                                  build/startup_stm32c011xx.o
TIM14_IRQHandler                                  build/startup_stm32c011xx.o
TIM16_IRQHandler                                  build/startup_stm32c011xx.o
TIM17_IRQHandler                                  build/startup_stm32c011xx.o
TIM1_BRK_UP_TRG_COM_IRQHandler                    build/startup_stm32c011xx.o
TIM1_CC_IRQHandler                                build/startup_stm32c011xx.o
TIM3_IRQHandler                                   build/startup_stm32c011xx.o
USART1_IRQHandler                                 build/startup_stm32c011xx.o
USART2_IRQHandler                                 build/startup_stm32c011xx.o
WWDG_IRQHandler                                   build/startup_stm32c011xx.o
_Min_Stack_Size                                   build/sysmem.o
__aeabi_idiv0                                     c:/users/xhex8/appdata/roaming/code/user/globalstorage/bmd.stm32-for-vscode/@xpack-dev-tools/arm-none-eabi-gcc/12.3.1-1.1.1/.content/bin/../lib/gcc/arm-none-eabi/12.3.1/thumb/v6-m/nofp\libgcc.a(_dvmd_tls.o)
                                                  c:/users/xhex8/appdata/roaming/code/user/globalstorage/bmd.stm32-for-vscode/@xpack-dev-tools/arm-none-eabi-gcc/12.3.1-1.1.1/.content/bin/../lib/gcc/arm-none-eabi/12.3.1/thumb/v6-m/nofp\libgcc.a(_udivsi3.o)
__aeabi_ldiv0                                     c:/users/xhex8/appdata/roaming/code/user/globalstorage/bmd.stm32-for-vscode/@xpack-dev-tools/arm-none-eabi-gcc/12.3.1-1.1.1/.content/bin/../lib/gcc/arm-none-eabi/12.3.1/thumb/v6-m/nofp\libgcc.a(_dvmd_tls.o)
__aeabi_uidiv                                     c:/users/xhex8/appdata/roaming/code/user/globalstorage/bmd.stm32-for-vscode/@xpack-dev-tools/arm-none-eabi-gcc/12.3.1-1.1.1/.content/bin/../lib/gcc/arm-none-eabi/12.3.1/thumb/v6-m/nofp\libgcc.a(_udivsi3.o)
                                                  build/stm32c0xx_hal_spi.o
                                                  build/stm32c0xx_hal_rcc_ex.o
                                                  build/stm32c0xx_hal_dma.o
                                                  build/stm32c0xx_hal.o
__aeabi_uidivmod                                  c:/users/xhex8/appdata/roaming/code/user/globalstorage/bmd.stm32-for-vscode/@xpack-dev-tools/arm-none-eabi-gcc/12.3.1-1.1.1/.content/bin/../lib/gcc/arm-none-eabi/12.3.1/thumb/v6-m/nofp\libgcc.a(_udivsi3.o)
__atexit                                          c:/users/xhex8/appdata/roaming/code/user/globalstorage/bmd.stm32-for-vscode/@xpack-dev-tools/arm-none-eabi-gcc/12.3.1-1.1.1/.content/bin/../lib/gcc/arm-none-eabi/12.3.1/../../../../arm-none-eabi/lib/thumb/v6-m/nofp\libc_nano.a(libc_a-__call_atexit.o)
                                                  c:/users/xhex8/appdata/roaming/code/user/globalstorage/bmd.stm32-for-vscode/@xpack-dev-tools/arm-none-eabi-gcc/12.3.1-1.1.1/.content/bin/../lib/gcc/arm-none-eabi/12.3.1/../../../../arm-none-eabi/lib/thumb/v6-m/nofp\libc_nano.a(libc_a-__atexit.o)
__atexit0                                         c:/users/xhex8/appdata/roaming/code/user/globalstorage/bmd.stm32-for-vscode/@xpack-dev-tools/arm-none-eabi-gcc/12.3.1-1.1.1/.content/bin/../lib/gcc/arm-none-eabi/12.3.1/../../../../arm-none-eabi/lib/thumb/v6-m/nofp\libc_nano.a(libc_a-__atexit.o)
__atexit_dummy                                    c:/users/xhex8/appdata/roaming/code/user/globalstorage/bmd.stm32-for-vscode/@xpack-dev-tools/arm-none-eabi-gcc/12.3.1-1.1.1/.content/bin/../lib/gcc/arm-none-eabi/12.3.1/../../../../arm-none-eabi/lib/thumb/v6-m/nofp\libc_nano.a(libc_a-__atexit.o)
__atexit_recursive_mutex                          c:/users/xhex8/appdata/roaming/code/user/globalstorage/bmd.stm32-for-vscode/@xpack-dev-tools/arm-none-eabi-gcc/12.3.1-1.1.1/.content/bin/../lib/gcc/arm-none-eabi/12.3.1/../../../../arm-none-eabi/lib/thumb/v6-m/nofp\libc_nano.a(libc_a-__call_atexit.o)
                                                  c:/users/xhex8/appdata/roaming/code/user/globalstorage/bmd.stm32-for-vscode/@xpack-dev-tools/arm-none-eabi-gcc/12.3.1-1.1.1/.content/bin/../lib/gcc/arm-none-eabi/12.3.1/../../../../arm-none-eabi/lib/thumb/v6-m/nofp\libc_nano.a(libc_a-__atexit.o)
__bss_end__                                       c:/users/xhex8/appdata/roaming/code/user/globalstorage/bmd.stm32-for-vscode/@xpack-dev-tools/arm-none-eabi-gcc/12.3.1-1.1.1/.content/bin/../lib/gcc/arm-none-eabi/12.3.1/../../../../arm-none-eabi/lib/thumb/v6-m/nofp/crt0.o
__bss_start__                                     c:/users/xhex8/appdata/roaming/code/user/globalstorage/bmd.stm32-for-vscode/@xpack-dev-tools/arm-none-eabi-gcc/12.3.1-1.1.1/.content/bin/../lib/gcc/arm-none-eabi/12.3.1/../../../../arm-none-eabi/lib/thumb/v6-m/nofp/crt0.o
__call_exitprocs                                  c:/users/xhex8/appdata/roaming/code/user/globalstorage/bmd.stm32-for-vscode/@xpack-dev-tools/arm-none-eabi-gcc/12.3.1-1.1.1/.content/bin/../lib/gcc/arm-none-eabi/12.3.1/../../../../arm-none-eabi/lib/thumb/v6-m/nofp\libc_nano.a(libc_a-__call_atexit.o)
                                                  c:/users/xhex8/appdata/roaming/code/user/globalstorage/bmd.stm32-for-vscode/@xpack-dev-tools/arm-none-eabi-gcc/12.3.1-1.1.1/.content/bin/../lib/gcc/arm-none-eabi/12.3.1/../../../../arm-none-eabi/lib/thumb/v6-m/nofp\libc_nano.a(libc_a-__atexit.o)
                                                  c:/users/xhex8/appdata/roaming/code/user/globalstorage/bmd.stm32-for-vscode/@xpack-dev-tools/arm-none-eabi-gcc/12.3.1-1.1.1/.content/bin/../lib/gcc/arm-none-eabi/12.3.1/../../../../arm-none-eabi/lib/thumb/v6-m/nofp\libc_nano.a(libc_a-exit.o)
__deregister_frame_info                           c:/users/xhex8/appdata/roaming/code/user/globalstorage/bmd.stm32-for-vscode/@xpack-dev-tools/arm-none-eabi-gcc/12.3.1-1.1.1/.content/bin/../lib/gcc/arm-none-eabi/12.3.1/thumb/v6-m/nofp/crtbegin.o
__dso_handle                                      c:/users/xhex8/appdata/roaming/code/user/globalstorage/bmd.stm32-for-vscode/@xpack-dev-tools/arm-none-eabi-gcc/12.3.1-1.1.1/.content/bin/../lib/gcc/arm-none-eabi/12.3.1/thumb/v6-m/nofp/crtbegin.o
__env                                             build/syscalls.o
__errno                                           c:/users/xhex8/appdata/roaming/code/user/globalstorage/bmd.stm32-for-vscode/@xpack-dev-tools/arm-none-eabi-gcc/12.3.1-1.1.1/.content/bin/../lib/gcc/arm-none-eabi/12.3.1/../../../../arm-none-eabi/lib/thumb/v6-m/nofp\libc_nano.a(libc_a-errno.o)
                                                  build/sysmem.o
                                                  build/syscalls.o
__fini_array_end                                  c:/users/xhex8/appdata/roaming/code/user/globalstorage/bmd.stm32-for-vscode/@xpack-dev-tools/arm-none-eabi-gcc/12.3.1-1.1.1/.content/bin/../lib/gcc/arm-none-eabi/12.3.1/../../../../arm-none-eabi/lib/thumb/v6-m/nofp\libc_nano.a(libc_a-fini.o)
__fini_array_start                                c:/users/xhex8/appdata/roaming/code/user/globalstorage/bmd.stm32-for-vscode/@xpack-dev-tools/arm-none-eabi-gcc/12.3.1-1.1.1/.content/bin/../lib/gcc/arm-none-eabi/12.3.1/../../../../arm-none-eabi/lib/thumb/v6-m/nofp\libc_nano.a(libc_a-fini.o)
__fp_lock_all                                     c:/users/xhex8/appdata/roaming/code/user/globalstorage/bmd.stm32-for-vscode/@xpack-dev-tools/arm-none-eabi-gcc/12.3.1-1.1.1/.content/bin/../lib/gcc/arm-none-eabi/12.3.1/../../../../arm-none-eabi/lib/thumb/v6-m/nofp\libc_nano.a(libc_a-findfp.o)
__fp_unlock_all                                   c:/users/xhex8/appdata/roaming/code/user/globalstorage/bmd.stm32-for-vscode/@xpack-dev-tools/arm-none-eabi-gcc/12.3.1-1.1.1/.content/bin/../lib/gcc/arm-none-eabi/12.3.1/../../../../arm-none-eabi/lib/thumb/v6-m/nofp\libc_nano.a(libc_a-findfp.o)
__init_array_end                                  c:/users/xhex8/appdata/roaming/code/user/globalstorage/bmd.stm32-for-vscode/@xpack-dev-tools/arm-none-eabi-gcc/12.3.1-1.1.1/.content/bin/../lib/gcc/arm-none-eabi/12.3.1/../../../../arm-none-eabi/lib/thumb/v6-m/nofp\libc_nano.a(libc_a-init.o)
__init_array_start                                c:/users/xhex8/appdata/roaming/code/user/globalstorage/bmd.stm32-for-vscode/@xpack-dev-tools/arm-none-eabi-gcc/12.3.1-1.1.1/.content/bin/../lib/gcc/arm-none-eabi/12.3.1/../../../../arm-none-eabi/lib/thumb/v6-m/nofp\libc_nano.a(libc_a-init.o)
__io_getchar                                      build/syscalls.o
__io_putchar                                      build/syscalls.o
__libc_fini_array                                 c:/users/xhex8/appdata/roaming/code/user/globalstorage/bmd.stm32-for-vscode/@xpack-dev-tools/arm-none-eabi-gcc/12.3.1-1.1.1/.content/bin/../lib/gcc/arm-none-eabi/12.3.1/../../../../arm-none-eabi/lib/thumb/v6-m/nofp\libc_nano.a(libc_a-fini.o)
                                                  c:/users/xhex8/appdata/roaming/code/user/globalstorage/bmd.stm32-for-vscode/@xpack-dev-tools/arm-none-eabi-gcc/12.3.1-1.1.1/.content/bin/../lib/gcc/arm-none-eabi/12.3.1/../../../../arm-none-eabi/lib/thumb/v6-m/nofp/crt0.o
__libc_init_array                                 c:/users/xhex8/appdata/roaming/code/user/globalstorage/bmd.stm32-for-vscode/@xpack-dev-tools/arm-none-eabi-gcc/12.3.1-1.1.1/.content/bin/../lib/gcc/arm-none-eabi/12.3.1/../../../../arm-none-eabi/lib/thumb/v6-m/nofp\libc_nano.a(libc_a-init.o)
                                                  build/startup_stm32c011xx.o
                                                  c:/users/xhex8/appdata/roaming/code/user/globalstorage/bmd.stm32-for-vscode/@xpack-dev-tools/arm-none-eabi-gcc/12.3.1-1.1.1/.content/bin/../lib/gcc/arm-none-eabi/12.3.1/../../../../arm-none-eabi/lib/thumb/v6-m/nofp/crt0.o
__lock___arc4random_mutex                         c:/users/xhex8/appdata/roaming/code/user/globalstorage/bmd.stm32-for-vscode/@xpack-dev-tools/arm-none-eabi-gcc/12.3.1-1.1.1/.content/bin/../lib/gcc/arm-none-eabi/12.3.1/../../../../arm-none-eabi/lib/thumb/v6-m/nofp\libc_nano.a(libc_a-lock.o)
__lock___at_quick_exit_mutex                      c:/users/xhex8/appdata/roaming/code/user/globalstorage/bmd.stm32-for-vscode/@xpack-dev-tools/arm-none-eabi-gcc/12.3.1-1.1.1/.content/bin/../lib/gcc/arm-none-eabi/12.3.1/../../../../arm-none-eabi/lib/thumb/v6-m/nofp\libc_nano.a(libc_a-lock.o)
__lock___atexit_recursive_mutex                   c:/users/xhex8/appdata/roaming/code/user/globalstorage/bmd.stm32-for-vscode/@xpack-dev-tools/arm-none-eabi-gcc/12.3.1-1.1.1/.content/bin/../lib/gcc/arm-none-eabi/12.3.1/../../../../arm-none-eabi/lib/thumb/v6-m/nofp\libc_nano.a(libc_a-lock.o)
                                                  c:/users/xhex8/appdata/roaming/code/user/globalstorage/bmd.stm32-for-vscode/@xpack-dev-tools/arm-none-eabi-gcc/12.3.1-1.1.1/.content/bin/../lib/gcc/arm-none-eabi/12.3.1/../../../../arm-none-eabi/lib/thumb/v6-m/nofp\libc_nano.a(libc_a-__call_atexit.o)
__lock___dd_hash_mutex                            c:/users/xhex8/appdata/roaming/code/user/globalstorage/bmd.stm32-for-vscode/@xpack-dev-tools/arm-none-eabi-gcc/12.3.1-1.1.1/.content/bin/../lib/gcc/arm-none-eabi/12.3.1/../../../../arm-none-eabi/lib/thumb/v6-m/nofp\libc_nano.a(libc_a-lock.o)
__lock___env_recursive_mutex                      c:/users/xhex8/appdata/roaming/code/user/globalstorage/bmd.stm32-for-vscode/@xpack-dev-tools/arm-none-eabi-gcc/12.3.1-1.1.1/.content/bin/../lib/gcc/arm-none-eabi/12.3.1/../../../../arm-none-eabi/lib/thumb/v6-m/nofp\libc_nano.a(libc_a-lock.o)
__lock___malloc_recursive_mutex                   c:/users/xhex8/appdata/roaming/code/user/globalstorage/bmd.stm32-for-vscode/@xpack-dev-tools/arm-none-eabi-gcc/12.3.1-1.1.1/.content/bin/../lib/gcc/arm-none-eabi/12.3.1/../../../../arm-none-eabi/lib/thumb/v6-m/nofp\libc_nano.a(libc_a-lock.o)
                                                  c:/users/xhex8/appdata/roaming/code/user/globalstorage/bmd.stm32-for-vscode/@xpack-dev-tools/arm-none-eabi-gcc/12.3.1-1.1.1/.content/bin/../lib/gcc/arm-none-eabi/12.3.1/../../../../arm-none-eabi/lib/thumb/v6-m/nofp\libc_nano.a(libc_a-mlock.o)
__lock___sfp_recursive_mutex                      c:/users/xhex8/appdata/roaming/code/user/globalstorage/bmd.stm32-for-vscode/@xpack-dev-tools/arm-none-eabi-gcc/12.3.1-1.1.1/.content/bin/../lib/gcc/arm-none-eabi/12.3.1/../../../../arm-none-eabi/lib/thumb/v6-m/nofp\libc_nano.a(libc_a-lock.o)
                                                  c:/users/xhex8/appdata/roaming/code/user/globalstorage/bmd.stm32-for-vscode/@xpack-dev-tools/arm-none-eabi-gcc/12.3.1-1.1.1/.content/bin/../lib/gcc/arm-none-eabi/12.3.1/../../../../arm-none-eabi/lib/thumb/v6-m/nofp\libc_nano.a(libc_a-findfp.o)
__lock___tz_mutex                                 c:/users/xhex8/appdata/roaming/code/user/globalstorage/bmd.stm32-for-vscode/@xpack-dev-tools/arm-none-eabi-gcc/12.3.1-1.1.1/.content/bin/../lib/gcc/arm-none-eabi/12.3.1/../../../../arm-none-eabi/lib/thumb/v6-m/nofp\libc_nano.a(libc_a-lock.o)
__malloc_free_list                                c:/users/xhex8/appdata/roaming/code/user/globalstorage/bmd.stm32-for-vscode/@xpack-dev-tools/arm-none-eabi-gcc/12.3.1-1.1.1/.content/bin/../lib/gcc/arm-none-eabi/12.3.1/../../../../arm-none-eabi/lib/thumb/v6-m/nofp\libc_nano.a(libc_a-mallocr.o)
                                                  c:/users/xhex8/appdata/roaming/code/user/globalstorage/bmd.stm32-for-vscode/@xpack-dev-tools/arm-none-eabi-gcc/12.3.1-1.1.1/.content/bin/../lib/gcc/arm-none-eabi/12.3.1/../../../../arm-none-eabi/lib/thumb/v6-m/nofp\libc_nano.a(libc_a-freer.o)
__malloc_lock                                     c:/users/xhex8/appdata/roaming/code/user/globalstorage/bmd.stm32-for-vscode/@xpack-dev-tools/arm-none-eabi-gcc/12.3.1-1.1.1/.content/bin/../lib/gcc/arm-none-eabi/12.3.1/../../../../arm-none-eabi/lib/thumb/v6-m/nofp\libc_nano.a(libc_a-mlock.o)
                                                  c:/users/xhex8/appdata/roaming/code/user/globalstorage/bmd.stm32-for-vscode/@xpack-dev-tools/arm-none-eabi-gcc/12.3.1-1.1.1/.content/bin/../lib/gcc/arm-none-eabi/12.3.1/../../../../arm-none-eabi/lib/thumb/v6-m/nofp\libc_nano.a(libc_a-mallocr.o)
                                                  c:/users/xhex8/appdata/roaming/code/user/globalstorage/bmd.stm32-for-vscode/@xpack-dev-tools/arm-none-eabi-gcc/12.3.1-1.1.1/.content/bin/../lib/gcc/arm-none-eabi/12.3.1/../../../../arm-none-eabi/lib/thumb/v6-m/nofp\libc_nano.a(libc_a-freer.o)
__malloc_sbrk_start                               c:/users/xhex8/appdata/roaming/code/user/globalstorage/bmd.stm32-for-vscode/@xpack-dev-tools/arm-none-eabi-gcc/12.3.1-1.1.1/.content/bin/../lib/gcc/arm-none-eabi/12.3.1/../../../../arm-none-eabi/lib/thumb/v6-m/nofp\libc_nano.a(libc_a-mallocr.o)
__malloc_unlock                                   c:/users/xhex8/appdata/roaming/code/user/globalstorage/bmd.stm32-for-vscode/@xpack-dev-tools/arm-none-eabi-gcc/12.3.1-1.1.1/.content/bin/../lib/gcc/arm-none-eabi/12.3.1/../../../../arm-none-eabi/lib/thumb/v6-m/nofp\libc_nano.a(libc_a-mlock.o)
                                                  c:/users/xhex8/appdata/roaming/code/user/globalstorage/bmd.stm32-for-vscode/@xpack-dev-tools/arm-none-eabi-gcc/12.3.1-1.1.1/.content/bin/../lib/gcc/arm-none-eabi/12.3.1/../../../../arm-none-eabi/lib/thumb/v6-m/nofp\libc_nano.a(libc_a-mallocr.o)
                                                  c:/users/xhex8/appdata/roaming/code/user/globalstorage/bmd.stm32-for-vscode/@xpack-dev-tools/arm-none-eabi-gcc/12.3.1-1.1.1/.content/bin/../lib/gcc/arm-none-eabi/12.3.1/../../../../arm-none-eabi/lib/thumb/v6-m/nofp\libc_nano.a(libc_a-freer.o)
__on_exit_args                                    c:/users/xhex8/appdata/roaming/code/user/globalstorage/bmd.stm32-for-vscode/@xpack-dev-tools/arm-none-eabi-gcc/12.3.1-1.1.1/.content/bin/../lib/gcc/arm-none-eabi/12.3.1/../../../../arm-none-eabi/lib/thumb/v6-m/nofp\libc_nano.a(libc_a-__atexit.o)
__preinit_array_end                               c:/users/xhex8/appdata/roaming/code/user/globalstorage/bmd.stm32-for-vscode/@xpack-dev-tools/arm-none-eabi-gcc/12.3.1-1.1.1/.content/bin/../lib/gcc/arm-none-eabi/12.3.1/../../../../arm-none-eabi/lib/thumb/v6-m/nofp\libc_nano.a(libc_a-init.o)
__preinit_array_start                             c:/users/xhex8/appdata/roaming/code/user/globalstorage/bmd.stm32-for-vscode/@xpack-dev-tools/arm-none-eabi-gcc/12.3.1-1.1.1/.content/bin/../lib/gcc/arm-none-eabi/12.3.1/../../../../arm-none-eabi/lib/thumb/v6-m/nofp\libc_nano.a(libc_a-init.o)
__register_exitproc                               c:/users/xhex8/appdata/roaming/code/user/globalstorage/bmd.stm32-for-vscode/@xpack-dev-tools/arm-none-eabi-gcc/12.3.1-1.1.1/.content/bin/../lib/gcc/arm-none-eabi/12.3.1/../../../../arm-none-eabi/lib/thumb/v6-m/nofp\libc_nano.a(libc_a-__atexit.o)
                                                  c:/users/xhex8/appdata/roaming/code/user/globalstorage/bmd.stm32-for-vscode/@xpack-dev-tools/arm-none-eabi-gcc/12.3.1-1.1.1/.content/bin/../lib/gcc/arm-none-eabi/12.3.1/../../../../arm-none-eabi/lib/thumb/v6-m/nofp\libc_nano.a(libc_a-atexit.o)
__register_frame_info                             c:/users/xhex8/appdata/roaming/code/user/globalstorage/bmd.stm32-for-vscode/@xpack-dev-tools/arm-none-eabi-gcc/12.3.1-1.1.1/.content/bin/../lib/gcc/arm-none-eabi/12.3.1/thumb/v6-m/nofp/crtbegin.o
__retarget_lock_acquire                           c:/users/xhex8/appdata/roaming/code/user/globalstorage/bmd.stm32-for-vscode/@xpack-dev-tools/arm-none-eabi-gcc/12.3.1-1.1.1/.content/bin/../lib/gcc/arm-none-eabi/12.3.1/../../../../arm-none-eabi/lib/thumb/v6-m/nofp\libc_nano.a(libc_a-lock.o)
__retarget_lock_acquire_recursive                 c:/users/xhex8/appdata/roaming/code/user/globalstorage/bmd.stm32-for-vscode/@xpack-dev-tools/arm-none-eabi-gcc/12.3.1-1.1.1/.content/bin/../lib/gcc/arm-none-eabi/12.3.1/../../../../arm-none-eabi/lib/thumb/v6-m/nofp\libc_nano.a(libc_a-lock.o)
                                                  c:/users/xhex8/appdata/roaming/code/user/globalstorage/bmd.stm32-for-vscode/@xpack-dev-tools/arm-none-eabi-gcc/12.3.1-1.1.1/.content/bin/../lib/gcc/arm-none-eabi/12.3.1/../../../../arm-none-eabi/lib/thumb/v6-m/nofp\libc_nano.a(libc_a-fflush.o)
                                                  c:/users/xhex8/appdata/roaming/code/user/globalstorage/bmd.stm32-for-vscode/@xpack-dev-tools/arm-none-eabi-gcc/12.3.1-1.1.1/.content/bin/../lib/gcc/arm-none-eabi/12.3.1/../../../../arm-none-eabi/lib/thumb/v6-m/nofp\libc_nano.a(libc_a-mlock.o)
                                                  c:/users/xhex8/appdata/roaming/code/user/globalstorage/bmd.stm32-for-vscode/@xpack-dev-tools/arm-none-eabi-gcc/12.3.1-1.1.1/.content/bin/../lib/gcc/arm-none-eabi/12.3.1/../../../../arm-none-eabi/lib/thumb/v6-m/nofp\libc_nano.a(libc_a-__call_atexit.o)
                                                  c:/users/xhex8/appdata/roaming/code/user/globalstorage/bmd.stm32-for-vscode/@xpack-dev-tools/arm-none-eabi-gcc/12.3.1-1.1.1/.content/bin/../lib/gcc/arm-none-eabi/12.3.1/../../../../arm-none-eabi/lib/thumb/v6-m/nofp\libc_nano.a(libc_a-__atexit.o)
                                                  c:/users/xhex8/appdata/roaming/code/user/globalstorage/bmd.stm32-for-vscode/@xpack-dev-tools/arm-none-eabi-gcc/12.3.1-1.1.1/.content/bin/../lib/gcc/arm-none-eabi/12.3.1/../../../../arm-none-eabi/lib/thumb/v6-m/nofp\libc_nano.a(libc_a-findfp.o)
__retarget_lock_close                             c:/users/xhex8/appdata/roaming/code/user/globalstorage/bmd.stm32-for-vscode/@xpack-dev-tools/arm-none-eabi-gcc/12.3.1-1.1.1/.content/bin/../lib/gcc/arm-none-eabi/12.3.1/../../../../arm-none-eabi/lib/thumb/v6-m/nofp\libc_nano.a(libc_a-lock.o)
__retarget_lock_close_recursive                   c:/users/xhex8/appdata/roaming/code/user/globalstorage/bmd.stm32-for-vscode/@xpack-dev-tools/arm-none-eabi-gcc/12.3.1-1.1.1/.content/bin/../lib/gcc/arm-none-eabi/12.3.1/../../../../arm-none-eabi/lib/thumb/v6-m/nofp\libc_nano.a(libc_a-lock.o)
__retarget_lock_init                              c:/users/xhex8/appdata/roaming/code/user/globalstorage/bmd.stm32-for-vscode/@xpack-dev-tools/arm-none-eabi-gcc/12.3.1-1.1.1/.content/bin/../lib/gcc/arm-none-eabi/12.3.1/../../../../arm-none-eabi/lib/thumb/v6-m/nofp\libc_nano.a(libc_a-lock.o)
__retarget_lock_init_recursive                    c:/users/xhex8/appdata/roaming/code/user/globalstorage/bmd.stm32-for-vscode/@xpack-dev-tools/arm-none-eabi-gcc/12.3.1-1.1.1/.content/bin/../lib/gcc/arm-none-eabi/12.3.1/../../../../arm-none-eabi/lib/thumb/v6-m/nofp\libc_nano.a(libc_a-lock.o)
                                                  c:/users/xhex8/appdata/roaming/code/user/globalstorage/bmd.stm32-for-vscode/@xpack-dev-tools/arm-none-eabi-gcc/12.3.1-1.1.1/.content/bin/../lib/gcc/arm-none-eabi/12.3.1/../../../../arm-none-eabi/lib/thumb/v6-m/nofp\libc_nano.a(libc_a-findfp.o)
__retarget_lock_release                           c:/users/xhex8/appdata/roaming/code/user/globalstorage/bmd.stm32-for-vscode/@xpack-dev-tools/arm-none-eabi-gcc/12.3.1-1.1.1/.content/bin/../lib/gcc/arm-none-eabi/12.3.1/../../../../arm-none-eabi/lib/thumb/v6-m/nofp\libc_nano.a(libc_a-lock.o)
__retarget_lock_release_recursive                 c:/users/xhex8/appdata/roaming/code/user/globalstorage/bmd.stm32-for-vscode/@xpack-dev-tools/arm-none-eabi-gcc/12.3.1-1.1.1/.content/bin/../lib/gcc/arm-none-eabi/12.3.1/../../../../arm-none-eabi/lib/thumb/v6-m/nofp\libc_nano.a(libc_a-lock.o)
                                                  c:/users/xhex8/appdata/roaming/code/user/globalstorage/bmd.stm32-for-vscode/@xpack-dev-tools/arm-none-eabi-gcc/12.3.1-1.1.1/.content/bin/../lib/gcc/arm-none-eabi/12.3.1/../../../../arm-none-eabi/lib/thumb/v6-m/nofp\libc_nano.a(libc_a-fflush.o)
                                                  c:/users/xhex8/appdata/roaming/code/user/globalstorage/bmd.stm32-for-vscode/@xpack-dev-tools/arm-none-eabi-gcc/12.3.1-1.1.1/.content/bin/../lib/gcc/arm-none-eabi/12.3.1/../../../../arm-none-eabi/lib/thumb/v6-m/nofp\libc_nano.a(libc_a-mlock.o)
                                                  c:/users/xhex8/appdata/roaming/code/user/globalstorage/bmd.stm32-for-vscode/@xpack-dev-tools/arm-none-eabi-gcc/12.3.1-1.1.1/.content/bin/../lib/gcc/arm-none-eabi/12.3.1/../../../../arm-none-eabi/lib/thumb/v6-m/nofp\libc_nano.a(libc_a-__call_atexit.o)
                                                  c:/users/xhex8/appdata/roaming/code/user/globalstorage/bmd.stm32-for-vscode/@xpack-dev-tools/arm-none-eabi-gcc/12.3.1-1.1.1/.content/bin/../lib/gcc/arm-none-eabi/12.3.1/../../../../arm-none-eabi/lib/thumb/v6-m/nofp\libc_nano.a(libc_a-__atexit.o)
                                                  c:/users/xhex8/appdata/roaming/code/user/globalstorage/bmd.stm32-for-vscode/@xpack-dev-tools/arm-none-eabi-gcc/12.3.1-1.1.1/.content/bin/../lib/gcc/arm-none-eabi/12.3.1/../../../../arm-none-eabi/lib/thumb/v6-m/nofp\libc_nano.a(libc_a-findfp.o)
__retarget_lock_try_acquire                       c:/users/xhex8/appdata/roaming/code/user/globalstorage/bmd.stm32-for-vscode/@xpack-dev-tools/arm-none-eabi-gcc/12.3.1-1.1.1/.content/bin/../lib/gcc/arm-none-eabi/12.3.1/../../../../arm-none-eabi/lib/thumb/v6-m/nofp\libc_nano.a(libc_a-lock.o)
__retarget_lock_try_acquire_recursive             c:/users/xhex8/appdata/roaming/code/user/globalstorage/bmd.stm32-for-vscode/@xpack-dev-tools/arm-none-eabi-gcc/12.3.1-1.1.1/.content/bin/../lib/gcc/arm-none-eabi/12.3.1/../../../../arm-none-eabi/lib/thumb/v6-m/nofp\libc_nano.a(libc_a-lock.o)
__sclose                                          c:/users/xhex8/appdata/roaming/code/user/globalstorage/bmd.stm32-for-vscode/@xpack-dev-tools/arm-none-eabi-gcc/12.3.1-1.1.1/.content/bin/../lib/gcc/arm-none-eabi/12.3.1/../../../../arm-none-eabi/lib/thumb/v6-m/nofp\libc_nano.a(libc_a-stdio.o)
                                                  c:/users/xhex8/appdata/roaming/code/user/globalstorage/bmd.stm32-for-vscode/@xpack-dev-tools/arm-none-eabi-gcc/12.3.1-1.1.1/.content/bin/../lib/gcc/arm-none-eabi/12.3.1/../../../../arm-none-eabi/lib/thumb/v6-m/nofp\libc_nano.a(libc_a-findfp.o)
__seofread                                        c:/users/xhex8/appdata/roaming/code/user/globalstorage/bmd.stm32-for-vscode/@xpack-dev-tools/arm-none-eabi-gcc/12.3.1-1.1.1/.content/bin/../lib/gcc/arm-none-eabi/12.3.1/../../../../arm-none-eabi/lib/thumb/v6-m/nofp\libc_nano.a(libc_a-stdio.o)
__sf                                              c:/users/xhex8/appdata/roaming/code/user/globalstorage/bmd.stm32-for-vscode/@xpack-dev-tools/arm-none-eabi-gcc/12.3.1-1.1.1/.content/bin/../lib/gcc/arm-none-eabi/12.3.1/../../../../arm-none-eabi/lib/thumb/v6-m/nofp\libc_nano.a(libc_a-findfp.o)
                                                  c:/users/xhex8/appdata/roaming/code/user/globalstorage/bmd.stm32-for-vscode/@xpack-dev-tools/arm-none-eabi-gcc/12.3.1-1.1.1/.content/bin/../lib/gcc/arm-none-eabi/12.3.1/../../../../arm-none-eabi/lib/thumb/v6-m/nofp\libc_nano.a(libc_a-impure.o)
__sflush_r                                        c:/users/xhex8/appdata/roaming/code/user/globalstorage/bmd.stm32-for-vscode/@xpack-dev-tools/arm-none-eabi-gcc/12.3.1-1.1.1/.content/bin/../lib/gcc/arm-none-eabi/12.3.1/../../../../arm-none-eabi/lib/thumb/v6-m/nofp\libc_nano.a(libc_a-fflush.o)
__sfp                                             c:/users/xhex8/appdata/roaming/code/user/globalstorage/bmd.stm32-for-vscode/@xpack-dev-tools/arm-none-eabi-gcc/12.3.1-1.1.1/.content/bin/../lib/gcc/arm-none-eabi/12.3.1/../../../../arm-none-eabi/lib/thumb/v6-m/nofp\libc_nano.a(libc_a-findfp.o)
__sfp_lock_acquire                                c:/users/xhex8/appdata/roaming/code/user/globalstorage/bmd.stm32-for-vscode/@xpack-dev-tools/arm-none-eabi-gcc/12.3.1-1.1.1/.content/bin/../lib/gcc/arm-none-eabi/12.3.1/../../../../arm-none-eabi/lib/thumb/v6-m/nofp\libc_nano.a(libc_a-findfp.o)
__sfp_lock_release                                c:/users/xhex8/appdata/roaming/code/user/globalstorage/bmd.stm32-for-vscode/@xpack-dev-tools/arm-none-eabi-gcc/12.3.1-1.1.1/.content/bin/../lib/gcc/arm-none-eabi/12.3.1/../../../../arm-none-eabi/lib/thumb/v6-m/nofp\libc_nano.a(libc_a-findfp.o)
__sglue                                           c:/users/xhex8/appdata/roaming/code/user/globalstorage/bmd.stm32-for-vscode/@xpack-dev-tools/arm-none-eabi-gcc/12.3.1-1.1.1/.content/bin/../lib/gcc/arm-none-eabi/12.3.1/../../../../arm-none-eabi/lib/thumb/v6-m/nofp\libc_nano.a(libc_a-findfp.o)
                                                  c:/users/xhex8/appdata/roaming/code/user/globalstorage/bmd.stm32-for-vscode/@xpack-dev-tools/arm-none-eabi-gcc/12.3.1-1.1.1/.content/bin/../lib/gcc/arm-none-eabi/12.3.1/../../../../arm-none-eabi/lib/thumb/v6-m/nofp\libc_nano.a(libc_a-fflush.o)
__sinit                                           c:/users/xhex8/appdata/roaming/code/user/globalstorage/bmd.stm32-for-vscode/@xpack-dev-tools/arm-none-eabi-gcc/12.3.1-1.1.1/.content/bin/../lib/gcc/arm-none-eabi/12.3.1/../../../../arm-none-eabi/lib/thumb/v6-m/nofp\libc_nano.a(libc_a-findfp.o)
                                                  c:/users/xhex8/appdata/roaming/code/user/globalstorage/bmd.stm32-for-vscode/@xpack-dev-tools/arm-none-eabi-gcc/12.3.1-1.1.1/.content/bin/../lib/gcc/arm-none-eabi/12.3.1/../../../../arm-none-eabi/lib/thumb/v6-m/nofp\libc_nano.a(libc_a-fflush.o)
__sread                                           c:/users/xhex8/appdata/roaming/code/user/globalstorage/bmd.stm32-for-vscode/@xpack-dev-tools/arm-none-eabi-gcc/12.3.1-1.1.1/.content/bin/../lib/gcc/arm-none-eabi/12.3.1/../../../../arm-none-eabi/lib/thumb/v6-m/nofp\libc_nano.a(libc_a-stdio.o)
                                                  c:/users/xhex8/appdata/roaming/code/user/globalstorage/bmd.stm32-for-vscode/@xpack-dev-tools/arm-none-eabi-gcc/12.3.1-1.1.1/.content/bin/../lib/gcc/arm-none-eabi/12.3.1/../../../../arm-none-eabi/lib/thumb/v6-m/nofp\libc_nano.a(libc_a-findfp.o)
__sseek                                           c:/users/xhex8/appdata/roaming/code/user/globalstorage/bmd.stm32-for-vscode/@xpack-dev-tools/arm-none-eabi-gcc/12.3.1-1.1.1/.content/bin/../lib/gcc/arm-none-eabi/12.3.1/../../../../arm-none-eabi/lib/thumb/v6-m/nofp\libc_nano.a(libc_a-stdio.o)
                                                  c:/users/xhex8/appdata/roaming/code/user/globalstorage/bmd.stm32-for-vscode/@xpack-dev-tools/arm-none-eabi-gcc/12.3.1-1.1.1/.content/bin/../lib/gcc/arm-none-eabi/12.3.1/../../../../arm-none-eabi/lib/thumb/v6-m/nofp\libc_nano.a(libc_a-findfp.o)
__stack                                           c:/users/xhex8/appdata/roaming/code/user/globalstorage/bmd.stm32-for-vscode/@xpack-dev-tools/arm-none-eabi-gcc/12.3.1-1.1.1/.content/bin/../lib/gcc/arm-none-eabi/12.3.1/../../../../arm-none-eabi/lib/thumb/v6-m/nofp/crt0.o
__stdio_exit_handler                              c:/users/xhex8/appdata/roaming/code/user/globalstorage/bmd.stm32-for-vscode/@xpack-dev-tools/arm-none-eabi-gcc/12.3.1-1.1.1/.content/bin/../lib/gcc/arm-none-eabi/12.3.1/../../../../arm-none-eabi/lib/thumb/v6-m/nofp\libc_nano.a(libc_a-findfp.o)
                                                  c:/users/xhex8/appdata/roaming/code/user/globalstorage/bmd.stm32-for-vscode/@xpack-dev-tools/arm-none-eabi-gcc/12.3.1-1.1.1/.content/bin/../lib/gcc/arm-none-eabi/12.3.1/../../../../arm-none-eabi/lib/thumb/v6-m/nofp\libc_nano.a(libc_a-exit.o)
__swrite                                          c:/users/xhex8/appdata/roaming/code/user/globalstorage/bmd.stm32-for-vscode/@xpack-dev-tools/arm-none-eabi-gcc/12.3.1-1.1.1/.content/bin/../lib/gcc/arm-none-eabi/12.3.1/../../../../arm-none-eabi/lib/thumb/v6-m/nofp\libc_nano.a(libc_a-stdio.o)
                                                  c:/users/xhex8/appdata/roaming/code/user/globalstorage/bmd.stm32-for-vscode/@xpack-dev-tools/arm-none-eabi-gcc/12.3.1-1.1.1/.content/bin/../lib/gcc/arm-none-eabi/12.3.1/../../../../arm-none-eabi/lib/thumb/v6-m/nofp\libc_nano.a(libc_a-findfp.o)
__udivsi3                                         c:/users/xhex8/appdata/roaming/code/user/globalstorage/bmd.stm32-for-vscode/@xpack-dev-tools/arm-none-eabi-gcc/12.3.1-1.1.1/.content/bin/../lib/gcc/arm-none-eabi/12.3.1/thumb/v6-m/nofp\libgcc.a(_udivsi3.o)
_close                                            build/syscalls.o
                                                  c:/users/xhex8/appdata/roaming/code/user/globalstorage/bmd.stm32-for-vscode/@xpack-dev-tools/arm-none-eabi-gcc/12.3.1-1.1.1/.content/bin/../lib/gcc/arm-none-eabi/12.3.1/../../../../arm-none-eabi/lib/thumb/v6-m/nofp\libc_nano.a(libc_a-closer.o)
_close_r                                          c:/users/xhex8/appdata/roaming/code/user/globalstorage/bmd.stm32-for-vscode/@xpack-dev-tools/arm-none-eabi-gcc/12.3.1-1.1.1/.content/bin/../lib/gcc/arm-none-eabi/12.3.1/../../../../arm-none-eabi/lib/thumb/v6-m/nofp\libc_nano.a(libc_a-closer.o)
                                                  c:/users/xhex8/appdata/roaming/code/user/globalstorage/bmd.stm32-for-vscode/@xpack-dev-tools/arm-none-eabi-gcc/12.3.1-1.1.1/.content/bin/../lib/gcc/arm-none-eabi/12.3.1/../../../../arm-none-eabi/lib/thumb/v6-m/nofp\libc_nano.a(libc_a-stdio.o)
_ebss                                             build/startup_stm32c011xx.o
_edata                                            build/startup_stm32c011xx.o
_end                                              build/sysmem.o
_estack                                           build/startup_stm32c011xx.o
                                                  build/sysmem.o
_execve                                           build/syscalls.o
_exit                                             build/syscalls.o
                                                  c:/users/xhex8/appdata/roaming/code/user/globalstorage/bmd.stm32-for-vscode/@xpack-dev-tools/arm-none-eabi-gcc/12.3.1-1.1.1/.content/bin/../lib/gcc/arm-none-eabi/12.3.1/../../../../arm-none-eabi/lib/thumb/v6-m/nofp\libc_nano.a(libc_a-exit.o)
_fflush_r                                         c:/users/xhex8/appdata/roaming/code/user/globalstorage/bmd.stm32-for-vscode/@xpack-dev-tools/arm-none-eabi-gcc/12.3.1-1.1.1/.content/bin/../lib/gcc/arm-none-eabi/12.3.1/../../../../arm-none-eabi/lib/thumb/v6-m/nofp\libc_nano.a(libc_a-fflush.o)
                                                  c:/users/xhex8/appdata/roaming/code/user/globalstorage/bmd.stm32-for-vscode/@xpack-dev-tools/arm-none-eabi-gcc/12.3.1-1.1.1/.content/bin/../lib/gcc/arm-none-eabi/12.3.1/../../../../arm-none-eabi/lib/thumb/v6-m/nofp\libc_nano.a(libc_a-findfp.o)
_fini                                             c:/users/xhex8/appdata/roaming/code/user/globalstorage/bmd.stm32-for-vscode/@xpack-dev-tools/arm-none-eabi-gcc/12.3.1-1.1.1/.content/bin/../lib/gcc/arm-none-eabi/12.3.1/thumb/v6-m/nofp/crti.o
                                                  c:/users/xhex8/appdata/roaming/code/user/globalstorage/bmd.stm32-for-vscode/@xpack-dev-tools/arm-none-eabi-gcc/12.3.1-1.1.1/.content/bin/../lib/gcc/arm-none-eabi/12.3.1/../../../../arm-none-eabi/lib/thumb/v6-m/nofp\libc_nano.a(libc_a-fini.o)
_fork                                             build/syscalls.o
_free_r                                           c:/users/xhex8/appdata/roaming/code/user/globalstorage/bmd.stm32-for-vscode/@xpack-dev-tools/arm-none-eabi-gcc/12.3.1-1.1.1/.content/bin/../lib/gcc/arm-none-eabi/12.3.1/../../../../arm-none-eabi/lib/thumb/v6-m/nofp\libc_nano.a(libc_a-freer.o)
                                                  c:/users/xhex8/appdata/roaming/code/user/globalstorage/bmd.stm32-for-vscode/@xpack-dev-tools/arm-none-eabi-gcc/12.3.1-1.1.1/.content/bin/../lib/gcc/arm-none-eabi/12.3.1/../../../../arm-none-eabi/lib/thumb/v6-m/nofp\libc_nano.a(libc_a-fflush.o)
                                                  c:/users/xhex8/appdata/roaming/code/user/globalstorage/bmd.stm32-for-vscode/@xpack-dev-tools/arm-none-eabi-gcc/12.3.1-1.1.1/.content/bin/../lib/gcc/arm-none-eabi/12.3.1/../../../../arm-none-eabi/lib/thumb/v6-m/nofp\libc_nano.a(libc_a-reent.o)
_fstat                                            build/syscalls.o
_fwalk_sglue                                      c:/users/xhex8/appdata/roaming/code/user/globalstorage/bmd.stm32-for-vscode/@xpack-dev-tools/arm-none-eabi-gcc/12.3.1-1.1.1/.content/bin/../lib/gcc/arm-none-eabi/12.3.1/../../../../arm-none-eabi/lib/thumb/v6-m/nofp\libc_nano.a(libc_a-fwalk.o)
                                                  c:/users/xhex8/appdata/roaming/code/user/globalstorage/bmd.stm32-for-vscode/@xpack-dev-tools/arm-none-eabi-gcc/12.3.1-1.1.1/.content/bin/../lib/gcc/arm-none-eabi/12.3.1/../../../../arm-none-eabi/lib/thumb/v6-m/nofp\libc_nano.a(libc_a-fflush.o)
                                                  c:/users/xhex8/appdata/roaming/code/user/globalstorage/bmd.stm32-for-vscode/@xpack-dev-tools/arm-none-eabi-gcc/12.3.1-1.1.1/.content/bin/../lib/gcc/arm-none-eabi/12.3.1/../../../../arm-none-eabi/lib/thumb/v6-m/nofp\libc_nano.a(libc_a-findfp.o)
_getpid                                           build/syscalls.o
_impure_data                                      c:/users/xhex8/appdata/roaming/code/user/globalstorage/bmd.stm32-for-vscode/@xpack-dev-tools/arm-none-eabi-gcc/12.3.1-1.1.1/.content/bin/../lib/gcc/arm-none-eabi/12.3.1/../../../../arm-none-eabi/lib/thumb/v6-m/nofp\libc_nano.a(libc_a-impure.o)
                                                  c:/users/xhex8/appdata/roaming/code/user/globalstorage/bmd.stm32-for-vscode/@xpack-dev-tools/arm-none-eabi-gcc/12.3.1-1.1.1/.content/bin/../lib/gcc/arm-none-eabi/12.3.1/../../../../arm-none-eabi/lib/thumb/v6-m/nofp\libc_nano.a(libc_a-fflush.o)
                                                  c:/users/xhex8/appdata/roaming/code/user/globalstorage/bmd.stm32-for-vscode/@xpack-dev-tools/arm-none-eabi-gcc/12.3.1-1.1.1/.content/bin/../lib/gcc/arm-none-eabi/12.3.1/../../../../arm-none-eabi/lib/thumb/v6-m/nofp\libc_nano.a(libc_a-findfp.o)
_impure_ptr                                       c:/users/xhex8/appdata/roaming/code/user/globalstorage/bmd.stm32-for-vscode/@xpack-dev-tools/arm-none-eabi-gcc/12.3.1-1.1.1/.content/bin/../lib/gcc/arm-none-eabi/12.3.1/../../../../arm-none-eabi/lib/thumb/v6-m/nofp\libc_nano.a(libc_a-impure.o)
                                                  c:/users/xhex8/appdata/roaming/code/user/globalstorage/bmd.stm32-for-vscode/@xpack-dev-tools/arm-none-eabi-gcc/12.3.1-1.1.1/.content/bin/../lib/gcc/arm-none-eabi/12.3.1/../../../../arm-none-eabi/lib/thumb/v6-m/nofp\libc_nano.a(libc_a-fflush.o)
                                                  c:/users/xhex8/appdata/roaming/code/user/globalstorage/bmd.stm32-for-vscode/@xpack-dev-tools/arm-none-eabi-gcc/12.3.1-1.1.1/.content/bin/../lib/gcc/arm-none-eabi/12.3.1/../../../../arm-none-eabi/lib/thumb/v6-m/nofp\libc_nano.a(libc_a-errno.o)
                                                  c:/users/xhex8/appdata/roaming/code/user/globalstorage/bmd.stm32-for-vscode/@xpack-dev-tools/arm-none-eabi-gcc/12.3.1-1.1.1/.content/bin/../lib/gcc/arm-none-eabi/12.3.1/../../../../arm-none-eabi/lib/thumb/v6-m/nofp\libc_nano.a(libc_a-reent.o)
_init                                             c:/users/xhex8/appdata/roaming/code/user/globalstorage/bmd.stm32-for-vscode/@xpack-dev-tools/arm-none-eabi-gcc/12.3.1-1.1.1/.content/bin/../lib/gcc/arm-none-eabi/12.3.1/thumb/v6-m/nofp/crti.o
                                                  c:/users/xhex8/appdata/roaming/code/user/globalstorage/bmd.stm32-for-vscode/@xpack-dev-tools/arm-none-eabi-gcc/12.3.1-1.1.1/.content/bin/../lib/gcc/arm-none-eabi/12.3.1/../../../../arm-none-eabi/lib/thumb/v6-m/nofp\libc_nano.a(libc_a-init.o)
_isatty                                           build/syscalls.o
_kill                                             build/syscalls.o
_link                                             build/syscalls.o
_lseek                                            build/syscalls.o
                                                  c:/users/xhex8/appdata/roaming/code/user/globalstorage/bmd.stm32-for-vscode/@xpack-dev-tools/arm-none-eabi-gcc/12.3.1-1.1.1/.content/bin/../lib/gcc/arm-none-eabi/12.3.1/../../../../arm-none-eabi/lib/thumb/v6-m/nofp\libc_nano.a(libc_a-lseekr.o)
_lseek_r                                          c:/users/xhex8/appdata/roaming/code/user/globalstorage/bmd.stm32-for-vscode/@xpack-dev-tools/arm-none-eabi-gcc/12.3.1-1.1.1/.content/bin/../lib/gcc/arm-none-eabi/12.3.1/../../../../arm-none-eabi/lib/thumb/v6-m/nofp\libc_nano.a(libc_a-lseekr.o)
                                                  c:/users/xhex8/appdata/roaming/code/user/globalstorage/bmd.stm32-for-vscode/@xpack-dev-tools/arm-none-eabi-gcc/12.3.1-1.1.1/.content/bin/../lib/gcc/arm-none-eabi/12.3.1/../../../../arm-none-eabi/lib/thumb/v6-m/nofp\libc_nano.a(libc_a-stdio.o)
_mainCRTStartup                                   c:/users/xhex8/appdata/roaming/code/user/globalstorage/bmd.stm32-for-vscode/@xpack-dev-tools/arm-none-eabi-gcc/12.3.1-1.1.1/.content/bin/../lib/gcc/arm-none-eabi/12.3.1/../../../../arm-none-eabi/lib/thumb/v6-m/nofp/crt0.o
_malloc_r                                         c:/users/xhex8/appdata/roaming/code/user/globalstorage/bmd.stm32-for-vscode/@xpack-dev-tools/arm-none-eabi-gcc/12.3.1-1.1.1/.content/bin/../lib/gcc/arm-none-eabi/12.3.1/../../../../arm-none-eabi/lib/thumb/v6-m/nofp\libc_nano.a(libc_a-mallocr.o)
                                                  c:/users/xhex8/appdata/roaming/code/user/globalstorage/bmd.stm32-for-vscode/@xpack-dev-tools/arm-none-eabi-gcc/12.3.1-1.1.1/.content/bin/../lib/gcc/arm-none-eabi/12.3.1/../../../../arm-none-eabi/lib/thumb/v6-m/nofp\libc_nano.a(libc_a-findfp.o)
_open                                             build/syscalls.o
_read                                             build/syscalls.o
                                                  c:/users/xhex8/appdata/roaming/code/user/globalstorage/bmd.stm32-for-vscode/@xpack-dev-tools/arm-none-eabi-gcc/12.3.1-1.1.1/.content/bin/../lib/gcc/arm-none-eabi/12.3.1/../../../../arm-none-eabi/lib/thumb/v6-m/nofp\libc_nano.a(libc_a-readr.o)
_read_r                                           c:/users/xhex8/appdata/roaming/code/user/globalstorage/bmd.stm32-for-vscode/@xpack-dev-tools/arm-none-eabi-gcc/12.3.1-1.1.1/.content/bin/../lib/gcc/arm-none-eabi/12.3.1/../../../../arm-none-eabi/lib/thumb/v6-m/nofp\libc_nano.a(libc_a-readr.o)
                                                  c:/users/xhex8/appdata/roaming/code/user/globalstorage/bmd.stm32-for-vscode/@xpack-dev-tools/arm-none-eabi-gcc/12.3.1-1.1.1/.content/bin/../lib/gcc/arm-none-eabi/12.3.1/../../../../arm-none-eabi/lib/thumb/v6-m/nofp\libc_nano.a(libc_a-stdio.o)
_reclaim_reent                                    c:/users/xhex8/appdata/roaming/code/user/globalstorage/bmd.stm32-for-vscode/@xpack-dev-tools/arm-none-eabi-gcc/12.3.1-1.1.1/.content/bin/../lib/gcc/arm-none-eabi/12.3.1/../../../../arm-none-eabi/lib/thumb/v6-m/nofp\libc_nano.a(libc_a-reent.o)
_sbrk                                             build/sysmem.o
                                                  c:/users/xhex8/appdata/roaming/code/user/globalstorage/bmd.stm32-for-vscode/@xpack-dev-tools/arm-none-eabi-gcc/12.3.1-1.1.1/.content/bin/../lib/gcc/arm-none-eabi/12.3.1/../../../../arm-none-eabi/lib/thumb/v6-m/nofp\libc_nano.a(libc_a-sbrkr.o)
_sbrk_r                                           c:/users/xhex8/appdata/roaming/code/user/globalstorage/bmd.stm32-for-vscode/@xpack-dev-tools/arm-none-eabi-gcc/12.3.1-1.1.1/.content/bin/../lib/gcc/arm-none-eabi/12.3.1/../../../../arm-none-eabi/lib/thumb/v6-m/nofp\libc_nano.a(libc_a-sbrkr.o)
                                                  c:/users/xhex8/appdata/roaming/code/user/globalstorage/bmd.stm32-for-vscode/@xpack-dev-tools/arm-none-eabi-gcc/12.3.1-1.1.1/.content/bin/../lib/gcc/arm-none-eabi/12.3.1/../../../../arm-none-eabi/lib/thumb/v6-m/nofp\libc_nano.a(libc_a-mallocr.o)
_sbss                                             build/startup_stm32c011xx.o
_sdata                                            build/startup_stm32c011xx.o
_sidata                                           build/startup_stm32c011xx.o
_stack_init                                       c:/users/xhex8/appdata/roaming/code/user/globalstorage/bmd.stm32-for-vscode/@xpack-dev-tools/arm-none-eabi-gcc/12.3.1-1.1.1/.content/bin/../lib/gcc/arm-none-eabi/12.3.1/../../../../arm-none-eabi/lib/thumb/v6-m/nofp/crt0.o
_start                                            c:/users/xhex8/appdata/roaming/code/user/globalstorage/bmd.stm32-for-vscode/@xpack-dev-tools/arm-none-eabi-gcc/12.3.1-1.1.1/.content/bin/../lib/gcc/arm-none-eabi/12.3.1/../../../../arm-none-eabi/lib/thumb/v6-m/nofp/crt0.o
_stat                                             build/syscalls.o
_times                                            build/syscalls.o
_unlink                                           build/syscalls.o
_wait                                             build/syscalls.o
_write                                            build/syscalls.o